Archive member included to satisfy reference by file (symbol)

c:/st/stm32cubeide_1.3.0/stm32cubeide/plugins/com.st.stm32cube.ide.mcu.externaltools.gnu-tools-for-stm32.7-2018-q2-update.win32_1.0.0.201904181610/tools/bin/../lib/gcc/arm-none-eabi/7.3.1/../../../../arm-none-eabi/lib/thumb/v7e-m/fpv4-sp/hard\libc_nano.a(lib_a-errno.o)
                              Core/Src/syscalls.o (__errno)
c:/st/stm32cubeide_1.3.0/stm32cubeide/plugins/com.st.stm32cube.ide.mcu.externaltools.gnu-tools-for-stm32.7-2018-q2-update.win32_1.0.0.201904181610/tools/bin/../lib/gcc/arm-none-eabi/7.3.1/../../../../arm-none-eabi/lib/thumb/v7e-m/fpv4-sp/hard\libc_nano.a(lib_a-exit.o)
                              c:/st/stm32cubeide_1.3.0/stm32cubeide/plugins/com.st.stm32cube.ide.mcu.externaltools.gnu-tools-for-stm32.7-2018-q2-update.win32_1.0.0.201904181610/tools/bin/../lib/gcc/arm-none-eabi/7.3.1/../../../../arm-none-eabi/lib/thumb/v7e-m/fpv4-sp/hard/crt0.o (exit)
c:/st/stm32cubeide_1.3.0/stm32cubeide/plugins/com.st.stm32cube.ide.mcu.externaltools.gnu-tools-for-stm32.7-2018-q2-update.win32_1.0.0.201904181610/tools/bin/../lib/gcc/arm-none-eabi/7.3.1/../../../../arm-none-eabi/lib/thumb/v7e-m/fpv4-sp/hard\libc_nano.a(lib_a-impure.o)
                              c:/st/stm32cubeide_1.3.0/stm32cubeide/plugins/com.st.stm32cube.ide.mcu.externaltools.gnu-tools-for-stm32.7-2018-q2-update.win32_1.0.0.201904181610/tools/bin/../lib/gcc/arm-none-eabi/7.3.1/../../../../arm-none-eabi/lib/thumb/v7e-m/fpv4-sp/hard\libc_nano.a(lib_a-exit.o) (_global_impure_ptr)
c:/st/stm32cubeide_1.3.0/stm32cubeide/plugins/com.st.stm32cube.ide.mcu.externaltools.gnu-tools-for-stm32.7-2018-q2-update.win32_1.0.0.201904181610/tools/bin/../lib/gcc/arm-none-eabi/7.3.1/../../../../arm-none-eabi/lib/thumb/v7e-m/fpv4-sp/hard\libc_nano.a(lib_a-init.o)
                              c:/st/stm32cubeide_1.3.0/stm32cubeide/plugins/com.st.stm32cube.ide.mcu.externaltools.gnu-tools-for-stm32.7-2018-q2-update.win32_1.0.0.201904181610/tools/bin/../lib/gcc/arm-none-eabi/7.3.1/../../../../arm-none-eabi/lib/thumb/v7e-m/fpv4-sp/hard/crt0.o (__libc_init_array)
c:/st/stm32cubeide_1.3.0/stm32cubeide/plugins/com.st.stm32cube.ide.mcu.externaltools.gnu-tools-for-stm32.7-2018-q2-update.win32_1.0.0.201904181610/tools/bin/../lib/gcc/arm-none-eabi/7.3.1/../../../../arm-none-eabi/lib/thumb/v7e-m/fpv4-sp/hard\libc_nano.a(lib_a-memcmp.o)
                              common/thirdparty/SEGGER/OS/SEGGER_SYSVIEW_FreeRTOS.o (memcmp)
c:/st/stm32cubeide_1.3.0/stm32cubeide/plugins/com.st.stm32cube.ide.mcu.externaltools.gnu-tools-for-stm32.7-2018-q2-update.win32_1.0.0.201904181610/tools/bin/../lib/gcc/arm-none-eabi/7.3.1/../../../../arm-none-eabi/lib/thumb/v7e-m/fpv4-sp/hard\libc_nano.a(lib_a-memcpy-stub.o)
                              common/thirdparty/FreeRTOS/queue.o (memcpy)
c:/st/stm32cubeide_1.3.0/stm32cubeide/plugins/com.st.stm32cube.ide.mcu.externaltools.gnu-tools-for-stm32.7-2018-q2-update.win32_1.0.0.201904181610/tools/bin/../lib/gcc/arm-none-eabi/7.3.1/../../../../arm-none-eabi/lib/thumb/v7e-m/fpv4-sp/hard\libc_nano.a(lib_a-memset.o)
                              c:/st/stm32cubeide_1.3.0/stm32cubeide/plugins/com.st.stm32cube.ide.mcu.externaltools.gnu-tools-for-stm32.7-2018-q2-update.win32_1.0.0.201904181610/tools/bin/../lib/gcc/arm-none-eabi/7.3.1/../../../../arm-none-eabi/lib/thumb/v7e-m/fpv4-sp/hard/crt0.o (memset)
c:/st/stm32cubeide_1.3.0/stm32cubeide/plugins/com.st.stm32cube.ide.mcu.externaltools.gnu-tools-for-stm32.7-2018-q2-update.win32_1.0.0.201904181610/tools/bin/../lib/gcc/arm-none-eabi/7.3.1/../../../../arm-none-eabi/lib/thumb/v7e-m/fpv4-sp/hard\libc_nano.a(lib_a-strlen.o)
                              common/thirdparty/FreeRTOS/tasks.o (strlen)
c:/st/stm32cubeide_1.3.0/stm32cubeide/plugins/com.st.stm32cube.ide.mcu.externaltools.gnu-tools-for-stm32.7-2018-q2-update.win32_1.0.0.201904181610/tools/bin/../lib/gcc/arm-none-eabi/7.3.1/thumb/v7e-m/fpv4-sp/hard\libgcc.a(_aeabi_uldivmod.o)
                              Drivers/STM32F4xx_HAL_Driver/Src/stm32f4xx_hal_rcc.o (__aeabi_uldivmod)
c:/st/stm32cubeide_1.3.0/stm32cubeide/plugins/com.st.stm32cube.ide.mcu.externaltools.gnu-tools-for-stm32.7-2018-q2-update.win32_1.0.0.201904181610/tools/bin/../lib/gcc/arm-none-eabi/7.3.1/thumb/v7e-m/fpv4-sp/hard\libgcc.a(_udivmoddi4.o)
                              c:/st/stm32cubeide_1.3.0/stm32cubeide/plugins/com.st.stm32cube.ide.mcu.externaltools.gnu-tools-for-stm32.7-2018-q2-update.win32_1.0.0.201904181610/tools/bin/../lib/gcc/arm-none-eabi/7.3.1/thumb/v7e-m/fpv4-sp/hard\libgcc.a(_aeabi_uldivmod.o) (__udivmoddi4)
c:/st/stm32cubeide_1.3.0/stm32cubeide/plugins/com.st.stm32cube.ide.mcu.externaltools.gnu-tools-for-stm32.7-2018-q2-update.win32_1.0.0.201904181610/tools/bin/../lib/gcc/arm-none-eabi/7.3.1/thumb/v7e-m/fpv4-sp/hard\libgcc.a(_dvmd_tls.o)
[...]
Memory Configuration

Name             Origin             Length             Attributes
RAM              0x0000000020000000 0x0000000000020000 xrw
FLASH            0x0000000008000000 0x0000000000080000 xr
*default*        0x0000000000000000 0xffffffffffffffff

Linker script and memory map

LOAD c:/st/stm32cubeide_1.3.0/stm32cubeide/plugins/com.st.stm32cube.ide.mcu.externaltools.gnu-tools-for-stm32.7-2018-q2-update.win32_1.0.0.201904181610/tools/bin/../lib/gcc/arm-none-eabi/7.3.1/thumb/v7e-m/fpv4-sp/hard/crti.o
LOAD c:/st/stm32cubeide_1.3.0/stm32cubeide/plugins/com.st.stm32cube.ide.mcu.externaltools.gnu-tools-for-stm32.7-2018-q2-update.win32_1.0.0.201904181610/tools/bin/../lib/gcc/arm-none-eabi/7.3.1/thumb/v7e-m/fpv4-sp/hard/crtbegin.o
LOAD c:/st/stm32cubeide_1.3.0/stm32cubeide/plugins/com.st.stm32cube.ide.mcu.externaltools.gnu-tools-for-stm32.7-2018-q2-update.win32_1.0.0.201904181610/tools/bin/../lib/gcc/arm-none-eabi/7.3.1/../../../../arm-none-eabi/lib/thumb/v7e-m/fpv4-sp/hard/crt0.o
LOAD Core/Src/main.o
LOAD Core/Src/stm32f4xx_hal_msp.o
LOAD Core/Src/stm32f4xx_hal_timebase_tim.o
LOAD Core/Src/stm32f4xx_it.o
LOAD Core/Src/syscalls.o
LOAD Core/Src/sysmem.o
LOAD Core/Src/system_stm32f4xx.o
LOAD Core/Startup/startup_stm32f446retx.o
LOAD Drivers/STM32F4xx_HAL_Driver/Src/stm32f4xx_hal.o
LOAD Drivers/STM32F4xx_HAL_Driver/Src/stm32f4xx_hal_cortex.o
LOAD Drivers/STM32F4xx_HAL_Driver/Src/stm32f4xx_hal_dma.o
LOAD Drivers/STM32F4xx_HAL_Driver/Src/stm32f4xx_hal_dma_ex.o
LOAD Drivers/STM32F4xx_HAL_Driver/Src/stm32f4xx_hal_exti.o
LOAD Drivers/STM32F4xx_HAL_Driver/Src/stm32f4xx_hal_flash.o
LOAD Drivers/STM32F4xx_HAL_Driver/Src/stm32f4xx_hal_flash_ex.o
LOAD Drivers/STM32F4xx_HAL_Driver/Src/stm32f4xx_hal_flash_ramfunc.o
LOAD Drivers/STM32F4xx_HAL_Driver/Src/stm32f4xx_hal_gpio.o
LOAD Drivers/STM32F4xx_HAL_Driver/Src/stm32f4xx_hal_pwr.o
LOAD Drivers/STM32F4xx_HAL_Driver/Src/stm32f4xx_hal_pwr_ex.o
LOAD Drivers/STM32F4xx_HAL_Driver/Src/stm32f4xx_hal_rcc.o
LOAD Drivers/STM32F4xx_HAL_Driver/Src/stm32f4xx_hal_rcc_ex.o
LOAD Drivers/STM32F4xx_HAL_Driver/Src/stm32f4xx_hal_tim.o
LOAD Drivers/STM32F4xx_HAL_Driver/Src/stm32f4xx_hal_tim_ex.o
LOAD common/thirdparty/FreeRTOS/croutine.o
LOAD common/thirdparty/FreeRTOS/event_groups.o
LOAD common/thirdparty/FreeRTOS/list.o
LOAD common/thirdparty/FreeRTOS/queue.o
LOAD common/thirdparty/FreeRTOS/stream_buffer.o
LOAD common/thirdparty/FreeRTOS/tasks.o
LOAD common/thirdparty/FreeRTOS/timers.o
LOAD common/thirdparty/FreeRTOS/portable/GCC/ARM_CM4F/port.o
LOAD common/thirdparty/FreeRTOS/portable/MemMang/heap_4.o
LOAD common/thirdparty/SEGGER/Config/SEGGER_SYSVIEW_Config_FreeRTOS.o
LOAD common/thirdparty/SEGGER/OS/SEGGER_SYSVIEW_FreeRTOS.o
LOAD common/thirdparty/SEGGER/Rec/segger_uart.o
LOAD common/thirdparty/SEGGER/SEGGER/SEGGER_RTT.o
LOAD common/thirdparty/SEGGER/SEGGER/SEGGER_RTT_ASM_ARMv7M.o
LOAD common/thirdparty/SEGGER/SEGGER/SEGGER_RTT_printf.o
LOAD common/thirdparty/SEGGER/SEGGER/SEGGER_SYSVIEW.o
LOAD common/thirdparty/SEGGER/SEGGER/Syscalls/SEGGER_RTT_Syscalls_GCC.o
START GROUP
LOAD c:/st/stm32cubeide_1.3.0/stm32cubeide/plugins/com.st.stm32cube.ide.mcu.externaltools.gnu-tools-for-stm32.7-2018-q2-update.win32_1.0.0.201904181610/tools/bin/../lib/gcc/arm-none-eabi/7.3.1/../../../../arm-none-eabi/lib/thumb/v7e-m/fpv4-sp/hard\libc_nano.a
LOAD c:/st/stm32cubeide_1.3.0/stm32cubeide/plugins/com.st.stm32cube.ide.mcu.externaltools.gnu-tools-for-stm32.7-2018-q2-update.win32_1.0.0.201904181610/tools/bin/../lib/gcc/arm-none-eabi/7.3.1/../../../../arm-none-eabi/lib/thumb/v7e-m/fpv4-sp/hard\libm.a
END GROUP
START GROUP
LOAD c:/st/stm32cubeide_1.3.0/stm32cubeide/plugins/com.st.stm32cube.ide.mcu.externaltools.gnu-tools-for-stm32.7-2018-q2-update.win32_1.0.0.201904181610/tools/bin/../lib/gcc/arm-none-eabi/7.3.1/thumb/v7e-m/fpv4-sp/hard\libgcc.a
LOAD c:/st/stm32cubeide_1.3.0/stm32cubeide/plugins/com.st.stm32cube.ide.mcu.externaltools.gnu-tools-for-stm32.7-2018-q2-update.win32_1.0.0.201904181610/tools/bin/../lib/gcc/arm-none-eabi/7.3.1/../../../../arm-none-eabi/lib/thumb/v7e-m/fpv4-sp/hard\libc_nano.a
END GROUP
START GROUP
LOAD c:/st/stm32cubeide_1.3.0/stm32cubeide/plugins/com.st.stm32cube.ide.mcu.externaltools.gnu-tools-for-stm32.7-2018-q2-update.win32_1.0.0.201904181610/tools/bin/../lib/gcc/arm-none-eabi/7.3.1/thumb/v7e-m/fpv4-sp/hard\libgcc.a
LOAD c:/st/stm32cubeide_1.3.0/stm32cubeide/plugins/com.st.stm32cube.ide.mcu.externaltools.gnu-tools-for-stm32.7-2018-q2-update.win32_1.0.0.201904181610/tools/bin/../lib/gcc/arm-none-eabi/7.3.1/../../../../arm-none-eabi/lib/thumb/v7e-m/fpv4-sp/hard\libc_nano.a
LOAD c:/st/stm32cubeide_1.3.0/stm32cubeide/plugins/com.st.stm32cube.ide.mcu.externaltools.gnu-tools-for-stm32.7-2018-q2-update.win32_1.0.0.201904181610/tools/bin/../lib/gcc/arm-none-eabi/7.3.1/../../../../arm-none-eabi/lib/thumb/v7e-m/fpv4-sp/hard\libnosys.a
END GROUP
START GROUP
LOAD c:/st/stm32cubeide_1.3.0/stm32cubeide/plugins/com.st.stm32cube.ide.mcu.externaltools.gnu-tools-for-stm32.7-2018-q2-update.win32_1.0.0.201904181610/tools/bin/../lib/gcc/arm-none-eabi/7.3.1/thumb/v7e-m/fpv4-sp/hard\libgcc.a
LOAD c:/st/stm32cubeide_1.3.0/stm32cubeide/plugins/com.st.stm32cube.ide.mcu.externaltools.gnu-tools-for-stm32.7-2018-q2-update.win32_1.0.0.201904181610/tools/bin/../lib/gcc/arm-none-eabi/7.3.1/../../../../arm-none-eabi/lib/thumb/v7e-m/fpv4-sp/hard\libc_nano.a
LOAD c:/st/stm32cubeide_1.3.0/stm32cubeide/plugins/com.st.stm32cube.ide.mcu.externaltools.gnu-tools-for-stm32.7-2018-q2-update.win32_1.0.0.201904181610/tools/bin/../lib/gcc/arm-none-eabi/7.3.1/../../../../arm-none-eabi/lib/thumb/v7e-m/fpv4-sp/hard\libnosys.a
END GROUP
LOAD c:/st/stm32cubeide_1.3.0/stm32cubeide/plugins/com.st.stm32cube.ide.mcu.externaltools.gnu-tools-for-stm32.7-2018-q2-update.win32_1.0.0.201904181610/tools/bin/../lib/gcc/arm-none-eabi/7.3.1/thumb/v7e-m/fpv4-sp/hard/crtend.o
LOAD c:/st/stm32cubeide_1.3.0/stm32cubeide/plugins/com.st.stm32cube.ide.mcu.externaltools.gnu-tools-for-stm32.7-2018-q2-update.win32_1.0.0.201904181610/tools/bin/../lib/gcc/arm-none-eabi/7.3.1/thumb/v7e-m/fpv4-sp/hard/crtn.o
                0x0000000020020000                _estack = (ORIGIN (RAM) + LENGTH (RAM))
                0x0000000000000200                _Min_Heap_Size = 0x200
                0x0000000000000400                _Min_Stack_Size = 0x400

.isr_vector     0x0000000008000000      0x1c4
                0x0000000008000000                . = ALIGN (0x4)
 *(.isr_vector)
 .isr_vector    0x0000000008000000      0x1c4 Core/Startup/startup_stm32f446retx.o
                0x0000000008000000                g_pfnVectors
                0x00000000080001c4                . = ALIGN (0x4)

.text           0x00000000080001d0     0x6d14
                0x00000000080001d0                . = ALIGN (0x4)
 *(.text)
 .text          0x00000000080001d0       0x40 c:/st/stm32cubeide_1.3.0/stm32cubeide/plugins/com.st.stm32cube.ide.mcu.externaltools.gnu-tools-for-stm32.7-2018-q2-update.win32_1.0.0.201904181610/tools/bin/../lib/gcc/arm-none-eabi/7.3.1/thumb/v7e-m/fpv4-sp/hard/crtbegin.o
 .text          0x0000000008000210       0x94 common/thirdparty/SEGGER/SEGGER/SEGGER_RTT_ASM_ARMv7M.o
                0x0000000008000210                SEGGER_RTT_ASM_WriteSkipNoLock
 .text          0x00000000080002a4       0x30 c:/st/stm32cubeide_1.3.0/stm32cubeide/plugins/com.st.stm32cube.ide.mcu.externaltools.gnu-tools-for-stm32.7-2018-q2-update.win32_1.0.0.201904181610/tools/bin/../lib/gcc/arm-none-eabi/7.3.1/thumb/v7e-m/fpv4-sp/hard\libgcc.a(_aeabi_uldivmod.o)
                0x00000000080002a4                __aeabi_uldivmod
 .text          0x00000000080002d4      0x2cc c:/st/stm32cubeide_1.3.0/stm32cubeide/plugins/com.st.stm32cube.ide.mcu.externaltools.gnu-tools-for-stm32.7-2018-q2-update.win32_1.0.0.201904181610/tools/bin/../lib/gcc/arm-none-eabi/7.3.1/thumb/v7e-m/fpv4-sp/hard\libgcc.a(_udivmoddi4.o)
                0x00000000080002d4                __udivmoddi4
 .text          0x00000000080005a0        0x4 c:/st/stm32cubeide_1.3.0/stm32cubeide/plugins/com.st.stm32cube.ide.mcu.externaltools.gnu-tools-for-stm32.7-2018-q2-update.win32_1.0.0.201904181610/tools/bin/../lib/gcc/arm-none-eabi/7.3.1/thumb/v7e-m/fpv4-sp/hard\libgcc.a(_dvmd_tls.o)
                0x00000000080005a0                __aeabi_idiv0
                0x00000000080005a0                __aeabi_ldiv0
 *(.text*)
 .text.main     0x00000000080005a4       0xe4 Core/Src/main.o
                0x00000000080005a4                main
 .text.SystemClock_Config
                0x0000000008000688       0xd8 Core/Src/main.o
                0x0000000008000688                SystemClock_Config
 .text.MX_GPIO_Init
                0x0000000008000760      0x154 Core/Src/main.o
 .text.LedGreenTask
                0x00000000080008b4       0x2c Core/Src/main.o
                0x00000000080008b4                LedGreenTask
 .text.LedRedTask
                0x00000000080008e0       0x34 Core/Src/main.o
                0x00000000080008e0                LedRedTask
 .text.LedYellowTask
                0x0000000008000914       0x28 Core/Src/main.o
                0x0000000008000914                LedYellowTask
 .text.vApplicationIdleHook
                0x000000000800093c       0x10 Core/Src/main.o
                0x000000000800093c                vApplicationIdleHook
 .text.HAL_TIM_PeriodElapsedCallback
                0x000000000800094c       0x24 Core/Src/main.o
                0x000000000800094c                HAL_TIM_PeriodElapsedCallback
 .text.Error_Handler
                0x0000000008000970        0xe Core/Src/main.o
                0x0000000008000970                Error_Handler
 *fill*         0x000000000800097e        0x2 
 .text.HAL_MspInit
                0x0000000008000980       0x50 Core/Src/stm32f4xx_hal_msp.o
                0x0000000008000980                HAL_MspInit
 .text.HAL_InitTick
                0x00000000080009d0       0xb4 Core/Src/stm32f4xx_hal_timebase_tim.o
                0x00000000080009d0                HAL_InitTick
 .text.NMI_Handler
                0x0000000008000a84        0xe Core/Src/stm32f4xx_it.o
                0x0000000008000a84                NMI_Handler
 .text.HardFault_Handler
                0x0000000008000a92        0x6 Core/Src/stm32f4xx_it.o
                0x0000000008000a92                HardFault_Handler
 .text.MemManage_Handler
                0x0000000008000a98        0x6 Core/Src/stm32f4xx_it.o
                0x0000000008000a98                MemManage_Handler
 .text.BusFault_Handler
                0x0000000008000a9e        0x6 Core/Src/stm32f4xx_it.o
                0x0000000008000a9e                BusFault_Handler
 .text.UsageFault_Handler
                0x0000000008000aa4        0x6 Core/Src/stm32f4xx_it.o
                0x0000000008000aa4                UsageFault_Handler
 .text.DebugMon_Handler
                0x0000000008000aaa        0xe Core/Src/stm32f4xx_it.o
                0x0000000008000aaa                DebugMon_Handler
 .text.TIM5_IRQHandler
                0x0000000008000ab8       0x14 Core/Src/stm32f4xx_it.o
                0x0000000008000ab8                TIM5_IRQHandler
 .text.SystemInit
                0x0000000008000acc       0x2c Core/Src/system_stm32f4xx.o
                0x0000000008000acc                SystemInit
 .text.Reset_Handler
                0x0000000008000af8       0x50 Core/Startup/startup_stm32f446retx.o
                0x0000000008000af8                Reset_Handler
 .text.Default_Handler
                0x0000000008000b48        0x2 Core/Startup/startup_stm32f446retx.o
                0x0000000008000b48                RTC_Alarm_IRQHandler
                0x0000000008000b48                EXTI2_IRQHandler
                0x0000000008000b48                TIM8_CC_IRQHandler
                0x0000000008000b48                FMPI2C1_EV_IRQHandler
                0x0000000008000b48                SPI4_IRQHandler
                0x0000000008000b48                TIM1_CC_IRQHandler
                0x0000000008000b48                DMA2_Stream5_IRQHandler
                0x0000000008000b48                DMA1_Stream5_IRQHandler
                0x0000000008000b48                PVD_IRQHandler
                0x0000000008000b48                SDIO_IRQHandler
                0x0000000008000b48                TAMP_STAMP_IRQHandler
                0x0000000008000b48                CAN2_RX1_IRQHandler
                0x0000000008000b48                EXTI3_IRQHandler
                0x0000000008000b48                TIM8_TRG_COM_TIM14_IRQHandler
                0x0000000008000b48                TIM1_UP_TIM10_IRQHandler
                0x0000000008000b48                TIM8_UP_TIM13_IRQHandler
                0x0000000008000b48                I2C3_ER_IRQHandler
                0x0000000008000b48                EXTI0_IRQHandler
                0x0000000008000b48                I2C2_EV_IRQHandler
                0x0000000008000b48                DMA1_Stream2_IRQHandler
                0x0000000008000b48                CAN1_RX0_IRQHandler
                0x0000000008000b48                FPU_IRQHandler
                0x0000000008000b48                OTG_HS_WKUP_IRQHandler
                0x0000000008000b48                CAN2_SCE_IRQHandler
                0x0000000008000b48                DMA2_Stream2_IRQHandler
                0x0000000008000b48                SPI1_IRQHandler
                0x0000000008000b48                TIM6_DAC_IRQHandler
                0x0000000008000b48                TIM1_BRK_TIM9_IRQHandler
                0x0000000008000b48                DCMI_IRQHandler
                0x0000000008000b48                CAN2_RX0_IRQHandler
                0x0000000008000b48                DMA2_Stream3_IRQHandler
                0x0000000008000b48                SAI2_IRQHandler
                0x0000000008000b48                USART6_IRQHandler
                0x0000000008000b48                USART3_IRQHandler
                0x0000000008000b48                CAN1_RX1_IRQHandler
                0x0000000008000b48                UART5_IRQHandler
                0x0000000008000b48                DMA2_Stream0_IRQHandler
                0x0000000008000b48                TIM4_IRQHandler
                0x0000000008000b48                QUADSPI_IRQHandler
                0x0000000008000b48                I2C1_EV_IRQHandler
                0x0000000008000b48                DMA1_Stream6_IRQHandler
                0x0000000008000b48                DMA1_Stream1_IRQHandler
                0x0000000008000b48                UART4_IRQHandler
                0x0000000008000b48                TIM3_IRQHandler
                0x0000000008000b48                RCC_IRQHandler
                0x0000000008000b48                TIM8_BRK_TIM12_IRQHandler
                0x0000000008000b48                Default_Handler
                0x0000000008000b48                CEC_IRQHandler
                0x0000000008000b48                EXTI15_10_IRQHandler
                0x0000000008000b48                ADC_IRQHandler
                0x0000000008000b48                DMA1_Stream7_IRQHandler
                0x0000000008000b48                TIM7_IRQHandler
                0x0000000008000b48                CAN2_TX_IRQHandler
                0x0000000008000b48                DMA2_Stream7_IRQHandler
                0x0000000008000b48                I2C3_EV_IRQHandler
                0x0000000008000b48                EXTI9_5_IRQHandler
                0x0000000008000b48                RTC_WKUP_IRQHandler
                0x0000000008000b48                SPDIF_RX_IRQHandler
                0x0000000008000b48                SPI2_IRQHandler
                0x0000000008000b48                OTG_HS_EP1_IN_IRQHandler
                0x0000000008000b48                DMA1_Stream0_IRQHandler
                0x0000000008000b48                CAN1_TX_IRQHandler
                0x0000000008000b48                FMPI2C1_ER_IRQHandler
                0x0000000008000b48                EXTI4_IRQHandler
                0x0000000008000b48                OTG_HS_EP1_OUT_IRQHandler
                0x0000000008000b48                WWDG_IRQHandler
                0x0000000008000b48                TIM2_IRQHandler
                0x0000000008000b48                OTG_FS_WKUP_IRQHandler
                0x0000000008000b48                TIM1_TRG_COM_TIM11_IRQHandler
                0x0000000008000b48                OTG_HS_IRQHandler
                0x0000000008000b48                EXTI1_IRQHandler
                0x0000000008000b48                I2C2_ER_IRQHandler
                0x0000000008000b48                DMA2_Stream1_IRQHandler
                0x0000000008000b48                CAN1_SCE_IRQHandler
                0x0000000008000b48                FLASH_IRQHandler
                0x0000000008000b48                DMA2_Stream4_IRQHandler
                0x0000000008000b48                USART1_IRQHandler
                0x0000000008000b48                OTG_FS_IRQHandler
                0x0000000008000b48                SPI3_IRQHandler
                0x0000000008000b48                DMA1_Stream4_IRQHandler
                0x0000000008000b48                I2C1_ER_IRQHandler
                0x0000000008000b48                FMC_IRQHandler
                0x0000000008000b48                DMA2_Stream6_IRQHandler
                0x0000000008000b48                SAI1_IRQHandler
                0x0000000008000b48                DMA1_Stream3_IRQHandler
 *fill*         0x0000000008000b4a        0x2 
 .text.HAL_Init
                0x0000000008000b4c       0x44 Drivers/STM32F4xx_HAL_Driver/Src/stm32f4xx_hal.o
                0x0000000008000b4c                HAL_Init
 .text.HAL_IncTick
                0x0000000008000b90       0x28 Drivers/STM32F4xx_HAL_Driver/Src/stm32f4xx_hal.o
                0x0000000008000b90                HAL_IncTick
 .text.HAL_GetTick
                0x0000000008000bb8       0x18 Drivers/STM32F4xx_HAL_Driver/Src/stm32f4xx_hal.o
                0x0000000008000bb8                HAL_GetTick
 .text.__NVIC_SetPriorityGrouping
                0x0000000008000bd0       0x48 Drivers/STM32F4xx_HAL_Driver/Src/stm32f4xx_hal_cortex.o
 .text.__NVIC_GetPriorityGrouping
                0x0000000008000c18       0x1c Drivers/STM32F4xx_HAL_Driver/Src/stm32f4xx_hal_cortex.o
 .text.__NVIC_EnableIRQ
                0x0000000008000c34       0x3c Drivers/STM32F4xx_HAL_Driver/Src/stm32f4xx_hal_cortex.o
 .text.__NVIC_SetPriority
                0x0000000008000c70       0x54 Drivers/STM32F4xx_HAL_Driver/Src/stm32f4xx_hal_cortex.o
 .text.NVIC_EncodePriority
                0x0000000008000cc4       0x66 Drivers/STM32F4xx_HAL_Driver/Src/stm32f4xx_hal_cortex.o
 .text.HAL_NVIC_SetPriorityGrouping
                0x0000000008000d2a       0x16 Drivers/STM32F4xx_HAL_Driver/Src/stm32f4xx_hal_cortex.o
                0x0000000008000d2a                HAL_NVIC_SetPriorityGrouping
 .text.HAL_NVIC_SetPriority
                0x0000000008000d40       0x38 Drivers/STM32F4xx_HAL_Driver/Src/stm32f4xx_hal_cortex.o
                0x0000000008000d40                HAL_NVIC_SetPriority
 .text.HAL_NVIC_EnableIRQ
                0x0000000008000d78       0x1c Drivers/STM32F4xx_HAL_Driver/Src/stm32f4xx_hal_cortex.o
                0x0000000008000d78                HAL_NVIC_EnableIRQ
 .text.HAL_GPIO_Init
                0x0000000008000d94      0x324 Drivers/STM32F4xx_HAL_Driver/Src/stm32f4xx_hal_gpio.o
                0x0000000008000d94                HAL_GPIO_Init
 .text.HAL_GPIO_WritePin
                0x00000000080010b8       0x32 Drivers/STM32F4xx_HAL_Driver/Src/stm32f4xx_hal_gpio.o
                0x00000000080010b8                HAL_GPIO_WritePin
 .text.HAL_GPIO_TogglePin
                0x00000000080010ea       0x36 Drivers/STM32F4xx_HAL_Driver/Src/stm32f4xx_hal_gpio.o
                0x00000000080010ea                HAL_GPIO_TogglePin
 .text.HAL_PWR_EnterSLEEPMode
                0x0000000008001120       0x38 Drivers/STM32F4xx_HAL_Driver/Src/stm32f4xx_hal_pwr.o
                0x0000000008001120                HAL_PWR_EnterSLEEPMode
 .text.HAL_RCC_ClockConfig
                0x0000000008001158      0x1cc Drivers/STM32F4xx_HAL_Driver/Src/stm32f4xx_hal_rcc.o
                0x0000000008001158                HAL_RCC_ClockConfig
 .text.HAL_RCC_GetHCLKFreq
                0x0000000008001324       0x18 Drivers/STM32F4xx_HAL_Driver/Src/stm32f4xx_hal_rcc.o
                0x0000000008001324                HAL_RCC_GetHCLKFreq
 .text.HAL_RCC_GetPCLK1Freq
                0x000000000800133c       0x28 Drivers/STM32F4xx_HAL_Driver/Src/stm32f4xx_hal_rcc.o
                0x000000000800133c                HAL_RCC_GetPCLK1Freq
 .text.HAL_RCC_GetClockConfig
                0x0000000008001364       0x64 Drivers/STM32F4xx_HAL_Driver/Src/stm32f4xx_hal_rcc.o
                0x0000000008001364                HAL_RCC_GetClockConfig
 .text.HAL_RCC_GetSysClockFreq
                0x00000000080013c8      0x340 Drivers/STM32F4xx_HAL_Driver/Src/stm32f4xx_hal_rcc_ex.o
                0x00000000080013c8                HAL_RCC_GetSysClockFreq
 .text.HAL_RCC_OscConfig
                0x0000000008001708      0x4b4 Drivers/STM32F4xx_HAL_Driver/Src/stm32f4xx_hal_rcc_ex.o
                0x0000000008001708                HAL_RCC_OscConfig
 .text.HAL_TIM_Base_Init
                0x0000000008001bbc       0x56 Drivers/STM32F4xx_HAL_Driver/Src/stm32f4xx_hal_tim.o
                0x0000000008001bbc                HAL_TIM_Base_Init
 .text.HAL_TIM_Base_MspInit
                0x0000000008001c12       0x14 Drivers/STM32F4xx_HAL_Driver/Src/stm32f4xx_hal_tim.o
                0x0000000008001c12                HAL_TIM_Base_MspInit
 .text.HAL_TIM_Base_Start_IT
                0x0000000008001c26       0x48 Drivers/STM32F4xx_HAL_Driver/Src/stm32f4xx_hal_tim.o
                0x0000000008001c26                HAL_TIM_Base_Start_IT
 .text.HAL_TIM_IRQHandler
                0x0000000008001c6e      0x210 Drivers/STM32F4xx_HAL_Driver/Src/stm32f4xx_hal_tim.o
                0x0000000008001c6e                HAL_TIM_IRQHandler
 .text.HAL_TIM_OC_DelayElapsedCallback
                0x0000000008001e7e       0x14 Drivers/STM32F4xx_HAL_Driver/Src/stm32f4xx_hal_tim.o
                0x0000000008001e7e                HAL_TIM_OC_DelayElapsedCallback
 .text.HAL_TIM_IC_CaptureCallback
                0x0000000008001e92       0x14 Drivers/STM32F4xx_HAL_Driver/Src/stm32f4xx_hal_tim.o
                0x0000000008001e92                HAL_TIM_IC_CaptureCallback
 .text.HAL_TIM_PWM_PulseFinishedCallback
                0x0000000008001ea6       0x14 Drivers/STM32F4xx_HAL_Driver/Src/stm32f4xx_hal_tim.o
                0x0000000008001ea6                HAL_TIM_PWM_PulseFinishedCallback
 .text.HAL_TIM_TriggerCallback
                0x0000000008001eba       0x14 Drivers/STM32F4xx_HAL_Driver/Src/stm32f4xx_hal_tim.o
                0x0000000008001eba                HAL_TIM_TriggerCallback
 *fill*         0x0000000008001ece        0x2 
 .text.TIM_Base_SetConfig
                0x0000000008001ed0      0x140 Drivers/STM32F4xx_HAL_Driver/Src/stm32f4xx_hal_tim.o
                0x0000000008001ed0                TIM_Base_SetConfig
 .text.HAL_TIMEx_CommutCallback
                0x0000000008002010       0x14 Drivers/STM32F4xx_HAL_Driver/Src/stm32f4xx_hal_tim_ex.o
                0x0000000008002010                HAL_TIMEx_CommutCallback
 .text.HAL_TIMEx_BreakCallback
                0x0000000008002024       0x14 Drivers/STM32F4xx_HAL_Driver/Src/stm32f4xx_hal_tim_ex.o
                0x0000000008002024                HAL_TIMEx_BreakCallback
 .text.vListInitialise
                0x0000000008002038       0x40 common/thirdparty/FreeRTOS/list.o
                0x0000000008002038                vListInitialise
 .text.vListInitialiseItem
                0x0000000008002078       0x1a common/thirdparty/FreeRTOS/list.o
                0x0000000008002078                vListInitialiseItem
 .text.vListInsert
                0x0000000008002092       0x72 common/thirdparty/FreeRTOS/list.o
                0x0000000008002092                vListInsert
 .text.uxListRemove
                0x0000000008002104       0x54 common/thirdparty/FreeRTOS/list.o
                0x0000000008002104                uxListRemove
 .text.xQueueGenericReset
                0x0000000008002158      0x128 common/thirdparty/FreeRTOS/queue.o
                0x0000000008002158                xQueueGenericReset
 .text.xQueueGenericCreate
                0x0000000008002280       0xa6 common/thirdparty/FreeRTOS/queue.o
                0x0000000008002280                xQueueGenericCreate
 .text.prvInitialiseNewQueue
                0x0000000008002326       0x52 common/thirdparty/FreeRTOS/queue.o
 .text.xQueueReceive
                0x0000000008002378      0x228 common/thirdparty/FreeRTOS/queue.o
                0x0000000008002378                xQueueReceive
 .text.prvCopyDataFromQueue
                0x00000000080025a0       0x4c common/thirdparty/FreeRTOS/queue.o
 .text.prvUnlockQueue
                0x00000000080025ec       0xa4 common/thirdparty/FreeRTOS/queue.o
 .text.prvIsQueueEmpty
                0x0000000008002690       0x2c common/thirdparty/FreeRTOS/queue.o
 .text.vQueueAddToRegistry
                0x00000000080026bc       0xac common/thirdparty/FreeRTOS/queue.o
                0x00000000080026bc                vQueueAddToRegistry
 .text.vQueueWaitForMessageRestricted
                0x0000000008002768       0x68 common/thirdparty/FreeRTOS/queue.o
                0x0000000008002768                vQueueWaitForMessageRestricted
 .text.xTaskCreate
                0x00000000080027d0       0x82 common/thirdparty/FreeRTOS/tasks.o
                0x00000000080027d0                xTaskCreate
 .text.prvInitialiseNewTask
                0x0000000008002852      0x144 common/thirdparty/FreeRTOS/tasks.o
 *fill*         0x0000000008002996        0x2 
 .text.prvAddNewTaskToReadyList
                0x0000000008002998      0x168 common/thirdparty/FreeRTOS/tasks.o
 .text.xTaskDelayUntil
                0x0000000008002b00       0xfc common/thirdparty/FreeRTOS/tasks.o
                0x0000000008002b00                xTaskDelayUntil
 .text.vTaskDelay
                0x0000000008002bfc       0x70 common/thirdparty/FreeRTOS/tasks.o
                0x0000000008002bfc                vTaskDelay
 .text.vTaskStartScheduler
                0x0000000008002c6c       0xc0 common/thirdparty/FreeRTOS/tasks.o
                0x0000000008002c6c                vTaskStartScheduler
 .text.vTaskSuspendAll
                0x0000000008002d2c       0x1c common/thirdparty/FreeRTOS/tasks.o
                0x0000000008002d2c                vTaskSuspendAll
 .text.xTaskResumeAll
                0x0000000008002d48      0x1fc common/thirdparty/FreeRTOS/tasks.o
                0x0000000008002d48                xTaskResumeAll
 .text.xTaskGetTickCount
                0x0000000008002f44       0x20 common/thirdparty/FreeRTOS/tasks.o
                0x0000000008002f44                xTaskGetTickCount
 .text.xTaskGetTickCountFromISR
                0x0000000008002f64       0x24 common/thirdparty/FreeRTOS/tasks.o
                0x0000000008002f64                xTaskGetTickCountFromISR
 .text.xTaskIncrementTick
                0x0000000008002f88      0x234 common/thirdparty/FreeRTOS/tasks.o
                0x0000000008002f88                xTaskIncrementTick
 .text.vTaskSwitchContext
                0x00000000080031bc       0xd0 common/thirdparty/FreeRTOS/tasks.o
                0x00000000080031bc                vTaskSwitchContext
 .text.vTaskPlaceOnEventList
                0x000000000800328c       0x48 common/thirdparty/FreeRTOS/tasks.o
                0x000000000800328c                vTaskPlaceOnEventList
 .text.vTaskPlaceOnEventListRestricted
                0x00000000080032d4       0x90 common/thirdparty/FreeRTOS/tasks.o
                0x00000000080032d4                vTaskPlaceOnEventListRestricted
 .text.xTaskRemoveFromEventList
                0x0000000008003364      0x1b0 common/thirdparty/FreeRTOS/tasks.o
                0x0000000008003364                xTaskRemoveFromEventList
 .text.vTaskInternalSetTimeOutState
                0x0000000008003514       0x2c common/thirdparty/FreeRTOS/tasks.o
                0x0000000008003514                vTaskInternalSetTimeOutState
 .text.xTaskCheckForTimeOut
                0x0000000008003540       0xc8 common/thirdparty/FreeRTOS/tasks.o
                0x0000000008003540                xTaskCheckForTimeOut
 .text.vTaskMissedYield
                0x0000000008003608       0x18 common/thirdparty/FreeRTOS/tasks.o
                0x0000000008003608                vTaskMissedYield
 .text.prvIdleTask
                0x0000000008003620       0x34 common/thirdparty/FreeRTOS/tasks.o
 .text.prvInitialiseTaskLists
                0x0000000008003654       0x80 common/thirdparty/FreeRTOS/tasks.o
 .text.prvCheckTasksWaitingTermination
                0x00000000080036d4       0x58 common/thirdparty/FreeRTOS/tasks.o
 .text.prvDeleteTCB
                0x000000000800372c       0x20 common/thirdparty/FreeRTOS/tasks.o
 .text.prvResetNextTaskUnblockTime
                0x000000000800374c       0x38 common/thirdparty/FreeRTOS/tasks.o
 .text.xTaskGetSchedulerState
                0x0000000008003784       0x3c common/thirdparty/FreeRTOS/tasks.o
                0x0000000008003784                xTaskGetSchedulerState
 .text.prvAddCurrentTaskToDelayedList
                0x00000000080037c0      0x118 common/thirdparty/FreeRTOS/tasks.o
 .text.xTimerCreateTimerTask
                0x00000000080038d8       0x64 common/thirdparty/FreeRTOS/timers.o
                0x00000000080038d8                xTimerCreateTimerTask
 .text.prvReloadTimer
                0x000000000800393c       0x40 common/thirdparty/FreeRTOS/timers.o
 .text.prvProcessExpiredTimer
                0x000000000800397c       0x60 common/thirdparty/FreeRTOS/timers.o
 .text.prvTimerTask
                0x00000000080039dc       0x24 common/thirdparty/FreeRTOS/timers.o
 .text.prvProcessTimerOrBlockTask
                0x0000000008003a00       0x9c common/thirdparty/FreeRTOS/timers.o
 .text.prvGetNextExpireTime
                0x0000000008003a9c       0x48 common/thirdparty/FreeRTOS/timers.o
 .text.prvSampleTimeNow
                0x0000000008003ae4       0x40 common/thirdparty/FreeRTOS/timers.o
 .text.prvInsertTimerInActiveList
                0x0000000008003b24       0x84 common/thirdparty/FreeRTOS/timers.o
 .text.prvProcessReceivedCommands
                0x0000000008003ba8      0x178 common/thirdparty/FreeRTOS/timers.o
 .text.prvSwitchTimerLists
                0x0000000008003d20       0x4c common/thirdparty/FreeRTOS/timers.o
 .text.prvCheckForValidListAndQueue
                0x0000000008003d6c       0x6c common/thirdparty/FreeRTOS/timers.o
 .text.pxPortInitialiseStack
                0x0000000008003dd8       0x68 common/thirdparty/FreeRTOS/portable/GCC/ARM_CM4F/port.o
                0x0000000008003dd8                pxPortInitialiseStack
 .text.prvTaskExitError
                0x0000000008003e40       0x54 common/thirdparty/FreeRTOS/portable/GCC/ARM_CM4F/port.o
 *fill*         0x0000000008003e94        0xc 
 .text.SVC_Handler
                0x0000000008003ea0       0x28 common/thirdparty/FreeRTOS/portable/GCC/ARM_CM4F/port.o
                0x0000000008003ea0                SVC_Handler
 .text.prvPortStartFirstTask
                0x0000000008003ec8       0x2c common/thirdparty/FreeRTOS/portable/GCC/ARM_CM4F/port.o
 .text.xPortStartScheduler
                0x0000000008003ef4      0x13c common/thirdparty/FreeRTOS/portable/GCC/ARM_CM4F/port.o
                0x0000000008003ef4                xPortStartScheduler
 .text.vPortEnterCritical
                0x0000000008004030       0x5c common/thirdparty/FreeRTOS/portable/GCC/ARM_CM4F/port.o
                0x0000000008004030                vPortEnterCritical
 .text.vPortExitCritical
                0x000000000800408c       0x50 common/thirdparty/FreeRTOS/portable/GCC/ARM_CM4F/port.o
                0x000000000800408c                vPortExitCritical
 *fill*         0x00000000080040dc        0x4 
 .text.PendSV_Handler
                0x00000000080040e0       0x68 common/thirdparty/FreeRTOS/portable/GCC/ARM_CM4F/port.o
                0x00000000080040e0                PendSV_Handler
 .text.SysTick_Handler
                0x0000000008004148       0x50 common/thirdparty/FreeRTOS/portable/GCC/ARM_CM4F/port.o
                0x0000000008004148                SysTick_Handler
 .text.vPortSetupTimerInterrupt
                0x0000000008004198       0x48 common/thirdparty/FreeRTOS/portable/GCC/ARM_CM4F/port.o
                0x0000000008004198                vPortSetupTimerInterrupt
 .text.vPortEnableVFP
                0x00000000080041e0       0x18 common/thirdparty/FreeRTOS/portable/GCC/ARM_CM4F/port.o
 .text.vPortValidateInterruptPriority
                0x00000000080041f8       0x7c common/thirdparty/FreeRTOS/portable/GCC/ARM_CM4F/port.o
                0x00000000080041f8                vPortValidateInterruptPriority
 .text.pvPortMalloc
                0x0000000008004274      0x1b8 common/thirdparty/FreeRTOS/portable/MemMang/heap_4.o
                0x0000000008004274                pvPortMalloc
 .text.vPortFree
                0x000000000800442c       0xc0 common/thirdparty/FreeRTOS/portable/MemMang/heap_4.o
                0x000000000800442c                vPortFree
 .text.prvHeapInit
                0x00000000080044ec       0xc4 common/thirdparty/FreeRTOS/portable/MemMang/heap_4.o
 .text.prvInsertBlockIntoFreeList
                0x00000000080045b0       0xb4 common/thirdparty/FreeRTOS/portable/MemMang/heap_4.o
 .text._cbSendSystemDesc
                0x0000000008004664       0x1c common/thirdparty/SEGGER/Config/SEGGER_SYSVIEW_Config_FreeRTOS.o
 .text.SEGGER_SYSVIEW_Conf
                0x0000000008004680       0x2c common/thirdparty/SEGGER/Config/SEGGER_SYSVIEW_Config_FreeRTOS.o
                0x0000000008004680                SEGGER_SYSVIEW_Conf
 .text._cbSendTaskList
                0x00000000080046ac       0x90 common/thirdparty/SEGGER/OS/SEGGER_SYSVIEW_FreeRTOS.o
 .text._cbGetTime
                0x000000000800473c       0x76 common/thirdparty/SEGGER/OS/SEGGER_SYSVIEW_FreeRTOS.o
 *fill*         0x00000000080047b2        0x2 
 .text.SYSVIEW_AddTask
                0x00000000080047b4       0xd0 common/thirdparty/SEGGER/OS/SEGGER_SYSVIEW_FreeRTOS.o
                0x00000000080047b4                SYSVIEW_AddTask
 .text.SYSVIEW_SendTaskInfo
                0x0000000008004884       0x42 common/thirdparty/SEGGER/OS/SEGGER_SYSVIEW_FreeRTOS.o
                0x0000000008004884                SYSVIEW_SendTaskInfo
 *fill*         0x00000000080048c6        0x2 
 .text.__NVIC_EnableIRQ
                0x00000000080048c8       0x3c common/thirdparty/SEGGER/Rec/segger_uart.o
 .text.__NVIC_SetPriority
                0x0000000008004904       0x54 common/thirdparty/SEGGER/Rec/segger_uart.o
 .text._StartSysView
                0x0000000008004958       0x1e common/thirdparty/SEGGER/Rec/segger_uart.o
 *fill*         0x0000000008004976        0x2 
 .text._cbOnUARTRx
                0x0000000008004978       0x40 common/thirdparty/SEGGER/Rec/segger_uart.o
 .text._cbOnUARTTx
                0x00000000080049b8       0x64 common/thirdparty/SEGGER/Rec/segger_uart.o
 .text.SEGGER_UART_init
                0x0000000008004a1c       0x24 common/thirdparty/SEGGER/Rec/segger_uart.o
                0x0000000008004a1c                SEGGER_UART_init
 .text.USART2_IRQHandler
                0x0000000008004a40       0x94 common/thirdparty/SEGGER/Rec/segger_uart.o
                0x0000000008004a40                USART2_IRQHandler
 .text.HIF_UART_EnableTXEInterrupt
                0x0000000008004ad4       0x20 common/thirdparty/SEGGER/Rec/segger_uart.o
                0x0000000008004ad4                HIF_UART_EnableTXEInterrupt
 .text.HIF_UART_Init
                0x0000000008004af4       0xf4 common/thirdparty/SEGGER/Rec/segger_uart.o
                0x0000000008004af4                HIF_UART_Init
 .text._DoInit  0x0000000008004be8       0xb0 common/thirdparty/SEGGER/SEGGER/SEGGER_RTT.o
 .text._WriteBlocking
                0x0000000008004c98       0xba common/thirdparty/SEGGER/SEGGER/SEGGER_RTT.o
 .text._WriteNoCheck
                0x0000000008004d52       0x90 common/thirdparty/SEGGER/SEGGER/SEGGER_RTT.o
 .text._GetAvailWriteSpace
                0x0000000008004de2       0x46 common/thirdparty/SEGGER/SEGGER/SEGGER_RTT.o
 .text.SEGGER_RTT_ReadUpBufferNoLock
                0x0000000008004e28      0x10c common/thirdparty/SEGGER/SEGGER/SEGGER_RTT.o
                0x0000000008004e28                SEGGER_RTT_ReadUpBufferNoLock
 .text.SEGGER_RTT_ReadNoLock
                0x0000000008004f34      0x10c common/thirdparty/SEGGER/SEGGER/SEGGER_RTT.o
                0x0000000008004f34                SEGGER_RTT_ReadNoLock
 .text.SEGGER_RTT_WriteDownBufferNoLock
                0x0000000008005040       0x9c common/thirdparty/SEGGER/SEGGER/SEGGER_RTT.o
                0x0000000008005040                SEGGER_RTT_WriteDownBufferNoLock
 .text.SEGGER_RTT_WriteDownBuffer
                0x00000000080050dc       0x4c common/thirdparty/SEGGER/SEGGER/SEGGER_RTT.o
                0x00000000080050dc                SEGGER_RTT_WriteDownBuffer
 .text.SEGGER_RTT_AllocUpBuffer
                0x0000000008005128      0x108 common/thirdparty/SEGGER/SEGGER/SEGGER_RTT.o
                0x0000000008005128                SEGGER_RTT_AllocUpBuffer
 .text.SEGGER_RTT_ConfigDownBuffer
                0x0000000008005230       0xe0 common/thirdparty/SEGGER/SEGGER/SEGGER_RTT.o
                0x0000000008005230                SEGGER_RTT_ConfigDownBuffer
 .text._EncodeStr
                0x0000000008005310       0x9a common/thirdparty/SEGGER/SEGGER/SEGGER_SYSVIEW.o
 .text._PreparePacket
                0x00000000080053aa       0x18 common/thirdparty/SEGGER/SEGGER/SEGGER_SYSVIEW.o
 *fill*         0x00000000080053c2        0x2 
 .text._HandleIncomingPacket
                0x00000000080053c4       0xd8 common/thirdparty/SEGGER/SEGGER/SEGGER_SYSVIEW.o
 .text._TrySendOverflowPacket
                0x000000000800549c       0xe8 common/thirdparty/SEGGER/SEGGER/SEGGER_SYSVIEW.o
 .text._SendPacket
                0x0000000008005584      0x1d0 common/thirdparty/SEGGER/SEGGER/SEGGER_SYSVIEW.o
 .text._StoreChar
                0x0000000008005754       0xf6 common/thirdparty/SEGGER/SEGGER/SEGGER_SYSVIEW.o
 *fill*         0x000000000800584a        0x2 
 .text._PrintUnsigned
                0x000000000800584c      0x12c common/thirdparty/SEGGER/SEGGER/SEGGER_SYSVIEW.o
 .text._PrintInt
                0x0000000008005978      0x11e common/thirdparty/SEGGER/SEGGER/SEGGER_SYSVIEW.o
 *fill*         0x0000000008005a96        0x2 
 .text._VPrintTarget
                0x0000000008005a98      0x36c common/thirdparty/SEGGER/SEGGER/SEGGER_SYSVIEW.o
 .text.SEGGER_SYSVIEW_Init
                0x0000000008005e04       0x88 common/thirdparty/SEGGER/SEGGER/SEGGER_SYSVIEW.o
                0x0000000008005e04                SEGGER_SYSVIEW_Init
 .text.SEGGER_SYSVIEW_SetRAMBase
                0x0000000008005e8c       0x20 common/thirdparty/SEGGER/SEGGER/SEGGER_SYSVIEW.o
                0x0000000008005e8c                SEGGER_SYSVIEW_SetRAMBase
 .text.SEGGER_SYSVIEW_RecordVoid
                0x0000000008005eac       0x3c common/thirdparty/SEGGER/SEGGER/SEGGER_SYSVIEW.o
                0x0000000008005eac                SEGGER_SYSVIEW_RecordVoid
 .text.SEGGER_SYSVIEW_RecordU32
                0x0000000008005ee8       0x78 common/thirdparty/SEGGER/SEGGER/SEGGER_SYSVIEW.o
                0x0000000008005ee8                SEGGER_SYSVIEW_RecordU32
 .text.SEGGER_SYSVIEW_RecordU32x2
                0x0000000008005f60       0xb4 common/thirdparty/SEGGER/SEGGER/SEGGER_SYSVIEW.o
                0x0000000008005f60                SEGGER_SYSVIEW_RecordU32x2
 .text.SEGGER_SYSVIEW_RecordU32x3
                0x0000000008006014       0xec common/thirdparty/SEGGER/SEGGER/SEGGER_SYSVIEW.o
                0x0000000008006014                SEGGER_SYSVIEW_RecordU32x3
 .text.SEGGER_SYSVIEW_RecordU32x4
                0x0000000008006100      0x124 common/thirdparty/SEGGER/SEGGER/SEGGER_SYSVIEW.o
                0x0000000008006100                SEGGER_SYSVIEW_RecordU32x4
 .text.SEGGER_SYSVIEW_Start
                0x0000000008006224      0x178 common/thirdparty/SEGGER/SEGGER/SEGGER_SYSVIEW.o
                0x0000000008006224                SEGGER_SYSVIEW_Start
 .text.SEGGER_SYSVIEW_Stop
                0x000000000800639c       0x4c common/thirdparty/SEGGER/SEGGER/SEGGER_SYSVIEW.o
                0x000000000800639c                SEGGER_SYSVIEW_Stop
 .text.SEGGER_SYSVIEW_GetSysDesc
                0x00000000080063e8      0x134 common/thirdparty/SEGGER/SEGGER/SEGGER_SYSVIEW.o
                0x00000000080063e8                SEGGER_SYSVIEW_GetSysDesc
 .text.SEGGER_SYSVIEW_SendTaskInfo
                0x000000000800651c      0x1c8 common/thirdparty/SEGGER/SEGGER/SEGGER_SYSVIEW.o
                0x000000000800651c                SEGGER_SYSVIEW_SendTaskInfo
 .text.SEGGER_SYSVIEW_SendTaskList
                0x00000000080066e4       0x28 common/thirdparty/SEGGER/SEGGER/SEGGER_SYSVIEW.o
                0x00000000080066e4                SEGGER_SYSVIEW_SendTaskList
 .text.SEGGER_SYSVIEW_SendSysDesc
                0x000000000800670c       0x48 common/thirdparty/SEGGER/SEGGER/SEGGER_SYSVIEW.o
                0x000000000800670c                SEGGER_SYSVIEW_SendSysDesc
 .text.SEGGER_SYSVIEW_RecordSystime
                0x0000000008006754       0x60 common/thirdparty/SEGGER/SEGGER/SEGGER_SYSVIEW.o
                0x0000000008006754                SEGGER_SYSVIEW_RecordSystime
 .text.SEGGER_SYSVIEW_RecordEnterISR
                0x00000000080067b4       0x84 common/thirdparty/SEGGER/SEGGER/SEGGER_SYSVIEW.o
                0x00000000080067b4                SEGGER_SYSVIEW_RecordEnterISR
 .text.SEGGER_SYSVIEW_RecordExitISR
                0x0000000008006838       0x38 common/thirdparty/SEGGER/SEGGER/SEGGER_SYSVIEW.o
                0x0000000008006838                SEGGER_SYSVIEW_RecordExitISR
 .text.SEGGER_SYSVIEW_RecordExitISRToScheduler
                0x0000000008006870       0x38 common/thirdparty/SEGGER/SEGGER/SEGGER_SYSVIEW.o
                0x0000000008006870                SEGGER_SYSVIEW_RecordExitISRToScheduler
 .text.SEGGER_SYSVIEW_OnIdle
                0x00000000080068a8       0x38 common/thirdparty/SEGGER/SEGGER/SEGGER_SYSVIEW.o
                0x00000000080068a8                SEGGER_SYSVIEW_OnIdle
 .text.SEGGER_SYSVIEW_OnTaskCreate
                0x00000000080068e0       0x84 common/thirdparty/SEGGER/SEGGER/SEGGER_SYSVIEW.o
                0x00000000080068e0                SEGGER_SYSVIEW_OnTaskCreate
 .text.SEGGER_SYSVIEW_OnTaskStartExec
                0x0000000008006964       0x84 common/thirdparty/SEGGER/SEGGER/SEGGER_SYSVIEW.o
                0x0000000008006964                SEGGER_SYSVIEW_OnTaskStartExec
 .text.SEGGER_SYSVIEW_OnTaskStartReady
                0x00000000080069e8       0x84 common/thirdparty/SEGGER/SEGGER/SEGGER_SYSVIEW.o
                0x00000000080069e8                SEGGER_SYSVIEW_OnTaskStartReady
 .text.SEGGER_SYSVIEW_OnTaskStopReady
                0x0000000008006a6c       0xc0 common/thirdparty/SEGGER/SEGGER/SEGGER_SYSVIEW.o
                0x0000000008006a6c                SEGGER_SYSVIEW_OnTaskStopReady
 .text.SEGGER_SYSVIEW_ShrinkId
                0x0000000008006b2c       0x20 common/thirdparty/SEGGER/SEGGER/SEGGER_SYSVIEW.o
                0x0000000008006b2c                SEGGER_SYSVIEW_ShrinkId
 .text.SEGGER_SYSVIEW_SendModule
                0x0000000008006b4c      0x100 common/thirdparty/SEGGER/SEGGER/SEGGER_SYSVIEW.o
                0x0000000008006b4c                SEGGER_SYSVIEW_SendModule
 .text.SEGGER_SYSVIEW_SendModuleDescription
                0x0000000008006c4c       0x3c common/thirdparty/SEGGER/SEGGER/SEGGER_SYSVIEW.o
                0x0000000008006c4c                SEGGER_SYSVIEW_SendModuleDescription
 .text.SEGGER_SYSVIEW_SendNumModules
                0x0000000008006c88       0x7c common/thirdparty/SEGGER/SEGGER/SEGGER_SYSVIEW.o
                0x0000000008006c88                SEGGER_SYSVIEW_SendNumModules
 .text.SEGGER_SYSVIEW_PrintfTarget
                0x0000000008006d04       0x28 common/thirdparty/SEGGER/SEGGER/SEGGER_SYSVIEW.o
                0x0000000008006d04                SEGGER_SYSVIEW_PrintfTarget
 .text.SEGGER_SYSVIEW_Warn
                0x0000000008006d2c       0xb8 common/thirdparty/SEGGER/SEGGER/SEGGER_SYSVIEW.o
                0x0000000008006d2c                SEGGER_SYSVIEW_Warn
 .text.SEGGER_SYSVIEW_IsStarted
                0x0000000008006de4       0x5c common/thirdparty/SEGGER/SEGGER/SEGGER_SYSVIEW.o
                0x0000000008006de4                SEGGER_SYSVIEW_IsStarted
 .text.__libc_init_array
                0x0000000008006e40       0x48 c:/st/stm32cubeide_1.3.0/stm32cubeide/plugins/com.st.stm32cube.ide.mcu.externaltools.gnu-tools-for-stm32.7-2018-q2-update.win32_1.0.0.201904181610/tools/bin/../lib/gcc/arm-none-eabi/7.3.1/../../../../arm-none-eabi/lib/thumb/v7e-m/fpv4-sp/hard\libc_nano.a(lib_a-init.o)
                0x0000000008006e40                __libc_init_array
 .text.memcmp   0x0000000008006e88       0x1e c:/st/stm32cubeide_1.3.0/stm32cubeide/plugins/com.st.stm32cube.ide.mcu.externaltools.gnu-tools-for-stm32.7-2018-q2-update.win32_1.0.0.201904181610/tools/bin/../lib/gcc/arm-none-eabi/7.3.1/../../../../arm-none-eabi/lib/thumb/v7e-m/fpv4-sp/hard\libc_nano.a(lib_a-memcmp.o)
                0x0000000008006e88                memcmp
 .text.memcpy   0x0000000008006ea6       0x16 c:/st/stm32cubeide_1.3.0/stm32cubeide/plugins/com.st.stm32cube.ide.mcu.externaltools.gnu-tools-for-stm32.7-2018-q2-update.win32_1.0.0.201904181610/tools/bin/../lib/gcc/arm-none-eabi/7.3.1/../../../../arm-none-eabi/lib/thumb/v7e-m/fpv4-sp/hard\libc_nano.a(lib_a-memcpy-stub.o)
                0x0000000008006ea6                memcpy
 .text.memset   0x0000000008006ebc       0x10 c:/st/stm32cubeide_1.3.0/stm32cubeide/plugins/com.st.stm32cube.ide.mcu.externaltools.gnu-tools-for-stm32.7-2018-q2-update.win32_1.0.0.201904181610/tools/bin/../lib/gcc/arm-none-eabi/7.3.1/../../../../arm-none-eabi/lib/thumb/v7e-m/fpv4-sp/hard\libc_nano.a(lib_a-memset.o)
                0x0000000008006ebc                memset
 *(.glue_7)
 .glue_7        0x0000000008006ecc        0x0 linker stubs
 *(.glue_7t)
 .glue_7t       0x0000000008006ecc        0x0 linker stubs
 *(.eh_frame)
 .eh_frame      0x0000000008006ecc        0x0 c:/st/stm32cubeide_1.3.0/stm32cubeide/plugins/com.st.stm32cube.ide.mcu.externaltools.gnu-tools-for-stm32.7-2018-q2-update.win32_1.0.0.201904181610/tools/bin/../lib/gcc/arm-none-eabi/7.3.1/thumb/v7e-m/fpv4-sp/hard/crtbegin.o
 *(.init)
 .init          0x0000000008006ecc        0x4 c:/st/stm32cubeide_1.3.0/stm32cubeide/plugins/com.st.stm32cube.ide.mcu.externaltools.gnu-tools-for-stm32.7-2018-q2-update.win32_1.0.0.201904181610/tools/bin/../lib/gcc/arm-none-eabi/7.3.1/thumb/v7e-m/fpv4-sp/hard/crti.o
                0x0000000008006ecc                _init
 .init          0x0000000008006ed0        0x8 c:/st/stm32cubeide_1.3.0/stm32cubeide/plugins/com.st.stm32cube.ide.mcu.externaltools.gnu-tools-for-stm32.7-2018-q2-update.win32_1.0.0.201904181610/tools/bin/../lib/gcc/arm-none-eabi/7.3.1/thumb/v7e-m/fpv4-sp/hard/crtn.o
 *(.fini)
 .fini          0x0000000008006ed8        0x4 c:/st/stm32cubeide_1.3.0/stm32cubeide/plugins/com.st.stm32cube.ide.mcu.externaltools.gnu-tools-for-stm32.7-2018-q2-update.win32_1.0.0.201904181610/tools/bin/../lib/gcc/arm-none-eabi/7.3.1/thumb/v7e-m/fpv4-sp/hard/crti.o
                0x0000000008006ed8                _fini
 .fini          0x0000000008006edc        0x8 c:/st/stm32cubeide_1.3.0/stm32cubeide/plugins/com.st.stm32cube.ide.mcu.externaltools.gnu-tools-for-stm32.7-2018-q2-update.win32_1.0.0.201904181610/tools/bin/../lib/gcc/arm-none-eabi/7.3.1/thumb/v7e-m/fpv4-sp/hard/crtn.o
                0x0000000008006ee4                . = ALIGN (0x4)
                0x0000000008006ee4                _etext = .

.vfp11_veneer   0x0000000008006ee4        0x0
 .vfp11_veneer  0x0000000008006ee4        0x0 linker stubs

.v4_bx          0x0000000008006ee4        0x0
 .v4_bx         0x0000000008006ee4        0x0 linker stubs

.iplt           0x0000000008006ee4        0x0
 .iplt          0x0000000008006ee4        0x0 c:/st/stm32cubeide_1.3.0/stm32cubeide/plugins/com.st.stm32cube.ide.mcu.externaltools.gnu-tools-for-stm32.7-2018-q2-update.win32_1.0.0.201904181610/tools/bin/../lib/gcc/arm-none-eabi/7.3.1/thumb/v7e-m/fpv4-sp/hard/crtbegin.o

.rodata         0x0000000008006ee4      0x184
                0x0000000008006ee4                . = ALIGN (0x4)
 *(.rodata)
 .rodata        0x0000000008006ee4       0x60 Core/Src/main.o
 .rodata        0x0000000008006f44        0x5 common/thirdparty/FreeRTOS/tasks.o
 *fill*         0x0000000008006f49        0x3 
 .rodata        0x0000000008006f4c        0xd common/thirdparty/FreeRTOS/timers.o
 *fill*         0x0000000008006f59        0x3 
 .rodata        0x0000000008006f5c       0x51 common/thirdparty/SEGGER/Config/SEGGER_SYSVIEW_Config_FreeRTOS.o
 *fill*         0x0000000008006fad        0x3 
 .rodata        0x0000000008006fb0       0x58 common/thirdparty/SEGGER/OS/SEGGER_SYSVIEW_FreeRTOS.o
 .rodata        0x0000000008007008       0x17 common/thirdparty/SEGGER/SEGGER/SEGGER_RTT.o
 *fill*         0x000000000800701f        0x1 
 .rodata        0x0000000008007020        0x8 common/thirdparty/SEGGER/SEGGER/SEGGER_SYSVIEW.o
 *(.rodata*)
 .rodata.AHBPrescTable
                0x0000000008007028       0x10 Core/Src/system_stm32f4xx.o
                0x0000000008007028                AHBPrescTable
 .rodata.APBPrescTable
                0x0000000008007038        0x8 Core/Src/system_stm32f4xx.o
                0x0000000008007038                APBPrescTable
 .rodata.SYSVIEW_X_OS_TraceAPI
                0x0000000008007040        0x8 common/thirdparty/SEGGER/OS/SEGGER_SYSVIEW_FreeRTOS.o
                0x0000000008007040                SYSVIEW_X_OS_TraceAPI
 .rodata._abHelloMsg
                0x0000000008007048        0x4 common/thirdparty/SEGGER/Rec/segger_uart.o
 .rodata._abSync
                0x000000000800704c        0xa common/thirdparty/SEGGER/SEGGER/SEGGER_SYSVIEW.o
 *fill*         0x0000000008007056        0x2 
 .rodata._aV2C.6914
                0x0000000008007058       0x10 common/thirdparty/SEGGER/SEGGER/SEGGER_SYSVIEW.o
                0x0000000008007068                . = ALIGN (0x4)

.ARM.extab      0x0000000008007068        0x0
                0x0000000008007068                . = ALIGN (0x4)
 *(.ARM.extab* .gnu.linkonce.armextab.*)
                0x0000000008007068                . = ALIGN (0x4)

.ARM            0x0000000008007068        0x8
                0x0000000008007068                . = ALIGN (0x4)
                0x0000000008007068                __exidx_start = .
 *(.ARM.exidx*)
 .ARM.exidx     0x0000000008007068        0x8 c:/st/stm32cubeide_1.3.0/stm32cubeide/plugins/com.st.stm32cube.ide.mcu.externaltools.gnu-tools-for-stm32.7-2018-q2-update.win32_1.0.0.201904181610/tools/bin/../lib/gcc/arm-none-eabi/7.3.1/thumb/v7e-m/fpv4-sp/hard\libgcc.a(_udivmoddi4.o)
                0x0000000008007070                __exidx_end = .
                0x0000000008007070                . = ALIGN (0x4)

.rel.dyn        0x0000000008007070        0x0
 .rel.iplt      0x0000000008007070        0x0 c:/st/stm32cubeide_1.3.0/stm32cubeide/plugins/com.st.stm32cube.ide.mcu.externaltools.gnu-tools-for-stm32.7-2018-q2-update.win32_1.0.0.201904181610/tools/bin/../lib/gcc/arm-none-eabi/7.3.1/thumb/v7e-m/fpv4-sp/hard/crtbegin.o

.preinit_array  0x0000000008007070        0x0
                0x0000000008007070                . = ALIGN (0x4)
                0x0000000008007070                PROVIDE (__preinit_array_start = .)
 *(.preinit_array*)
                0x0000000008007070                PROVIDE (__preinit_array_end = .)
                0x0000000008007070                . = ALIGN (0x4)

.init_array     0x0000000008007070        0x4
                0x0000000008007070                . = ALIGN (0x4)
                0x0000000008007070                PROVIDE (__init_array_start = .)
 *(SORT_BY_NAME(.init_array.*))
 *(.init_array*)
 .init_array    0x0000000008007070        0x4 c:/st/stm32cubeide_1.3.0/stm32cubeide/plugins/com.st.stm32cube.ide.mcu.externaltools.gnu-tools-for-stm32.7-2018-q2-update.win32_1.0.0.201904181610/tools/bin/../lib/gcc/arm-none-eabi/7.3.1/thumb/v7e-m/fpv4-sp/hard/crtbegin.o
                0x0000000008007074                PROVIDE (__init_array_end = .)
                0x0000000008007074                . = ALIGN (0x4)

.fini_array     0x0000000008007074        0x4
                0x0000000008007074                . = ALIGN (0x4)
                [!provide]                        PROVIDE (__fini_array_start = .)
 *(SORT_BY_NAME(.fini_array.*))
 *(.fini_array*)
 .fini_array    0x0000000008007074        0x4 c:/st/stm32cubeide_1.3.0/stm32cubeide/plugins/com.st.stm32cube.ide.mcu.externaltools.gnu-tools-for-stm32.7-2018-q2-update.win32_1.0.0.201904181610/tools/bin/../lib/gcc/arm-none-eabi/7.3.1/thumb/v7e-m/fpv4-sp/hard/crtbegin.o
                [!provide]                        PROVIDE (__fini_array_end = .)
                0x0000000008007078                . = ALIGN (0x4)
                0x0000000008007078                _sidata = LOADADDR (.data)

.data           0x0000000020000000       0x1c load address 0x0000000008007078
                0x0000000020000000                . = ALIGN (0x4)
                0x0000000020000000                _sdata = .
 *(.data)
 *(.data*)
 .data.SystemCoreClock
                0x0000000020000000        0x4 Core/Src/system_stm32f4xx.o
                0x0000000020000000                SystemCoreClock
 .data.uwTickPrio
                0x0000000020000004        0x4 Drivers/STM32F4xx_HAL_Driver/Src/stm32f4xx_hal.o
                0x0000000020000004                uwTickPrio
 .data.uwTickFreq
                0x0000000020000008        0x1 Drivers/STM32F4xx_HAL_Driver/Src/stm32f4xx_hal.o
                0x0000000020000008                uwTickFreq
 *fill*         0x0000000020000009        0x3 
 .data.uxTopUsedPriority
                0x000000002000000c        0x4 common/thirdparty/FreeRTOS/tasks.o
                0x000000002000000c                uxTopUsedPriority
 .data.uxCriticalNesting
                0x0000000020000010        0x4 common/thirdparty/FreeRTOS/portable/GCC/ARM_CM4F/port.o
 .data._SVInfo  0x0000000020000014        0x8 common/thirdparty/SEGGER/Rec/segger_uart.o
                0x000000002000001c                . = ALIGN (0x4)
                0x000000002000001c                _edata = .

.igot.plt       0x000000002000001c        0x0 load address 0x0000000008007094
 .igot.plt      0x000000002000001c        0x0 c:/st/stm32cubeide_1.3.0/stm32cubeide/plugins/com.st.stm32cube.ide.mcu.externaltools.gnu-tools-for-stm32.7-2018-q2-update.win32_1.0.0.201904181610/tools/bin/../lib/gcc/arm-none-eabi/7.3.1/thumb/v7e-m/fpv4-sp/hard/crtbegin.o
                0x000000002000001c                . = ALIGN (0x4)

.bss            0x000000002000001c    0x14488 load address 0x0000000008007094
                0x000000002000001c                _sbss = .
                0x000000002000001c                __bss_start__ = _sbss
 *(.bss)
 .bss           0x000000002000001c       0x1c c:/st/stm32cubeide_1.3.0/stm32cubeide/plugins/com.st.stm32cube.ide.mcu.externaltools.gnu-tools-for-stm32.7-2018-q2-update.win32_1.0.0.201904181610/tools/bin/../lib/gcc/arm-none-eabi/7.3.1/thumb/v7e-m/fpv4-sp/hard/crtbegin.o
 *(.bss*)
 .bss.pxCurrentTCB
                0x0000000020000038        0x4 common/thirdparty/FreeRTOS/tasks.o
                0x0000000020000038                pxCurrentTCB
 .bss.pxReadyTasksLists
                0x000000002000003c       0x64 common/thirdparty/FreeRTOS/tasks.o
 .bss.xDelayedTaskList1
                0x00000000200000a0       0x14 common/thirdparty/FreeRTOS/tasks.o
 .bss.xDelayedTaskList2
                0x00000000200000b4       0x14 common/thirdparty/FreeRTOS/tasks.o
 .bss.pxDelayedTaskList
                0x00000000200000c8        0x4 common/thirdparty/FreeRTOS/tasks.o
 .bss.pxOverflowDelayedTaskList
                0x00000000200000cc        0x4 common/thirdparty/FreeRTOS/tasks.o
 .bss.xPendingReadyList
                0x00000000200000d0       0x14 common/thirdparty/FreeRTOS/tasks.o
 .bss.xTasksWaitingTermination
                0x00000000200000e4       0x14 common/thirdparty/FreeRTOS/tasks.o
 .bss.uxDeletedTasksWaitingCleanUp
                0x00000000200000f8        0x4 common/thirdparty/FreeRTOS/tasks.o
 .bss.xSuspendedTaskList
                0x00000000200000fc       0x14 common/thirdparty/FreeRTOS/tasks.o
 .bss.uxCurrentNumberOfTasks
                0x0000000020000110        0x4 common/thirdparty/FreeRTOS/tasks.o
 .bss.xTickCount
                0x0000000020000114        0x4 common/thirdparty/FreeRTOS/tasks.o
 .bss.uxTopReadyPriority
                0x0000000020000118        0x4 common/thirdparty/FreeRTOS/tasks.o
 .bss.xSchedulerRunning
                0x000000002000011c        0x4 common/thirdparty/FreeRTOS/tasks.o
 .bss.xPendedTicks
                0x0000000020000120        0x4 common/thirdparty/FreeRTOS/tasks.o
 .bss.xYieldPending
                0x0000000020000124        0x4 common/thirdparty/FreeRTOS/tasks.o
 .bss.xNumOfOverflows
                0x0000000020000128        0x4 common/thirdparty/FreeRTOS/tasks.o
 .bss.uxTaskNumber
                0x000000002000012c        0x4 common/thirdparty/FreeRTOS/tasks.o
 .bss.xNextTaskUnblockTime
                0x0000000020000130        0x4 common/thirdparty/FreeRTOS/tasks.o
 .bss.xIdleTaskHandle
                0x0000000020000134        0x4 common/thirdparty/FreeRTOS/tasks.o
 .bss.uxSchedulerSuspended
                0x0000000020000138        0x4 common/thirdparty/FreeRTOS/tasks.o
 .bss.xActiveTimerList1
                0x000000002000013c       0x14 common/thirdparty/FreeRTOS/timers.o
 .bss.xActiveTimerList2
                0x0000000020000150       0x14 common/thirdparty/FreeRTOS/timers.o
 .bss.pxCurrentTimerList
                0x0000000020000164        0x4 common/thirdparty/FreeRTOS/timers.o
 .bss.pxOverflowTimerList
                0x0000000020000168        0x4 common/thirdparty/FreeRTOS/timers.o
 .bss.xTimerQueue
                0x000000002000016c        0x4 common/thirdparty/FreeRTOS/timers.o
 .bss.xTimerTaskHandle
                0x0000000020000170        0x4 common/thirdparty/FreeRTOS/timers.o
 .bss.xLastTime.7158
                0x0000000020000174        0x4 common/thirdparty/FreeRTOS/timers.o
 .bss.ucMaxSysCallPriority
                0x0000000020000178        0x1 common/thirdparty/FreeRTOS/portable/GCC/ARM_CM4F/port.o
 *fill*         0x0000000020000179        0x3 
 .bss.ulMaxPRIGROUPValue
                0x000000002000017c        0x4 common/thirdparty/FreeRTOS/portable/GCC/ARM_CM4F/port.o
 .bss.ucHeap    0x0000000020000180    0x12c00 common/thirdparty/FreeRTOS/portable/MemMang/heap_4.o
 .bss.xStart    0x0000000020012d80        0x8 common/thirdparty/FreeRTOS/portable/MemMang/heap_4.o
 .bss.pxEnd     0x0000000020012d88        0x4 common/thirdparty/FreeRTOS/portable/MemMang/heap_4.o
 .bss.xFreeBytesRemaining
                0x0000000020012d8c        0x4 common/thirdparty/FreeRTOS/portable/MemMang/heap_4.o
 .bss.xMinimumEverFreeBytesRemaining
                0x0000000020012d90        0x4 common/thirdparty/FreeRTOS/portable/MemMang/heap_4.o
 .bss.xNumberOfSuccessfulAllocations
                0x0000000020012d94        0x4 common/thirdparty/FreeRTOS/portable/MemMang/heap_4.o
 .bss.xNumberOfSuccessfulFrees
                0x0000000020012d98        0x4 common/thirdparty/FreeRTOS/portable/MemMang/heap_4.o
 .bss.xBlockAllocatedBit
                0x0000000020012d9c        0x4 common/thirdparty/FreeRTOS/portable/MemMang/heap_4.o
 .bss._aTasks   0x0000000020012da0       0xa0 common/thirdparty/SEGGER/OS/SEGGER_SYSVIEW_FreeRTOS.o
 .bss._NumTasks
                0x0000000020012e40        0x4 common/thirdparty/SEGGER/OS/SEGGER_SYSVIEW_FreeRTOS.o
 .bss._cbOnRx   0x0000000020012e44        0x4 common/thirdparty/SEGGER/Rec/segger_uart.o
 .bss._cbOnTx   0x0000000020012e48        0x4 common/thirdparty/SEGGER/Rec/segger_uart.o
 .bss._acUpBuffer
                0x0000000020012e4c      0x400 common/thirdparty/SEGGER/SEGGER/SEGGER_RTT.o
 .bss._acDownBuffer
                0x000000002001324c       0x10 common/thirdparty/SEGGER/SEGGER/SEGGER_RTT.o
 .bss._UpBuffer
                0x000000002001325c     0x1000 common/thirdparty/SEGGER/SEGGER/SEGGER_SYSVIEW.o
 .bss._DownBuffer
                0x000000002001425c        0x8 common/thirdparty/SEGGER/SEGGER/SEGGER_SYSVIEW.o
 .bss._SYSVIEW_Globals
                0x0000000020014264       0x28 common/thirdparty/SEGGER/SEGGER/SEGGER_SYSVIEW.o
 .bss._pFirstModule
                0x000000002001428c        0x4 common/thirdparty/SEGGER/SEGGER/SEGGER_SYSVIEW.o
 .bss._NumModules
                0x0000000020014290        0x1 common/thirdparty/SEGGER/SEGGER/SEGGER_SYSVIEW.o
 *fill*         0x0000000020014291        0x3 
 .bss._aPacket  0x0000000020014294       0xe3 common/thirdparty/SEGGER/SEGGER/SEGGER_SYSVIEW.o
 *(COMMON)
 *fill*         0x0000000020014377        0x1 
 COMMON         0x0000000020014378       0x40 Core/Src/stm32f4xx_hal_timebase_tim.o
                0x0000000020014378                htim5
 COMMON         0x00000000200143b8        0x4 Drivers/STM32F4xx_HAL_Driver/Src/stm32f4xx_hal.o
                0x00000000200143b8                uwTick
 COMMON         0x00000000200143bc       0x40 common/thirdparty/FreeRTOS/queue.o
                0x00000000200143bc                xQueueRegistry
 COMMON         0x00000000200143fc       0xa8 common/thirdparty/SEGGER/SEGGER/SEGGER_RTT.o
                0x00000000200143fc                _SEGGER_RTT
                0x00000000200144a4                . = ALIGN (0x4)
                0x00000000200144a4                _ebss = .
                0x00000000200144a4                __bss_end__ = _ebss

._user_heap_stack
                0x00000000200144a4      0x604 load address 0x0000000008007094
                0x00000000200144a8                . = ALIGN (0x8)
 *fill*         0x00000000200144a4        0x4 
                0x00000000200144a8                PROVIDE (end = .)
                [!provide]                        PROVIDE (_end = .)
                0x00000000200146a8                . = (. + _Min_Heap_Size)
 *fill*         0x00000000200144a8      0x200 
                0x0000000020014aa8                . = (. + _Min_Stack_Size)
 *fill*         0x00000000200146a8      0x400 
                0x0000000020014aa8                . = ALIGN (0x8)

/DISCARD/
 libc.a(*)
 libm.a(*)
 libgcc.a(*)

.ARM.attributes
                0x0000000000000000       0x30
 *(.ARM.attributes)
 .ARM.attributes
                0x0000000000000000       0x22 c:/st/stm32cubeide_1.3.0/stm32cubeide/plugins/com.st.stm32cube.ide.mcu.externaltools.gnu-tools-for-stm32.7-2018-q2-update.win32_1.0.0.201904181610/tools/bin/../lib/gcc/arm-none-eabi/7.3.1/thumb/v7e-m/fpv4-sp/hard/crti.o
 .ARM.attributes
                0x0000000000000022       0x34 c:/st/stm32cubeide_1.3.0/stm32cubeide/plugins/com.st.stm32cube.ide.mcu.externaltools.gnu-tools-for-stm32.7-2018-q2-update.win32_1.0.0.201904181610/tools/bin/../lib/gcc/arm-none-eabi/7.3.1/thumb/v7e-m/fpv4-sp/hard/crtbegin.o
 .ARM.attributes
                0x0000000000000056       0x39 Core/Src/main.o
 .ARM.attributes
                0x000000000000008f       0x39 Core/Src/stm32f4xx_hal_msp.o
 .ARM.attributes
                0x00000000000000c8       0x39 Core/Src/stm32f4xx_hal_timebase_tim.o
 .ARM.attributes
                0x0000000000000101       0x39 Core/Src/stm32f4xx_it.o
 .ARM.attributes
                0x000000000000013a       0x39 Core/Src/system_stm32f4xx.o
 .ARM.attributes
                0x0000000000000173       0x21 Core/Startup/startup_stm32f446retx.o
 .ARM.attributes
                0x0000000000000194       0x39 Drivers/STM32F4xx_HAL_Driver/Src/stm32f4xx_hal.o
 .ARM.attributes
                0x00000000000001cd       0x39 Drivers/STM32F4xx_HAL_Driver/Src/stm32f4xx_hal_cortex.o
 .ARM.attributes
                0x0000000000000206       0x39 Drivers/STM32F4xx_HAL_Driver/Src/stm32f4xx_hal_gpio.o
 .ARM.attributes
                0x000000000000023f       0x39 Drivers/STM32F4xx_HAL_Driver/Src/stm32f4xx_hal_pwr.o
 .ARM.attributes
                0x0000000000000278       0x39 Drivers/STM32F4xx_HAL_Driver/Src/stm32f4xx_hal_rcc.o
 .ARM.attributes
                0x00000000000002b1       0x39 Drivers/STM32F4xx_HAL_Driver/Src/stm32f4xx_hal_rcc_ex.o
 .ARM.attributes
                0x00000000000002ea       0x39 Drivers/STM32F4xx_HAL_Driver/Src/stm32f4xx_hal_tim.o
 .ARM.attributes
                0x0000000000000323       0x39 Drivers/STM32F4xx_HAL_Driver/Src/stm32f4xx_hal_tim_ex.o
 .ARM.attributes
                0x000000000000035c       0x39 common/thirdparty/FreeRTOS/list.o
 .ARM.attributes
                0x0000000000000395       0x39 common/thirdparty/FreeRTOS/queue.o
 .ARM.attributes
                0x00000000000003ce       0x39 common/thirdparty/FreeRTOS/tasks.o
 .ARM.attributes
                0x0000000000000407       0x39 common/thirdparty/FreeRTOS/timers.o
 .ARM.attributes
                0x0000000000000440       0x39 common/thirdparty/FreeRTOS/portable/GCC/ARM_CM4F/port.o
 .ARM.attributes
                0x0000000000000479       0x39 common/thirdparty/FreeRTOS/portable/MemMang/heap_4.o
 .ARM.attributes
                0x00000000000004b2       0x39 common/thirdparty/SEGGER/Config/SEGGER_SYSVIEW_Config_FreeRTOS.o
 .ARM.attributes
                0x00000000000004eb       0x39 common/thirdparty/SEGGER/OS/SEGGER_SYSVIEW_FreeRTOS.o
 .ARM.attributes
                0x0000000000000524       0x39 common/thirdparty/SEGGER/Rec/segger_uart.o
 .ARM.attributes
                0x000000000000055d       0x39 common/thirdparty/SEGGER/SEGGER/SEGGER_RTT.o
 .ARM.attributes
                0x0000000000000596       0x25 common/thirdparty/SEGGER/SEGGER/SEGGER_RTT_ASM_ARMv7M.o
 .ARM.attributes
                0x00000000000005bb       0x39 common/thirdparty/SEGGER/SEGGER/SEGGER_SYSVIEW.o
 .ARM.attributes
                0x00000000000005f4       0x34 c:/st/stm32cubeide_1.3.0/stm32cubeide/plugins/com.st.stm32cube.ide.mcu.externaltools.gnu-tools-for-stm32.7-2018-q2-update.win32_1.0.0.201904181610/tools/bin/../lib/gcc/arm-none-eabi/7.3.1/../../../../arm-none-eabi/lib/thumb/v7e-m/fpv4-sp/hard\libc_nano.a(lib_a-init.o)
 .ARM.attributes
                0x0000000000000628       0x34 c:/st/stm32cubeide_1.3.0/stm32cubeide/plugins/com.st.stm32cube.ide.mcu.externaltools.gnu-tools-for-stm32.7-2018-q2-update.win32_1.0.0.201904181610/tools/bin/../lib/gcc/arm-none-eabi/7.3.1/../../../../arm-none-eabi/lib/thumb/v7e-m/fpv4-sp/hard\libc_nano.a(lib_a-memcmp.o)
 .ARM.attributes
                0x000000000000065c       0x34 c:/st/stm32cubeide_1.3.0/stm32cubeide/plugins/com.st.stm32cube.ide.mcu.externaltools.gnu-tools-for-stm32.7-2018-q2-update.win32_1.0.0.201904181610/tools/bin/../lib/gcc/arm-none-eabi/7.3.1/../../../../arm-none-eabi/lib/thumb/v7e-m/fpv4-sp/hard\libc_nano.a(lib_a-memcpy-stub.o)
 .ARM.attributes
                0x0000000000000690       0x34 c:/st/stm32cubeide_1.3.0/stm32cubeide/plugins/com.st.stm32cube.ide.mcu.externaltools.gnu-tools-for-stm32.7-2018-q2-update.win32_1.0.0.201904181610/tools/bin/../lib/gcc/arm-none-eabi/7.3.1/../../../../arm-none-eabi/lib/thumb/v7e-m/fpv4-sp/hard\libc_nano.a(lib_a-memset.o)
 .ARM.attributes
                0x00000000000006c4       0x22 c:/st/stm32cubeide_1.3.0/stm32cubeide/plugins/com.st.stm32cube.ide.mcu.externaltools.gnu-tools-for-stm32.7-2018-q2-update.win32_1.0.0.201904181610/tools/bin/../lib/gcc/arm-none-eabi/7.3.1/thumb/v7e-m/fpv4-sp/hard\libgcc.a(_aeabi_uldivmod.o)
 .ARM.attributes
                0x00000000000006e6       0x34 c:/st/stm32cubeide_1.3.0/stm32cubeide/plugins/com.st.stm32cube.ide.mcu.externaltools.gnu-tools-for-stm32.7-2018-q2-update.win32_1.0.0.201904181610/tools/bin/../lib/gcc/arm-none-eabi/7.3.1/thumb/v7e-m/fpv4-sp/hard\libgcc.a(_udivmoddi4.o)
 .ARM.attributes
                0x000000000000071a       0x22 c:/st/stm32cubeide_1.3.0/stm32cubeide/plugins/com.st.stm32cube.ide.mcu.externaltools.gnu-tools-for-stm32.7-2018-q2-update.win32_1.0.0.201904181610/tools/bin/../lib/gcc/arm-none-eabi/7.3.1/thumb/v7e-m/fpv4-sp/hard\libgcc.a(_dvmd_tls.o)
 .ARM.attributes
                0x000000000000073c       0x22 c:/st/stm32cubeide_1.3.0/stm32cubeide/plugins/com.st.stm32cube.ide.mcu.externaltools.gnu-tools-for-stm32.7-2018-q2-update.win32_1.0.0.201904181610/tools/bin/../lib/gcc/arm-none-eabi/7.3.1/thumb/v7e-m/fpv4-sp/hard/crtn.o
OUTPUT(008IdleTaskPwrSave.elf elf32-littlearm)

.debug_info     0x0000000000000000    0x192ed
 .debug_info    0x0000000000000000      0xd8a Core/Src/main.o
 .debug_info    0x0000000000000d8a      0x396 Core/Src/stm32f4xx_hal_msp.o
 .debug_info    0x0000000000001120      0xb7f Core/Src/stm32f4xx_hal_timebase_tim.o
 .debug_info    0x0000000000001c9f      0x6b8 Core/Src/stm32f4xx_it.o
 .debug_info    0x0000000000002357      0x588 Core/Src/system_stm32f4xx.o
 .debug_info    0x00000000000028df       0x22 Core/Startup/startup_stm32f446retx.o
 .debug_info    0x0000000000002901      0x997 Drivers/STM32F4xx_HAL_Driver/Src/stm32f4xx_hal.o
 .debug_info    0x0000000000003298      0xe46 Drivers/STM32F4xx_HAL_Driver/Src/stm32f4xx_hal_cortex.o
 .debug_info    0x00000000000040de      0x803 Drivers/STM32F4xx_HAL_Driver/Src/stm32f4xx_hal_gpio.o
 .debug_info    0x00000000000048e1      0x79b Drivers/STM32F4xx_HAL_Driver/Src/stm32f4xx_hal_pwr.o
 .debug_info    0x000000000000507c      0x944 Drivers/STM32F4xx_HAL_Driver/Src/stm32f4xx_hal_rcc.o
 .debug_info    0x00000000000059c0      0x9d5 Drivers/STM32F4xx_HAL_Driver/Src/stm32f4xx_hal_rcc_ex.o
 .debug_info    0x0000000000006395     0x24a9 Drivers/STM32F4xx_HAL_Driver/Src/stm32f4xx_hal_tim.o
 .debug_info    0x000000000000883e     0x1157 Drivers/STM32F4xx_HAL_Driver/Src/stm32f4xx_hal_tim_ex.o
 .debug_info    0x0000000000009995      0xae1 common/thirdparty/FreeRTOS/list.o
 .debug_info    0x000000000000a476     0x204c common/thirdparty/FreeRTOS/queue.o
 .debug_info    0x000000000000c4c2     0x2eee common/thirdparty/FreeRTOS/tasks.o
 .debug_info    0x000000000000f3b0     0x146b common/thirdparty/FreeRTOS/timers.o
 .debug_info    0x000000000001081b      0x608 common/thirdparty/FreeRTOS/portable/GCC/ARM_CM4F/port.o
 .debug_info    0x0000000000010e23      0xd03 common/thirdparty/FreeRTOS/portable/MemMang/heap_4.o
 .debug_info    0x0000000000011b26      0x125 common/thirdparty/SEGGER/Config/SEGGER_SYSVIEW_Config_FreeRTOS.o
 .debug_info    0x0000000000011c4b      0xb92 common/thirdparty/SEGGER/OS/SEGGER_SYSVIEW_FreeRTOS.o
 .debug_info    0x00000000000127dd     0x12ae common/thirdparty/SEGGER/Rec/segger_uart.o
 .debug_info    0x0000000000013a8b     0x1bab common/thirdparty/SEGGER/SEGGER/SEGGER_RTT.o
 .debug_info    0x0000000000015636       0x26 common/thirdparty/SEGGER/SEGGER/SEGGER_RTT_ASM_ARMv7M.o
 .debug_info    0x000000000001565c     0x3c91 common/thirdparty/SEGGER/SEGGER/SEGGER_SYSVIEW.o

.debug_abbrev   0x0000000000000000     0x32ea
 .debug_abbrev  0x0000000000000000      0x25e Core/Src/main.o
 .debug_abbrev  0x000000000000025e      0x109 Core/Src/stm32f4xx_hal_msp.o
 .debug_abbrev  0x0000000000000367      0x19d Core/Src/stm32f4xx_hal_timebase_tim.o
 .debug_abbrev  0x0000000000000504      0x15a Core/Src/stm32f4xx_it.o
 .debug_abbrev  0x000000000000065e      0x12b Core/Src/system_stm32f4xx.o
 .debug_abbrev  0x0000000000000789       0x12 Core/Startup/startup_stm32f446retx.o
 .debug_abbrev  0x000000000000079b      0x1c7 Drivers/STM32F4xx_HAL_Driver/Src/stm32f4xx_hal.o
 .debug_abbrev  0x0000000000000962      0x2fa Drivers/STM32F4xx_HAL_Driver/Src/stm32f4xx_hal_cortex.o
 .debug_abbrev  0x0000000000000c5c      0x1c9 Drivers/STM32F4xx_HAL_Driver/Src/stm32f4xx_hal_gpio.o
 .debug_abbrev  0x0000000000000e25      0x196 Drivers/STM32F4xx_HAL_Driver/Src/stm32f4xx_hal_pwr.o
 .debug_abbrev  0x0000000000000fbb      0x245 Drivers/STM32F4xx_HAL_Driver/Src/stm32f4xx_hal_rcc.o
 .debug_abbrev  0x0000000000001200      0x1bc Drivers/STM32F4xx_HAL_Driver/Src/stm32f4xx_hal_rcc_ex.o
 .debug_abbrev  0x00000000000013bc      0x230 Drivers/STM32F4xx_HAL_Driver/Src/stm32f4xx_hal_tim.o
 .debug_abbrev  0x00000000000015ec      0x21e Drivers/STM32F4xx_HAL_Driver/Src/stm32f4xx_hal_tim_ex.o
 .debug_abbrev  0x000000000000180a      0x1cf common/thirdparty/FreeRTOS/list.o
 .debug_abbrev  0x00000000000019d9      0x2f1 common/thirdparty/FreeRTOS/queue.o
 .debug_abbrev  0x0000000000001cca      0x384 common/thirdparty/FreeRTOS/tasks.o
 .debug_abbrev  0x000000000000204e      0x2b7 common/thirdparty/FreeRTOS/timers.o
 .debug_abbrev  0x0000000000002305      0x210 common/thirdparty/FreeRTOS/portable/GCC/ARM_CM4F/port.o
 .debug_abbrev  0x0000000000002515      0x29e common/thirdparty/FreeRTOS/portable/MemMang/heap_4.o
 .debug_abbrev  0x00000000000027b3       0xb5 common/thirdparty/SEGGER/Config/SEGGER_SYSVIEW_Config_FreeRTOS.o
 .debug_abbrev  0x0000000000002868      0x1ed common/thirdparty/SEGGER/OS/SEGGER_SYSVIEW_FreeRTOS.o
 .debug_abbrev  0x0000000000002a55      0x2a2 common/thirdparty/SEGGER/Rec/segger_uart.o
 .debug_abbrev  0x0000000000002cf7      0x2a7 common/thirdparty/SEGGER/SEGGER/SEGGER_RTT.o
 .debug_abbrev  0x0000000000002f9e       0x14 common/thirdparty/SEGGER/SEGGER/SEGGER_RTT_ASM_ARMv7M.o
 .debug_abbrev  0x0000000000002fb2      0x338 common/thirdparty/SEGGER/SEGGER/SEGGER_SYSVIEW.o

.debug_aranges  0x0000000000000000     0x1440
 .debug_aranges
                0x0000000000000000       0x60 Core/Src/main.o
 .debug_aranges
                0x0000000000000060       0x20 Core/Src/stm32f4xx_hal_msp.o
 .debug_aranges
                0x0000000000000080       0x30 Core/Src/stm32f4xx_hal_timebase_tim.o
 .debug_aranges
                0x00000000000000b0       0x50 Core/Src/stm32f4xx_it.o
 .debug_aranges
                0x0000000000000100       0x28 Core/Src/system_stm32f4xx.o
 .debug_aranges
                0x0000000000000128       0x28 Core/Startup/startup_stm32f446retx.o
 .debug_aranges
                0x0000000000000150       0xf0 Drivers/STM32F4xx_HAL_Driver/Src/stm32f4xx_hal.o
 .debug_aranges
                0x0000000000000240      0x118 Drivers/STM32F4xx_HAL_Driver/Src/stm32f4xx_hal_cortex.o
 .debug_aranges
                0x0000000000000358       0x58 Drivers/STM32F4xx_HAL_Driver/Src/stm32f4xx_hal_gpio.o
 .debug_aranges
                0x00000000000003b0       0xa0 Drivers/STM32F4xx_HAL_Driver/Src/stm32f4xx_hal_pwr.o
 .debug_aranges
                0x0000000000000450       0x88 Drivers/STM32F4xx_HAL_Driver/Src/stm32f4xx_hal_rcc.o
 .debug_aranges
                0x00000000000004d8       0x78 Drivers/STM32F4xx_HAL_Driver/Src/stm32f4xx_hal_rcc_ex.o
 .debug_aranges
                0x0000000000000550      0x3a8 Drivers/STM32F4xx_HAL_Driver/Src/stm32f4xx_hal_tim.o
 .debug_aranges
                0x00000000000008f8      0x150 Drivers/STM32F4xx_HAL_Driver/Src/stm32f4xx_hal_tim_ex.o
 .debug_aranges
                0x0000000000000a48       0x40 common/thirdparty/FreeRTOS/list.o
 .debug_aranges
                0x0000000000000a88      0x130 common/thirdparty/FreeRTOS/queue.o
 .debug_aranges
                0x0000000000000bb8      0x218 common/thirdparty/FreeRTOS/tasks.o
 .debug_aranges
                0x0000000000000dd0       0xe0 common/thirdparty/FreeRTOS/timers.o
 .debug_aranges
                0x0000000000000eb0       0x88 common/thirdparty/FreeRTOS/portable/GCC/ARM_CM4F/port.o
 .debug_aranges
                0x0000000000000f38       0x58 common/thirdparty/FreeRTOS/portable/MemMang/heap_4.o
 .debug_aranges
                0x0000000000000f90       0x28 common/thirdparty/SEGGER/Config/SEGGER_SYSVIEW_Config_FreeRTOS.o
 .debug_aranges
                0x0000000000000fb8       0x48 common/thirdparty/SEGGER/OS/SEGGER_SYSVIEW_FreeRTOS.o
 .debug_aranges
                0x0000000000001000       0x68 common/thirdparty/SEGGER/Rec/segger_uart.o
 .debug_aranges
                0x0000000000001068      0x138 common/thirdparty/SEGGER/SEGGER/SEGGER_RTT.o
 .debug_aranges
                0x00000000000011a0       0x20 common/thirdparty/SEGGER/SEGGER/SEGGER_RTT_ASM_ARMv7M.o
 .debug_aranges
                0x00000000000011c0      0x280 common/thirdparty/SEGGER/SEGGER/SEGGER_SYSVIEW.o

.debug_ranges   0x0000000000000000     0x1298
 .debug_ranges  0x0000000000000000       0x50 Core/Src/main.o
 .debug_ranges  0x0000000000000050       0x10 Core/Src/stm32f4xx_hal_msp.o
 .debug_ranges  0x0000000000000060       0x20 Core/Src/stm32f4xx_hal_timebase_tim.o
 .debug_ranges  0x0000000000000080       0x40 Core/Src/stm32f4xx_it.o
 .debug_ranges  0x00000000000000c0       0x18 Core/Src/system_stm32f4xx.o
 .debug_ranges  0x00000000000000d8       0x20 Core/Startup/startup_stm32f446retx.o
 .debug_ranges  0x00000000000000f8       0xe0 Drivers/STM32F4xx_HAL_Driver/Src/stm32f4xx_hal.o
 .debug_ranges  0x00000000000001d8      0x108 Drivers/STM32F4xx_HAL_Driver/Src/stm32f4xx_hal_cortex.o
 .debug_ranges  0x00000000000002e0       0x48 Drivers/STM32F4xx_HAL_Driver/Src/stm32f4xx_hal_gpio.o
 .debug_ranges  0x0000000000000328       0x90 Drivers/STM32F4xx_HAL_Driver/Src/stm32f4xx_hal_pwr.o
 .debug_ranges  0x00000000000003b8       0x78 Drivers/STM32F4xx_HAL_Driver/Src/stm32f4xx_hal_rcc.o
 .debug_ranges  0x0000000000000430       0x68 Drivers/STM32F4xx_HAL_Driver/Src/stm32f4xx_hal_rcc_ex.o
 .debug_ranges  0x0000000000000498      0x398 Drivers/STM32F4xx_HAL_Driver/Src/stm32f4xx_hal_tim.o
 .debug_ranges  0x0000000000000830      0x140 Drivers/STM32F4xx_HAL_Driver/Src/stm32f4xx_hal_tim_ex.o
 .debug_ranges  0x0000000000000970       0x30 common/thirdparty/FreeRTOS/list.o
 .debug_ranges  0x00000000000009a0      0x120 common/thirdparty/FreeRTOS/queue.o
 .debug_ranges  0x0000000000000ac0      0x208 common/thirdparty/FreeRTOS/tasks.o
 .debug_ranges  0x0000000000000cc8       0xd0 common/thirdparty/FreeRTOS/timers.o
 .debug_ranges  0x0000000000000d98       0x78 common/thirdparty/FreeRTOS/portable/GCC/ARM_CM4F/port.o
 .debug_ranges  0x0000000000000e10       0x48 common/thirdparty/FreeRTOS/portable/MemMang/heap_4.o
 .debug_ranges  0x0000000000000e58       0x18 common/thirdparty/SEGGER/Config/SEGGER_SYSVIEW_Config_FreeRTOS.o
 .debug_ranges  0x0000000000000e70       0x38 common/thirdparty/SEGGER/OS/SEGGER_SYSVIEW_FreeRTOS.o
 .debug_ranges  0x0000000000000ea8       0x58 common/thirdparty/SEGGER/Rec/segger_uart.o
 .debug_ranges  0x0000000000000f00      0x128 common/thirdparty/SEGGER/SEGGER/SEGGER_RTT.o
 .debug_ranges  0x0000000000001028      0x270 common/thirdparty/SEGGER/SEGGER/SEGGER_SYSVIEW.o

.debug_macro    0x0000000000000000    0x23e24
 .debug_macro   0x0000000000000000      0x2a7 Core/Src/main.o
 .debug_macro   0x00000000000002a7      0xa5a Core/Src/main.o
 .debug_macro   0x0000000000000d01      0x184 Core/Src/main.o
 .debug_macro   0x0000000000000e85       0x2e Core/Src/main.o
 .debug_macro   0x0000000000000eb3       0x28 Core/Src/main.o
 .debug_macro   0x0000000000000edb       0x22 Core/Src/main.o
 .debug_macro   0x0000000000000efd       0x8e Core/Src/main.o
 .debug_macro   0x0000000000000f8b       0x51 Core/Src/main.o
 .debug_macro   0x0000000000000fdc       0xef Core/Src/main.o
 .debug_macro   0x00000000000010cb       0x6a Core/Src/main.o
 .debug_macro   0x0000000000001135      0x1df Core/Src/main.o
 .debug_macro   0x0000000000001314       0x1c Core/Src/main.o
 .debug_macro   0x0000000000001330       0x22 Core/Src/main.o
 .debug_macro   0x0000000000001352       0xdf Core/Src/main.o
 .debug_macro   0x0000000000001431     0x102d Core/Src/main.o
 .debug_macro   0x000000000000245e      0x11f Core/Src/main.o
 .debug_macro   0x000000000000257d    0x1672d Core/Src/main.o
 .debug_macro   0x0000000000018caa       0x43 Core/Src/main.o
 .debug_macro   0x0000000000018ced     0x3659 Core/Src/main.o
 .debug_macro   0x000000000001c346      0x174 Core/Src/main.o
 .debug_macro   0x000000000001c4ba       0x5a Core/Src/main.o
 .debug_macro   0x000000000001c514      0xc90 Core/Src/main.o
 .debug_macro   0x000000000001d1a4      0x9fe Core/Src/main.o
 .debug_macro   0x000000000001dba2      0x16d Core/Src/main.o
 .debug_macro   0x000000000001dd0f      0x117 Core/Src/main.o
 .debug_macro   0x000000000001de26      0x1a0 Core/Src/main.o
 .debug_macro   0x000000000001dfc6       0x27 Core/Src/main.o
 .debug_macro   0x000000000001dfed      0x287 Core/Src/main.o
 .debug_macro   0x000000000001e274       0x5f Core/Src/main.o
 .debug_macro   0x000000000001e2d3      0x236 Core/Src/main.o
 .debug_macro   0x000000000001e509      0x132 Core/Src/main.o
 .debug_macro   0x000000000001e63b      0x29c Core/Src/main.o
 .debug_macro   0x000000000001e8d7       0x2e Core/Src/main.o
 .debug_macro   0x000000000001e905      0x11a Core/Src/main.o
 .debug_macro   0x000000000001ea1f       0xe8 Core/Src/main.o
 .debug_macro   0x000000000001eb07       0x89 Core/Src/main.o
 .debug_macro   0x000000000001eb90      0x8a0 Core/Src/main.o
 .debug_macro   0x000000000001f430       0x4d Core/Src/main.o
 .debug_macro   0x000000000001f47d      0x126 Core/Src/main.o
 .debug_macro   0x000000000001f5a3       0x58 Core/Src/main.o
 .debug_macro   0x000000000001f5fb      0x11b Core/Src/main.o
 .debug_macro   0x000000000001f716       0x58 Core/Src/main.o
 .debug_macro   0x000000000001f76e       0x46 Core/Src/main.o
 .debug_macro   0x000000000001f7b4       0x64 Core/Src/main.o
 .debug_macro   0x000000000001f818       0x16 Core/Src/main.o
 .debug_macro   0x000000000001f82e       0x49 Core/Src/main.o
 .debug_macro   0x000000000001f877       0xbc Core/Src/main.o
 .debug_macro   0x000000000001f933      0x204 Core/Src/main.o
 .debug_macro   0x000000000001fb37      0x450 Core/Src/main.o
 .debug_macro   0x000000000001ff87      0x15a Core/Src/main.o
 .debug_macro   0x00000000000200e1       0xea Core/Src/main.o
 .debug_macro   0x00000000000201cb       0x28 Core/Src/main.o
 .debug_macro   0x00000000000201f3       0x1f Core/Src/main.o
 .debug_macro   0x0000000000020212       0x12 Core/Src/main.o
 .debug_macro   0x0000000000020224      0x3d7 Core/Src/main.o
 .debug_macro   0x00000000000205fb       0xc3 Core/Src/main.o
 .debug_macro   0x00000000000206be      0x120 Core/Src/main.o
 .debug_macro   0x00000000000207de      0x1d3 Core/Src/stm32f4xx_hal_msp.o
 .debug_macro   0x00000000000209b1      0x1c4 Core/Src/stm32f4xx_hal_timebase_tim.o
 .debug_macro   0x0000000000020b75      0x1dd Core/Src/stm32f4xx_it.o
 .debug_macro   0x0000000000020d52      0x1ca Core/Src/system_stm32f4xx.o
 .debug_macro   0x0000000000020f1c      0x224 Drivers/STM32F4xx_HAL_Driver/Src/stm32f4xx_hal.o
 .debug_macro   0x0000000000021140      0x1c4 Drivers/STM32F4xx_HAL_Driver/Src/stm32f4xx_hal_cortex.o
 .debug_macro   0x0000000000021304      0x1fa Drivers/STM32F4xx_HAL_Driver/Src/stm32f4xx_hal_gpio.o
 .debug_macro   0x00000000000214fe      0x1dc Drivers/STM32F4xx_HAL_Driver/Src/stm32f4xx_hal_pwr.o
 .debug_macro   0x00000000000216da      0x1e8 Drivers/STM32F4xx_HAL_Driver/Src/stm32f4xx_hal_rcc.o
 .debug_macro   0x00000000000218c2      0x1c4 Drivers/STM32F4xx_HAL_Driver/Src/stm32f4xx_hal_rcc_ex.o
 .debug_macro   0x0000000000021a86      0x1c5 Drivers/STM32F4xx_HAL_Driver/Src/stm32f4xx_hal_tim.o
 .debug_macro   0x0000000000021c4b      0x1c4 Drivers/STM32F4xx_HAL_Driver/Src/stm32f4xx_hal_tim_ex.o
 .debug_macro   0x0000000000021e0f      0x1ec common/thirdparty/FreeRTOS/list.o
 .debug_macro   0x0000000000021ffb      0x275 common/thirdparty/FreeRTOS/queue.o
 .debug_macro   0x0000000000022270       0x16 common/thirdparty/FreeRTOS/queue.o
 .debug_macro   0x0000000000022286       0x20 common/thirdparty/FreeRTOS/queue.o
 .debug_macro   0x00000000000222a6       0x80 common/thirdparty/FreeRTOS/queue.o
 .debug_macro   0x0000000000022326      0x2d2 common/thirdparty/FreeRTOS/tasks.o
 .debug_macro   0x00000000000225f8       0x17 common/thirdparty/FreeRTOS/tasks.o
 .debug_macro   0x000000000002260f      0x23b common/thirdparty/FreeRTOS/timers.o
 .debug_macro   0x000000000002284a       0x97 common/thirdparty/FreeRTOS/timers.o
 .debug_macro   0x00000000000228e1      0x1fc common/thirdparty/FreeRTOS/portable/GCC/ARM_CM4F/port.o
 .debug_macro   0x0000000000022add      0x207 common/thirdparty/FreeRTOS/portable/MemMang/heap_4.o
 .debug_macro   0x0000000000022ce4      0x13c common/thirdparty/SEGGER/Config/SEGGER_SYSVIEW_Config_FreeRTOS.o
 .debug_macro   0x0000000000022e20      0x1fb common/thirdparty/SEGGER/OS/SEGGER_SYSVIEW_FreeRTOS.o
 .debug_macro   0x000000000002301b      0x40f common/thirdparty/SEGGER/Rec/segger_uart.o
 .debug_macro   0x000000000002342a       0x3a common/thirdparty/SEGGER/Rec/segger_uart.o
 .debug_macro   0x0000000000023464      0x138 common/thirdparty/SEGGER/Rec/segger_uart.o
 .debug_macro   0x000000000002359c       0xd9 common/thirdparty/SEGGER/Rec/segger_uart.o
 .debug_macro   0x0000000000023675       0x54 common/thirdparty/SEGGER/Rec/segger_uart.o
 .debug_macro   0x00000000000236c9      0x1b0 common/thirdparty/SEGGER/SEGGER/SEGGER_RTT.o
 .debug_macro   0x0000000000023879       0x34 common/thirdparty/SEGGER/SEGGER/SEGGER_RTT.o
 .debug_macro   0x00000000000238ad      0x205 common/thirdparty/SEGGER/SEGGER/SEGGER_SYSVIEW.o
 .debug_macro   0x0000000000023ab2      0x204 common/thirdparty/SEGGER/SEGGER/SEGGER_SYSVIEW.o
 .debug_macro   0x0000000000023cb6      0x16e common/thirdparty/SEGGER/SEGGER/SEGGER_SYSVIEW.o

.debug_line     0x0000000000000000    0x1159d
 .debug_line    0x0000000000000000      0xb18 Core/Src/main.o
 .debug_line    0x0000000000000b18      0x6a9 Core/Src/stm32f4xx_hal_msp.o
 .debug_line    0x00000000000011c1      0x6dd Core/Src/stm32f4xx_hal_timebase_tim.o
 .debug_line    0x000000000000189e      0x72b Core/Src/stm32f4xx_it.o
 .debug_line    0x0000000000001fc9      0x6c4 Core/Src/system_stm32f4xx.o
 .debug_line    0x000000000000268d       0x85 Core/Startup/startup_stm32f446retx.o
 .debug_line    0x0000000000002712      0x8ae Drivers/STM32F4xx_HAL_Driver/Src/stm32f4xx_hal.o
 .debug_line    0x0000000000002fc0      0x9d2 Drivers/STM32F4xx_HAL_Driver/Src/stm32f4xx_hal_cortex.o
 .debug_line    0x0000000000003992      0x879 Drivers/STM32F4xx_HAL_Driver/Src/stm32f4xx_hal_gpio.o
 .debug_line    0x000000000000420b      0x7f5 Drivers/STM32F4xx_HAL_Driver/Src/stm32f4xx_hal_pwr.o
 .debug_line    0x0000000000004a00      0x906 Drivers/STM32F4xx_HAL_Driver/Src/stm32f4xx_hal_rcc.o
 .debug_line    0x0000000000005306      0xa97 Drivers/STM32F4xx_HAL_Driver/Src/stm32f4xx_hal_rcc_ex.o
 .debug_line    0x0000000000005d9d     0x1927 Drivers/STM32F4xx_HAL_Driver/Src/stm32f4xx_hal_tim.o
 .debug_line    0x00000000000076c4      0xcc4 Drivers/STM32F4xx_HAL_Driver/Src/stm32f4xx_hal_tim_ex.o
 .debug_line    0x0000000000008388      0x8cf common/thirdparty/FreeRTOS/list.o
 .debug_line    0x0000000000008c57     0x12ed common/thirdparty/FreeRTOS/queue.o
 .debug_line    0x0000000000009f44     0x1826 common/thirdparty/FreeRTOS/tasks.o
 .debug_line    0x000000000000b76a      0xc37 common/thirdparty/FreeRTOS/timers.o
 .debug_line    0x000000000000c3a1      0x936 common/thirdparty/FreeRTOS/portable/GCC/ARM_CM4F/port.o
 .debug_line    0x000000000000ccd7      0x9f6 common/thirdparty/FreeRTOS/portable/MemMang/heap_4.o
 .debug_line    0x000000000000d6cd      0x6dc common/thirdparty/SEGGER/Config/SEGGER_SYSVIEW_Config_FreeRTOS.o
 .debug_line    0x000000000000dda9      0x8ee common/thirdparty/SEGGER/OS/SEGGER_SYSVIEW_FreeRTOS.o
 .debug_line    0x000000000000e697      0xa8e common/thirdparty/SEGGER/Rec/segger_uart.o
 .debug_line    0x000000000000f125      0xa72 common/thirdparty/SEGGER/SEGGER/SEGGER_RTT.o
 .debug_line    0x000000000000fb97       0xe7 common/thirdparty/SEGGER/SEGGER/SEGGER_RTT_ASM_ARMv7M.o
 .debug_line    0x000000000000fc7e     0x191f common/thirdparty/SEGGER/SEGGER/SEGGER_SYSVIEW.o

.debug_str      0x0000000000000000    0xdb65b
 .debug_str     0x0000000000000000    0xcef00 Core/Src/main.o
                                      0xcf288 (size before relaxing)
 .debug_str     0x00000000000cef00       0x2c Core/Src/stm32f4xx_hal_msp.o
                                      0xc5c64 (size before relaxing)
 .debug_str     0x00000000000cef2c      0x5a0 Core/Src/stm32f4xx_hal_timebase_tim.o
                                      0xc657c (size before relaxing)
 .debug_str     0x00000000000cf4cc       0xa2 Core/Src/stm32f4xx_it.o
                                      0xc5fd7 (size before relaxing)
 .debug_str     0x00000000000cf56e       0xc4 Core/Src/system_stm32f4xx.o
                                      0xc5bc5 (size before relaxing)
 .debug_str     0x00000000000cf632       0x36 Core/Startup/startup_stm32f446retx.o
                                         0x92 (size before relaxing)
 .debug_str     0x00000000000cf668      0x542 Drivers/STM32F4xx_HAL_Driver/Src/stm32f4xx_hal.o
                                      0xc66d3 (size before relaxing)
 .debug_str     0x00000000000cfbaa      0x392 Drivers/STM32F4xx_HAL_Driver/Src/stm32f4xx_hal_cortex.o
                                      0xc649d (size before relaxing)
 .debug_str     0x00000000000cff3c      0x20c Drivers/STM32F4xx_HAL_Driver/Src/stm32f4xx_hal_gpio.o
                                      0xc5e04 (size before relaxing)
 .debug_str     0x00000000000d0148      0x25e Drivers/STM32F4xx_HAL_Driver/Src/stm32f4xx_hal_pwr.o
                                      0xc5e08 (size before relaxing)
 .debug_str     0x00000000000d03a6      0x24f Drivers/STM32F4xx_HAL_Driver/Src/stm32f4xx_hal_rcc.o
                                      0xc5fb7 (size before relaxing)
 .debug_str     0x00000000000d05f5      0x324 Drivers/STM32F4xx_HAL_Driver/Src/stm32f4xx_hal_rcc_ex.o
                                      0xc6009 (size before relaxing)
 .debug_str     0x00000000000d0919      0xd6f Drivers/STM32F4xx_HAL_Driver/Src/stm32f4xx_hal_tim.o
                                      0xc6cac (size before relaxing)
 .debug_str     0x00000000000d1688      0x4ec Drivers/STM32F4xx_HAL_Driver/Src/stm32f4xx_hal_tim_ex.o
                                      0xc64ac (size before relaxing)
 .debug_str     0x00000000000d1b74     0x316f common/thirdparty/FreeRTOS/list.o
                                       0xedd2 (size before relaxing)
 .debug_str     0x00000000000d4ce3     0x109a common/thirdparty/FreeRTOS/queue.o
                                      0x110a5 (size before relaxing)
 .debug_str     0x00000000000d5d7d     0x1ccf common/thirdparty/FreeRTOS/tasks.o
                                      0x11e7b (size before relaxing)
 .debug_str     0x00000000000d7a4c      0x5a2 common/thirdparty/FreeRTOS/timers.o
                                      0x114b8 (size before relaxing)
 .debug_str     0x00000000000d7fee      0x842 common/thirdparty/FreeRTOS/portable/GCC/ARM_CM4F/port.o
                                       0xd72e (size before relaxing)
 .debug_str     0x00000000000d8830      0x357 common/thirdparty/FreeRTOS/portable/MemMang/heap_4.o
                                      0x1024c (size before relaxing)
 .debug_str     0x00000000000d8b87      0x1ba common/thirdparty/SEGGER/Config/SEGGER_SYSVIEW_Config_FreeRTOS.o
                                       0xb291 (size before relaxing)
 .debug_str     0x00000000000d8d41      0x13c common/thirdparty/SEGGER/OS/SEGGER_SYSVIEW_FreeRTOS.o
                                       0xffa7 (size before relaxing)
 .debug_str     0x00000000000d8e7d     0x109e common/thirdparty/SEGGER/Rec/segger_uart.o
                                      0xcbaf6 (size before relaxing)
 .debug_str     0x00000000000d9f1b      0x71b common/thirdparty/SEGGER/SEGGER/SEGGER_RTT.o
                                       0x795d (size before relaxing)
 .debug_str     0x00000000000da636       0x7b common/thirdparty/SEGGER/SEGGER/SEGGER_RTT_ASM_ARMv7M.o
                                         0xe5 (size before relaxing)
 .debug_str     0x00000000000da6b1      0xfaa common/thirdparty/SEGGER/SEGGER/SEGGER_SYSVIEW.o
                                       0x993e (size before relaxing)

.comment        0x0000000000000000       0x7b
 .comment       0x0000000000000000       0x7b Core/Src/main.o
                                         0x7c (size before relaxing)
 .comment       0x000000000000007b       0x7c Core/Src/stm32f4xx_hal_msp.o
 .comment       0x000000000000007b       0x7c Core/Src/stm32f4xx_hal_timebase_tim.o
 .comment       0x000000000000007b       0x7c Core/Src/stm32f4xx_it.o
 .comment       0x000000000000007b       0x7c Core/Src/system_stm32f4xx.o
 .comment       0x000000000000007b       0x7c Drivers/STM32F4xx_HAL_Driver/Src/stm32f4xx_hal.o
 .comment       0x000000000000007b       0x7c Drivers/STM32F4xx_HAL_Driver/Src/stm32f4xx_hal_cortex.o
 .comment       0x000000000000007b       0x7c Drivers/STM32F4xx_HAL_Driver/Src/stm32f4xx_hal_gpio.o
 .comment       0x000000000000007b       0x7c Drivers/STM32F4xx_HAL_Driver/Src/stm32f4xx_hal_pwr.o
 .comment       0x000000000000007b       0x7c Drivers/STM32F4xx_HAL_Driver/Src/stm32f4xx_hal_rcc.o
 .comment       0x000000000000007b       0x7c Drivers/STM32F4xx_HAL_Driver/Src/stm32f4xx_hal_rcc_ex.o
 .comment       0x000000000000007b       0x7c Drivers/STM32F4xx_HAL_Driver/Src/stm32f4xx_hal_tim.o
 .comment       0x000000000000007b       0x7c Drivers/STM32F4xx_HAL_Driver/Src/stm32f4xx_hal_tim_ex.o
 .comment       0x000000000000007b       0x7c common/thirdparty/FreeRTOS/list.o
 .comment       0x000000000000007b       0x7c common/thirdparty/FreeRTOS/queue.o
 .comment       0x000000000000007b       0x7c common/thirdparty/FreeRTOS/tasks.o
 .comment       0x000000000000007b       0x7c common/thirdparty/FreeRTOS/timers.o
 .comment       0x000000000000007b       0x7c common/thirdparty/FreeRTOS/portable/GCC/ARM_CM4F/port.o
 .comment       0x000000000000007b       0x7c common/thirdparty/FreeRTOS/portable/MemMang/heap_4.o
 .comment       0x000000000000007b       0x7c common/thirdparty/SEGGER/Config/SEGGER_SYSVIEW_Config_FreeRTOS.o
 .comment       0x000000000000007b       0x7c common/thirdparty/SEGGER/OS/SEGGER_SYSVIEW_FreeRTOS.o
 .comment       0x000000000000007b       0x7c common/thirdparty/SEGGER/Rec/segger_uart.o
 .comment       0x000000000000007b       0x7c common/thirdparty/SEGGER/SEGGER/SEGGER_RTT.o
 .comment       0x000000000000007b       0x7c common/thirdparty/SEGGER/SEGGER/SEGGER_SYSVIEW.o

.debug_frame    0x0000000000000000     0x53f0
 .debug_frame   0x0000000000000000      0x138 Core/Src/main.o
 .debug_frame   0x0000000000000138       0x38 Core/Src/stm32f4xx_hal_msp.o
 .debug_frame   0x0000000000000170       0x74 Core/Src/stm32f4xx_hal_timebase_tim.o
 .debug_frame   0x00000000000001e4       0xcc Core/Src/stm32f4xx_it.o
 .debug_frame   0x00000000000002b0       0x58 Core/Src/system_stm32f4xx.o