Archive member included to satisfy reference by file (symbol)

c:/st/stm32cubeide_1.3.0/stm32cubeide/plugins/com.st.stm32cube.ide.mcu.externaltools.gnu-tools-for-stm32.9-2020-q2-update.win32_2.0.0.202105311346/tools/bin/../lib/gcc/arm-none-eabi/9.3.1/../../../../arm-none-eabi/lib/thumb/v7e-m+fp/hard\libc_nano.a(lib_a-errno.o)
                              ./Core/Src/syscalls.o (__errno)
c:/st/stm32cubeide_1.3.0/stm32cubeide/plugins/com.st.stm32cube.ide.mcu.externaltools.gnu-tools-for-stm32.9-2020-q2-update.win32_2.0.0.202105311346/tools/bin/../lib/gcc/arm-none-eabi/9.3.1/../../../../arm-none-eabi/lib/thumb/v7e-m+fp/hard\libc_nano.a(lib_a-exit.o)
                              c:/st/stm32cubeide_1.3.0/stm32cubeide/plugins/com.st.stm32cube.ide.mcu.externaltools.gnu-tools-for-stm32.9-2020-q2-update.win32_2.0.0.202105311346/tools/bin/../lib/gcc/arm-none-eabi/9.3.1/../../../../arm-none-eabi/lib/thumb/v7e-m+fp/hard/crt0.o (exit)
c:/st/stm32cubeide_1.3.0/stm32cubeide/plugins/com.st.stm32cube.ide.mcu.externaltools.gnu-tools-for-stm32.9-2020-q2-update.win32_2.0.0.202105311346/tools/bin/../lib/gcc/arm-none-eabi/9.3.1/../../../../arm-none-eabi/lib/thumb/v7e-m+fp/hard\libc_nano.a(lib_a-impure.o)
                              c:/st/stm32cubeide_1.3.0/stm32cubeide/plugins/com.st.stm32cube.ide.mcu.externaltools.gnu-tools-for-stm32.9-2020-q2-update.win32_2.0.0.202105311346/tools/bin/../lib/gcc/arm-none-eabi/9.3.1/../../../../arm-none-eabi/lib/thumb/v7e-m+fp/hard\libc_nano.a(lib_a-exit.o) (_global_impure_ptr)
c:/st/stm32cubeide_1.3.0/stm32cubeide/plugins/com.st.stm32cube.ide.mcu.externaltools.gnu-tools-for-stm32.9-2020-q2-update.win32_2.0.0.202105311346/tools/bin/../lib/gcc/arm-none-eabi/9.3.1/../../../../arm-none-eabi/lib/thumb/v7e-m+fp/hard\libc_nano.a(lib_a-init.o)
                              c:/st/stm32cubeide_1.3.0/stm32cubeide/plugins/com.st.stm32cube.ide.mcu.externaltools.gnu-tools-for-stm32.9-2020-q2-update.win32_2.0.0.202105311346/tools/bin/../lib/gcc/arm-none-eabi/9.3.1/../../../../arm-none-eabi/lib/thumb/v7e-m+fp/hard/crt0.o (__libc_init_array)
c:/st/stm32cubeide_1.3.0/stm32cubeide/plugins/com.st.stm32cube.ide.mcu.externaltools.gnu-tools-for-stm32.9-2020-q2-update.win32_2.0.0.202105311346/tools/bin/../lib/gcc/arm-none-eabi/9.3.1/../../../../arm-none-eabi/lib/thumb/v7e-m+fp/hard\libc_nano.a(lib_a-memcmp.o)
                              ./common/thirdparty/SEGGER/OS/SEGGER_SYSVIEW_FreeRTOS.o (memcmp)
c:/st/stm32cubeide_1.3.0/stm32cubeide/plugins/com.st.stm32cube.ide.mcu.externaltools.gnu-tools-for-stm32.9-2020-q2-update.win32_2.0.0.202105311346/tools/bin/../lib/gcc/arm-none-eabi/9.3.1/../../../../arm-none-eabi/lib/thumb/v7e-m+fp/hard\libc_nano.a(lib_a-memcpy-stub.o)
                              ./common/thirdparty/FreeRTOS/queue.o (memcpy)
c:/st/stm32cubeide_1.3.0/stm32cubeide/plugins/com.st.stm32cube.ide.mcu.externaltools.gnu-tools-for-stm32.9-2020-q2-update.win32_2.0.0.202105311346/tools/bin/../lib/gcc/arm-none-eabi/9.3.1/../../../../arm-none-eabi/lib/thumb/v7e-m+fp/hard\libc_nano.a(lib_a-memset.o)
                              c:/st/stm32cubeide_1.3.0/stm32cubeide/plugins/com.st.stm32cube.ide.mcu.externaltools.gnu-tools-for-stm32.9-2020-q2-update.win32_2.0.0.202105311346/tools/bin/../lib/gcc/arm-none-eabi/9.3.1/../../../../arm-none-eabi/lib/thumb/v7e-m+fp/hard/crt0.o (memset)
c:/st/stm32cubeide_1.3.0/stm32cubeide/plugins/com.st.stm32cube.ide.mcu.externaltools.gnu-tools-for-stm32.9-2020-q2-update.win32_2.0.0.202105311346/tools/bin/../lib/gcc/arm-none-eabi/9.3.1/../../../../arm-none-eabi/lib/thumb/v7e-m+fp/hard\libc_nano.a(lib_a-sprintf.o)
                              ./Core/Src/main.o (sprintf)
c:/st/stm32cubeide_1.3.0/stm32cubeide/plugins/com.st.stm32cube.ide.mcu.externaltools.gnu-tools-for-stm32.9-2020-q2-update.win32_2.0.0.202105311346/tools/bin/../lib/gcc/arm-none-eabi/9.3.1/../../../../arm-none-eabi/lib/thumb/v7e-m+fp/hard\libc_nano.a(lib_a-strlen.o)
                              ./Core/Src/main.o (strlen)
c:/st/stm32cubeide_1.3.0/stm32cubeide/plugins/com.st.stm32cube.ide.mcu.externaltools.gnu-tools-for-stm32.9-2020-q2-update.win32_2.0.0.202105311346/tools/bin/../lib/gcc/arm-none-eabi/9.3.1/../../../../arm-none-eabi/lib/thumb/v7e-m+fp/hard\libc_nano.a(lib_a-nano-svfprintf.o)
                              c:/st/stm32cubeide_1.3.0/stm32cubeide/plugins/com.st.stm32cube.ide.mcu.externaltools.gnu-tools-for-stm32.9-2020-q2-update.win32_2.0.0.202105311346/tools/bin/../lib/gcc/arm-none-eabi/9.3.1/../../../../arm-none-eabi/lib/thumb/v7e-m+fp/hard\libc_nano.a(lib_a-sprintf.o) (_svfprintf_r)
c:/st/stm32cubeide_1.3.0/stm32cubeide/plugins/com.st.stm32cube.ide.mcu.externaltools.gnu-tools-for-stm32.9-2020-q2-update.win32_2.0.0.202105311346/tools/bin/../lib/gcc/arm-none-eabi/9.3.1/../../../../arm-none-eabi/lib/thumb/v7e-m+fp/hard\libc_nano.a(lib_a-nano-vfprintf_i.o)
[...]
Memory Configuration

Name             Origin             Length             Attributes
RAM              0x0000000020000000 0x0000000000020000 xrw
FLASH            0x0000000008000000 0x0000000000080000 xr
*default*        0x0000000000000000 0xffffffffffffffff

Linker script and memory map

LOAD c:/st/stm32cubeide_1.3.0/stm32cubeide/plugins/com.st.stm32cube.ide.mcu.externaltools.gnu-tools-for-stm32.9-2020-q2-update.win32_2.0.0.202105311346/tools/bin/../lib/gcc/arm-none-eabi/9.3.1/thumb/v7e-m+fp/hard/crti.o
LOAD c:/st/stm32cubeide_1.3.0/stm32cubeide/plugins/com.st.stm32cube.ide.mcu.externaltools.gnu-tools-for-stm32.9-2020-q2-update.win32_2.0.0.202105311346/tools/bin/../lib/gcc/arm-none-eabi/9.3.1/thumb/v7e-m+fp/hard/crtbegin.o
LOAD c:/st/stm32cubeide_1.3.0/stm32cubeide/plugins/com.st.stm32cube.ide.mcu.externaltools.gnu-tools-for-stm32.9-2020-q2-update.win32_2.0.0.202105311346/tools/bin/../lib/gcc/arm-none-eabi/9.3.1/../../../../arm-none-eabi/lib/thumb/v7e-m+fp/hard/crt0.o
LOAD ./Core/Src/main.o
LOAD ./Core/Src/stm32f4xx_hal_msp.o
LOAD ./Core/Src/stm32f4xx_it.o
LOAD ./Core/Src/syscalls.o
LOAD ./Core/Src/sysmem.o
LOAD ./Core/Src/system_stm32f4xx.o
LOAD ./Core/Startup/startup_stm32f446retx.o
LOAD ./Drivers/STM32F4xx_HAL_Driver/Src/stm32f4xx_hal.o
LOAD ./Drivers/STM32F4xx_HAL_Driver/Src/stm32f4xx_hal_cortex.o
LOAD ./Drivers/STM32F4xx_HAL_Driver/Src/stm32f4xx_hal_dma.o
LOAD ./Drivers/STM32F4xx_HAL_Driver/Src/stm32f4xx_hal_dma_ex.o
LOAD ./Drivers/STM32F4xx_HAL_Driver/Src/stm32f4xx_hal_exti.o
LOAD ./Drivers/STM32F4xx_HAL_Driver/Src/stm32f4xx_hal_flash.o
LOAD ./Drivers/STM32F4xx_HAL_Driver/Src/stm32f4xx_hal_flash_ex.o
LOAD ./Drivers/STM32F4xx_HAL_Driver/Src/stm32f4xx_hal_flash_ramfunc.o
LOAD ./Drivers/STM32F4xx_HAL_Driver/Src/stm32f4xx_hal_gpio.o
LOAD ./Drivers/STM32F4xx_HAL_Driver/Src/stm32f4xx_hal_pwr.o
LOAD ./Drivers/STM32F4xx_HAL_Driver/Src/stm32f4xx_hal_pwr_ex.o
LOAD ./Drivers/STM32F4xx_HAL_Driver/Src/stm32f4xx_hal_rcc.o
LOAD ./Drivers/STM32F4xx_HAL_Driver/Src/stm32f4xx_hal_rcc_ex.o
LOAD ./Drivers/STM32F4xx_HAL_Driver/Src/stm32f4xx_hal_tim.o
LOAD ./Drivers/STM32F4xx_HAL_Driver/Src/stm32f4xx_hal_tim_ex.o
LOAD ./Drivers/STM32F4xx_HAL_Driver/Src/stm32f4xx_hal_uart.o
LOAD ./common/thirdparty/FreeRTOS/croutine.o
LOAD ./common/thirdparty/FreeRTOS/event_groups.o
LOAD ./common/thirdparty/FreeRTOS/list.o
LOAD ./common/thirdparty/FreeRTOS/queue.o
LOAD ./common/thirdparty/FreeRTOS/stream_buffer.o
LOAD ./common/thirdparty/FreeRTOS/tasks.o
LOAD ./common/thirdparty/FreeRTOS/timers.o
LOAD ./common/thirdparty/FreeRTOS/portable/GCC/ARM_CM4F/port.o
LOAD ./common/thirdparty/FreeRTOS/portable/MemMang/heap_4.o
LOAD ./common/thirdparty/SEGGER/Config/SEGGER_SYSVIEW_Config_FreeRTOS.o
LOAD ./common/thirdparty/SEGGER/OS/SEGGER_SYSVIEW_FreeRTOS.o
LOAD ./common/thirdparty/SEGGER/Rec/segger_uart.o
LOAD ./common/thirdparty/SEGGER/SEGGER/SEGGER_RTT.o
LOAD ./common/thirdparty/SEGGER/SEGGER/SEGGER_RTT_ASM_ARMv7M.o
LOAD ./common/thirdparty/SEGGER/SEGGER/SEGGER_RTT_printf.o
LOAD ./common/thirdparty/SEGGER/SEGGER/SEGGER_SYSVIEW.o
LOAD ./common/thirdparty/SEGGER/SEGGER/Syscalls/SEGGER_RTT_Syscalls_GCC.o
START GROUP
LOAD c:/st/stm32cubeide_1.3.0/stm32cubeide/plugins/com.st.stm32cube.ide.mcu.externaltools.gnu-tools-for-stm32.9-2020-q2-update.win32_2.0.0.202105311346/tools/bin/../lib/gcc/arm-none-eabi/9.3.1/../../../../arm-none-eabi/lib/thumb/v7e-m+fp/hard\libc_nano.a
LOAD c:/st/stm32cubeide_1.3.0/stm32cubeide/plugins/com.st.stm32cube.ide.mcu.externaltools.gnu-tools-for-stm32.9-2020-q2-update.win32_2.0.0.202105311346/tools/bin/../lib/gcc/arm-none-eabi/9.3.1/../../../../arm-none-eabi/lib/thumb/v7e-m+fp/hard\libm.a
END GROUP
START GROUP
LOAD c:/st/stm32cubeide_1.3.0/stm32cubeide/plugins/com.st.stm32cube.ide.mcu.externaltools.gnu-tools-for-stm32.9-2020-q2-update.win32_2.0.0.202105311346/tools/bin/../lib/gcc/arm-none-eabi/9.3.1/thumb/v7e-m+fp/hard\libgcc.a
LOAD c:/st/stm32cubeide_1.3.0/stm32cubeide/plugins/com.st.stm32cube.ide.mcu.externaltools.gnu-tools-for-stm32.9-2020-q2-update.win32_2.0.0.202105311346/tools/bin/../lib/gcc/arm-none-eabi/9.3.1/../../../../arm-none-eabi/lib/thumb/v7e-m+fp/hard\libc_nano.a
END GROUP
START GROUP
LOAD c:/st/stm32cubeide_1.3.0/stm32cubeide/plugins/com.st.stm32cube.ide.mcu.externaltools.gnu-tools-for-stm32.9-2020-q2-update.win32_2.0.0.202105311346/tools/bin/../lib/gcc/arm-none-eabi/9.3.1/thumb/v7e-m+fp/hard\libgcc.a
LOAD c:/st/stm32cubeide_1.3.0/stm32cubeide/plugins/com.st.stm32cube.ide.mcu.externaltools.gnu-tools-for-stm32.9-2020-q2-update.win32_2.0.0.202105311346/tools/bin/../lib/gcc/arm-none-eabi/9.3.1/../../../../arm-none-eabi/lib/thumb/v7e-m+fp/hard\libc_nano.a
LOAD c:/st/stm32cubeide_1.3.0/stm32cubeide/plugins/com.st.stm32cube.ide.mcu.externaltools.gnu-tools-for-stm32.9-2020-q2-update.win32_2.0.0.202105311346/tools/bin/../lib/gcc/arm-none-eabi/9.3.1/../../../../arm-none-eabi/lib/thumb/v7e-m+fp/hard\libnosys.a
END GROUP
START GROUP
LOAD c:/st/stm32cubeide_1.3.0/stm32cubeide/plugins/com.st.stm32cube.ide.mcu.externaltools.gnu-tools-for-stm32.9-2020-q2-update.win32_2.0.0.202105311346/tools/bin/../lib/gcc/arm-none-eabi/9.3.1/thumb/v7e-m+fp/hard\libgcc.a
LOAD c:/st/stm32cubeide_1.3.0/stm32cubeide/plugins/com.st.stm32cube.ide.mcu.externaltools.gnu-tools-for-stm32.9-2020-q2-update.win32_2.0.0.202105311346/tools/bin/../lib/gcc/arm-none-eabi/9.3.1/../../../../arm-none-eabi/lib/thumb/v7e-m+fp/hard\libc_nano.a
LOAD c:/st/stm32cubeide_1.3.0/stm32cubeide/plugins/com.st.stm32cube.ide.mcu.externaltools.gnu-tools-for-stm32.9-2020-q2-update.win32_2.0.0.202105311346/tools/bin/../lib/gcc/arm-none-eabi/9.3.1/../../../../arm-none-eabi/lib/thumb/v7e-m+fp/hard\libnosys.a
END GROUP
LOAD c:/st/stm32cubeide_1.3.0/stm32cubeide/plugins/com.st.stm32cube.ide.mcu.externaltools.gnu-tools-for-stm32.9-2020-q2-update.win32_2.0.0.202105311346/tools/bin/../lib/gcc/arm-none-eabi/9.3.1/thumb/v7e-m+fp/hard/crtend.o
LOAD c:/st/stm32cubeide_1.3.0/stm32cubeide/plugins/com.st.stm32cube.ide.mcu.externaltools.gnu-tools-for-stm32.9-2020-q2-update.win32_2.0.0.202105311346/tools/bin/../lib/gcc/arm-none-eabi/9.3.1/thumb/v7e-m+fp/hard/crtn.o
                0x0000000020020000                _estack = (ORIGIN (RAM) + LENGTH (RAM))
                0x0000000000000200                _Min_Heap_Size = 0x200
                0x0000000000000400                _Min_Stack_Size = 0x400

.isr_vector     0x0000000008000000      0x1c4
                0x0000000008000000                . = ALIGN (0x4)
 *(.isr_vector)
 .isr_vector    0x0000000008000000      0x1c4 ./Core/Startup/startup_stm32f446retx.o
                0x0000000008000000                g_pfnVectors
                0x00000000080001c4                . = ALIGN (0x4)

.text           0x00000000080001d0     0x6e98
                0x00000000080001d0                . = ALIGN (0x4)
 *(.text)
 .text          0x00000000080001d0       0x40 c:/st/stm32cubeide_1.3.0/stm32cubeide/plugins/com.st.stm32cube.ide.mcu.externaltools.gnu-tools-for-stm32.9-2020-q2-update.win32_2.0.0.202105311346/tools/bin/../lib/gcc/arm-none-eabi/9.3.1/thumb/v7e-m+fp/hard/crtbegin.o
 .text          0x0000000008000210       0x94 ./common/thirdparty/SEGGER/SEGGER/SEGGER_RTT_ASM_ARMv7M.o
                0x0000000008000210                SEGGER_RTT_ASM_WriteSkipNoLock
 .text          0x00000000080002a4       0x10 c:/st/stm32cubeide_1.3.0/stm32cubeide/plugins/com.st.stm32cube.ide.mcu.externaltools.gnu-tools-for-stm32.9-2020-q2-update.win32_2.0.0.202105311346/tools/bin/../lib/gcc/arm-none-eabi/9.3.1/../../../../arm-none-eabi/lib/thumb/v7e-m+fp/hard\libc_nano.a(lib_a-strlen.o)
                0x00000000080002a4                strlen
 *fill*         0x00000000080002b4        0xc 
 .text          0x00000000080002c0       0xa0 c:/st/stm32cubeide_1.3.0/stm32cubeide/plugins/com.st.stm32cube.ide.mcu.externaltools.gnu-tools-for-stm32.9-2020-q2-update.win32_2.0.0.202105311346/tools/bin/../lib/gcc/arm-none-eabi/9.3.1/../../../../arm-none-eabi/lib/thumb/v7e-m+fp/hard\libc_nano.a(lib_a-memchr.o)
                0x00000000080002c0                memchr
 .text          0x0000000008000360       0x30 c:/st/stm32cubeide_1.3.0/stm32cubeide/plugins/com.st.stm32cube.ide.mcu.externaltools.gnu-tools-for-stm32.9-2020-q2-update.win32_2.0.0.202105311346/tools/bin/../lib/gcc/arm-none-eabi/9.3.1/thumb/v7e-m+fp/hard\libgcc.a(_aeabi_uldivmod.o)
                0x0000000008000360                __aeabi_uldivmod
 .text          0x0000000008000390      0x2c4 c:/st/stm32cubeide_1.3.0/stm32cubeide/plugins/com.st.stm32cube.ide.mcu.externaltools.gnu-tools-for-stm32.9-2020-q2-update.win32_2.0.0.202105311346/tools/bin/../lib/gcc/arm-none-eabi/9.3.1/thumb/v7e-m+fp/hard\libgcc.a(_udivmoddi4.o)
                0x0000000008000390                __udivmoddi4
 .text          0x0000000008000654        0x4 c:/st/stm32cubeide_1.3.0/stm32cubeide/plugins/com.st.stm32cube.ide.mcu.externaltools.gnu-tools-for-stm32.9-2020-q2-update.win32_2.0.0.202105311346/tools/bin/../lib/gcc/arm-none-eabi/9.3.1/thumb/v7e-m+fp/hard\libgcc.a(_dvmd_tls.o)
                0x0000000008000654                __aeabi_idiv0
                0x0000000008000654                __aeabi_ldiv0
 *(.text*)
 .text.main     0x0000000008000658       0xd4 ./Core/Src/main.o
                0x0000000008000658                main
 .text.SystemClock_Config
                0x000000000800072c       0xdc ./Core/Src/main.o
                0x000000000800072c                SystemClock_Config
 .text.MX_USART2_UART_Init
                0x0000000008000808       0x54 ./Core/Src/main.o
 .text.MX_GPIO_Init
                0x000000000800085c       0xec ./Core/Src/main.o
 .text.manager_task_handler
                0x0000000008000948       0x58 ./Core/Src/main.o
                0x0000000008000948                manager_task_handler
 .text.employee_task_handler
                0x00000000080009a0       0x58 ./Core/Src/main.o
                0x00000000080009a0                employee_task_handler
 .text.printmsg
                0x00000000080009f8       0x28 ./Core/Src/main.o
                0x00000000080009f8                printmsg
 .text.Error_Handler
                0x0000000008000a20        0xa ./Core/Src/main.o
                0x0000000008000a20                Error_Handler
 *fill*         0x0000000008000a2a        0x2 
 .text.HAL_MspInit
                0x0000000008000a2c       0x50 ./Core/Src/stm32f4xx_hal_msp.o
                0x0000000008000a2c                HAL_MspInit
 .text.HAL_UART_MspInit
                0x0000000008000a7c       0x90 ./Core/Src/stm32f4xx_hal_msp.o
                0x0000000008000a7c                HAL_UART_MspInit
 .text.NMI_Handler
                0x0000000008000b0c        0x6 ./Core/Src/stm32f4xx_it.o
                0x0000000008000b0c                NMI_Handler
 .text.HardFault_Handler
                0x0000000008000b12        0x6 ./Core/Src/stm32f4xx_it.o
                0x0000000008000b12                HardFault_Handler
 .text.MemManage_Handler
                0x0000000008000b18        0x6 ./Core/Src/stm32f4xx_it.o
                0x0000000008000b18                MemManage_Handler
 .text.BusFault_Handler
                0x0000000008000b1e        0x6 ./Core/Src/stm32f4xx_it.o
                0x0000000008000b1e                BusFault_Handler
 .text.UsageFault_Handler
                0x0000000008000b24        0x6 ./Core/Src/stm32f4xx_it.o
                0x0000000008000b24                UsageFault_Handler
 .text.DebugMon_Handler
                0x0000000008000b2a        0xe ./Core/Src/stm32f4xx_it.o
                0x0000000008000b2a                DebugMon_Handler
 .text.EXTI15_10_IRQHandler
                0x0000000008000b38       0x10 ./Core/Src/stm32f4xx_it.o
                0x0000000008000b38                EXTI15_10_IRQHandler
 .text._sbrk    0x0000000008000b48       0x6c ./Core/Src/sysmem.o
                0x0000000008000b48                _sbrk
 .text.SystemInit
                0x0000000008000bb4       0x24 ./Core/Src/system_stm32f4xx.o
                0x0000000008000bb4                SystemInit
 .text.Reset_Handler
                0x0000000008000bd8       0x50 ./Core/Startup/startup_stm32f446retx.o
                0x0000000008000bd8                Reset_Handler
 .text.Default_Handler
                0x0000000008000c28        0x2 ./Core/Startup/startup_stm32f446retx.o
                0x0000000008000c28                RTC_Alarm_IRQHandler
                0x0000000008000c28                EXTI2_IRQHandler
                0x0000000008000c28                TIM8_CC_IRQHandler
                0x0000000008000c28                FMPI2C1_EV_IRQHandler
                0x0000000008000c28                SPI4_IRQHandler
                0x0000000008000c28                TIM1_CC_IRQHandler
                0x0000000008000c28                DMA2_Stream5_IRQHandler
                0x0000000008000c28                DMA1_Stream5_IRQHandler
                0x0000000008000c28                PVD_IRQHandler
                0x0000000008000c28                SDIO_IRQHandler
                0x0000000008000c28                TAMP_STAMP_IRQHandler
                0x0000000008000c28                CAN2_RX1_IRQHandler
                0x0000000008000c28                EXTI3_IRQHandler
                0x0000000008000c28                TIM8_TRG_COM_TIM14_IRQHandler
                0x0000000008000c28                TIM1_UP_TIM10_IRQHandler
                0x0000000008000c28                TIM8_UP_TIM13_IRQHandler
                0x0000000008000c28                I2C3_ER_IRQHandler
                0x0000000008000c28                EXTI0_IRQHandler
                0x0000000008000c28                I2C2_EV_IRQHandler
                0x0000000008000c28                DMA1_Stream2_IRQHandler
                0x0000000008000c28                CAN1_RX0_IRQHandler
                0x0000000008000c28                FPU_IRQHandler
                0x0000000008000c28                OTG_HS_WKUP_IRQHandler
                0x0000000008000c28                CAN2_SCE_IRQHandler
                0x0000000008000c28                DMA2_Stream2_IRQHandler
                0x0000000008000c28                SPI1_IRQHandler
                0x0000000008000c28                TIM6_DAC_IRQHandler
                0x0000000008000c28                TIM1_BRK_TIM9_IRQHandler
                0x0000000008000c28                DCMI_IRQHandler
                0x0000000008000c28                CAN2_RX0_IRQHandler
                0x0000000008000c28                DMA2_Stream3_IRQHandler
                0x0000000008000c28                SAI2_IRQHandler
                0x0000000008000c28                USART6_IRQHandler
                0x0000000008000c28                USART3_IRQHandler
                0x0000000008000c28                CAN1_RX1_IRQHandler
                0x0000000008000c28                UART5_IRQHandler
                0x0000000008000c28                DMA2_Stream0_IRQHandler
                0x0000000008000c28                TIM4_IRQHandler
                0x0000000008000c28                QUADSPI_IRQHandler
                0x0000000008000c28                I2C1_EV_IRQHandler
                0x0000000008000c28                DMA1_Stream6_IRQHandler
                0x0000000008000c28                DMA1_Stream1_IRQHandler
                0x0000000008000c28                UART4_IRQHandler
                0x0000000008000c28                TIM3_IRQHandler
                0x0000000008000c28                RCC_IRQHandler
                0x0000000008000c28                TIM8_BRK_TIM12_IRQHandler
                0x0000000008000c28                Default_Handler
                0x0000000008000c28                CEC_IRQHandler
                0x0000000008000c28                ADC_IRQHandler
                0x0000000008000c28                DMA1_Stream7_IRQHandler
                0x0000000008000c28                TIM7_IRQHandler
                0x0000000008000c28                CAN2_TX_IRQHandler
                0x0000000008000c28                TIM5_IRQHandler
                0x0000000008000c28                DMA2_Stream7_IRQHandler
                0x0000000008000c28                I2C3_EV_IRQHandler
                0x0000000008000c28                EXTI9_5_IRQHandler
                0x0000000008000c28                RTC_WKUP_IRQHandler
                0x0000000008000c28                SPDIF_RX_IRQHandler
                0x0000000008000c28                SPI2_IRQHandler
                0x0000000008000c28                OTG_HS_EP1_IN_IRQHandler
                0x0000000008000c28                DMA1_Stream0_IRQHandler
                0x0000000008000c28                CAN1_TX_IRQHandler
                0x0000000008000c28                FMPI2C1_ER_IRQHandler
                0x0000000008000c28                EXTI4_IRQHandler
                0x0000000008000c28                OTG_HS_EP1_OUT_IRQHandler
                0x0000000008000c28                WWDG_IRQHandler
                0x0000000008000c28                TIM2_IRQHandler
                0x0000000008000c28                OTG_FS_WKUP_IRQHandler
                0x0000000008000c28                TIM1_TRG_COM_TIM11_IRQHandler
                0x0000000008000c28                OTG_HS_IRQHandler
                0x0000000008000c28                EXTI1_IRQHandler
                0x0000000008000c28                I2C2_ER_IRQHandler
                0x0000000008000c28                DMA2_Stream1_IRQHandler
                0x0000000008000c28                CAN1_SCE_IRQHandler
                0x0000000008000c28                FLASH_IRQHandler
                0x0000000008000c28                DMA2_Stream4_IRQHandler
                0x0000000008000c28                USART1_IRQHandler
                0x0000000008000c28                OTG_FS_IRQHandler
                0x0000000008000c28                SPI3_IRQHandler
                0x0000000008000c28                DMA1_Stream4_IRQHandler
                0x0000000008000c28                I2C1_ER_IRQHandler
                0x0000000008000c28                FMC_IRQHandler
                0x0000000008000c28                DMA2_Stream6_IRQHandler
                0x0000000008000c28                SAI1_IRQHandler
                0x0000000008000c28                DMA1_Stream3_IRQHandler
 *fill*         0x0000000008000c2a        0x2 
 .text.HAL_Init
                0x0000000008000c2c       0x44 ./Drivers/STM32F4xx_HAL_Driver/Src/stm32f4xx_hal.o
                0x0000000008000c2c                HAL_Init
 .text.HAL_InitTick
                0x0000000008000c70       0x60 ./Drivers/STM32F4xx_HAL_Driver/Src/stm32f4xx_hal.o
                0x0000000008000c70                HAL_InitTick
 .text.HAL_GetTick
                0x0000000008000cd0       0x18 ./Drivers/STM32F4xx_HAL_Driver/Src/stm32f4xx_hal.o
                0x0000000008000cd0                HAL_GetTick
 .text.__NVIC_SetPriorityGrouping
                0x0000000008000ce8       0x48 ./Drivers/STM32F4xx_HAL_Driver/Src/stm32f4xx_hal_cortex.o
 .text.__NVIC_GetPriorityGrouping
                0x0000000008000d30       0x1c ./Drivers/STM32F4xx_HAL_Driver/Src/stm32f4xx_hal_cortex.o
 .text.__NVIC_EnableIRQ
                0x0000000008000d4c       0x3c ./Drivers/STM32F4xx_HAL_Driver/Src/stm32f4xx_hal_cortex.o
 .text.__NVIC_SetPriority
                0x0000000008000d88       0x54 ./Drivers/STM32F4xx_HAL_Driver/Src/stm32f4xx_hal_cortex.o
 .text.NVIC_EncodePriority
                0x0000000008000ddc       0x66 ./Drivers/STM32F4xx_HAL_Driver/Src/stm32f4xx_hal_cortex.o
 *fill*         0x0000000008000e42        0x2 
 .text.SysTick_Config
                0x0000000008000e44       0x44 ./Drivers/STM32F4xx_HAL_Driver/Src/stm32f4xx_hal_cortex.o
 .text.HAL_NVIC_SetPriorityGrouping
                0x0000000008000e88       0x16 ./Drivers/STM32F4xx_HAL_Driver/Src/stm32f4xx_hal_cortex.o
                0x0000000008000e88                HAL_NVIC_SetPriorityGrouping
 .text.HAL_NVIC_SetPriority
                0x0000000008000e9e       0x38 ./Drivers/STM32F4xx_HAL_Driver/Src/stm32f4xx_hal_cortex.o
                0x0000000008000e9e                HAL_NVIC_SetPriority
 .text.HAL_NVIC_EnableIRQ
                0x0000000008000ed6       0x1c ./Drivers/STM32F4xx_HAL_Driver/Src/stm32f4xx_hal_cortex.o
                0x0000000008000ed6                HAL_NVIC_EnableIRQ
 .text.HAL_SYSTICK_Config
                0x0000000008000ef2       0x18 ./Drivers/STM32F4xx_HAL_Driver/Src/stm32f4xx_hal_cortex.o
                0x0000000008000ef2                HAL_SYSTICK_Config
 *fill*         0x0000000008000f0a        0x2 
 .text.HAL_GPIO_Init
                0x0000000008000f0c      0x328 ./Drivers/STM32F4xx_HAL_Driver/Src/stm32f4xx_hal_gpio.o
                0x0000000008000f0c                HAL_GPIO_Init
 .text.HAL_GPIO_WritePin
                0x0000000008001234       0x32 ./Drivers/STM32F4xx_HAL_Driver/Src/stm32f4xx_hal_gpio.o
                0x0000000008001234                HAL_GPIO_WritePin
 *fill*         0x0000000008001266        0x2 
 .text.HAL_GPIO_EXTI_IRQHandler
                0x0000000008001268       0x30 ./Drivers/STM32F4xx_HAL_Driver/Src/stm32f4xx_hal_gpio.o
                0x0000000008001268                HAL_GPIO_EXTI_IRQHandler
 .text.HAL_GPIO_EXTI_Callback
                0x0000000008001298       0x16 ./Drivers/STM32F4xx_HAL_Driver/Src/stm32f4xx_hal_gpio.o
                0x0000000008001298                HAL_GPIO_EXTI_Callback
 *fill*         0x00000000080012ae        0x2 
 .text.HAL_RCC_ClockConfig
                0x00000000080012b0      0x1cc ./Drivers/STM32F4xx_HAL_Driver/Src/stm32f4xx_hal_rcc.o
                0x00000000080012b0                HAL_RCC_ClockConfig
 .text.HAL_RCC_GetHCLKFreq
                0x000000000800147c       0x18 ./Drivers/STM32F4xx_HAL_Driver/Src/stm32f4xx_hal_rcc.o
                0x000000000800147c                HAL_RCC_GetHCLKFreq
 .text.HAL_RCC_GetPCLK1Freq
                0x0000000008001494       0x28 ./Drivers/STM32F4xx_HAL_Driver/Src/stm32f4xx_hal_rcc.o
                0x0000000008001494                HAL_RCC_GetPCLK1Freq
 .text.HAL_RCC_GetPCLK2Freq
                0x00000000080014bc       0x28 ./Drivers/STM32F4xx_HAL_Driver/Src/stm32f4xx_hal_rcc.o
                0x00000000080014bc                HAL_RCC_GetPCLK2Freq
 .text.HAL_RCC_GetSysClockFreq
                0x00000000080014e4      0x364 ./Drivers/STM32F4xx_HAL_Driver/Src/stm32f4xx_hal_rcc_ex.o
                0x00000000080014e4                HAL_RCC_GetSysClockFreq
 .text.HAL_RCC_OscConfig
                0x0000000008001848      0x53c ./Drivers/STM32F4xx_HAL_Driver/Src/stm32f4xx_hal_rcc_ex.o
                0x0000000008001848                HAL_RCC_OscConfig
 .text.HAL_UART_Init
                0x0000000008001d84       0x9a ./Drivers/STM32F4xx_HAL_Driver/Src/stm32f4xx_hal_uart.o
                0x0000000008001d84                HAL_UART_Init
 .text.HAL_UART_Transmit
                0x0000000008001e1e      0x124 ./Drivers/STM32F4xx_HAL_Driver/Src/stm32f4xx_hal_uart.o
                0x0000000008001e1e                HAL_UART_Transmit
 .text.UART_WaitOnFlagUntilTimeout
                0x0000000008001f42       0xdc ./Drivers/STM32F4xx_HAL_Driver/Src/stm32f4xx_hal_uart.o
 *fill*         0x000000000800201e        0x2 
 .text.UART_SetConfig
                0x0000000008002020      0x390 ./Drivers/STM32F4xx_HAL_Driver/Src/stm32f4xx_hal_uart.o
 .text.vListInitialise
                0x00000000080023b0       0x40 ./common/thirdparty/FreeRTOS/list.o
                0x00000000080023b0                vListInitialise
 .text.vListInitialiseItem
                0x00000000080023f0       0x1a ./common/thirdparty/FreeRTOS/list.o
                0x00000000080023f0                vListInitialiseItem
 .text.vListInsertEnd
                0x000000000800240a       0x48 ./common/thirdparty/FreeRTOS/list.o
                0x000000000800240a                vListInsertEnd
 .text.vListInsert
                0x0000000008002452       0x72 ./common/thirdparty/FreeRTOS/list.o
                0x0000000008002452                vListInsert
 .text.uxListRemove
                0x00000000080024c4       0x54 ./common/thirdparty/FreeRTOS/list.o
                0x00000000080024c4                uxListRemove
 .text.xQueueGenericReset
                0x0000000008002518      0x120 ./common/thirdparty/FreeRTOS/queue.o
                0x0000000008002518                xQueueGenericReset
 .text.xQueueGenericCreate
                0x0000000008002638       0x9c ./common/thirdparty/FreeRTOS/queue.o
                0x0000000008002638                xQueueGenericCreate
 .text.prvInitialiseNewQueue
                0x00000000080026d4       0x46 ./common/thirdparty/FreeRTOS/queue.o
 .text.prvInitialiseMutex
                0x000000000800271a       0x34 ./common/thirdparty/FreeRTOS/queue.o
 .text.xQueueCreateMutex
                0x000000000800274e       0x30 ./common/thirdparty/FreeRTOS/queue.o
                0x000000000800274e                xQueueCreateMutex
 *fill*         0x000000000800277e        0x2 
 .text.xQueueGenericSend
                0x0000000008002780      0x1fc ./common/thirdparty/FreeRTOS/queue.o
                0x0000000008002780                xQueueGenericSend
 .text.xQueueReceive
                0x000000000800297c      0x1c0 ./common/thirdparty/FreeRTOS/queue.o
                0x000000000800297c                xQueueReceive
 .text.xQueueSemaphoreTake
                0x0000000008002b3c      0x218 ./common/thirdparty/FreeRTOS/queue.o
                0x0000000008002b3c                xQueueSemaphoreTake
 .text.prvGetDisinheritPriorityAfterTimeout
                0x0000000008002d54       0x30 ./common/thirdparty/FreeRTOS/queue.o
 .text.prvCopyDataToQueue
                0x0000000008002d84       0xd4 ./common/thirdparty/FreeRTOS/queue.o
 .text.prvCopyDataFromQueue
                0x0000000008002e58       0x4c ./common/thirdparty/FreeRTOS/queue.o
 .text.prvUnlockQueue
                0x0000000008002ea4       0xa4 ./common/thirdparty/FreeRTOS/queue.o
 .text.prvIsQueueEmpty
                0x0000000008002f48       0x2c ./common/thirdparty/FreeRTOS/queue.o
 .text.prvIsQueueFull
                0x0000000008002f74       0x30 ./common/thirdparty/FreeRTOS/queue.o
 .text.vQueueAddToRegistry
                0x0000000008002fa4       0x9c ./common/thirdparty/FreeRTOS/queue.o
                0x0000000008002fa4                vQueueAddToRegistry
 .text.vQueueWaitForMessageRestricted
                0x0000000008003040       0x68 ./common/thirdparty/FreeRTOS/queue.o
                0x0000000008003040                vQueueWaitForMessageRestricted
 .text.xTaskCreate
                0x00000000080030a8       0x82 ./common/thirdparty/FreeRTOS/tasks.o
                0x00000000080030a8                xTaskCreate
 .text.prvInitialiseNewTask
                0x000000000800312a      0x12c ./common/thirdparty/FreeRTOS/tasks.o
 *fill*         0x0000000008003256        0x2 
 .text.prvAddNewTaskToReadyList
                0x0000000008003258       0xdc ./common/thirdparty/FreeRTOS/tasks.o
 .text.vTaskDelay
                0x0000000008003334       0x68 ./common/thirdparty/FreeRTOS/tasks.o
                0x0000000008003334                vTaskDelay
 .text.vTaskStartScheduler
                0x000000000800339c       0xa4 ./common/thirdparty/FreeRTOS/tasks.o
                0x000000000800339c                vTaskStartScheduler
 .text.vTaskSuspendAll
                0x0000000008003440       0x1c ./common/thirdparty/FreeRTOS/tasks.o
                0x0000000008003440                vTaskSuspendAll
 .text.xTaskResumeAll
                0x000000000800345c      0x138 ./common/thirdparty/FreeRTOS/tasks.o
                0x000000000800345c                xTaskResumeAll
 .text.xTaskGetTickCount
                0x0000000008003594       0x20 ./common/thirdparty/FreeRTOS/tasks.o
                0x0000000008003594                xTaskGetTickCount
 .text.xTaskGetTickCountFromISR
                0x00000000080035b4       0x24 ./common/thirdparty/FreeRTOS/tasks.o
                0x00000000080035b4                xTaskGetTickCountFromISR
 .text.xTaskIncrementTick
                0x00000000080035d8      0x170 ./common/thirdparty/FreeRTOS/tasks.o
                0x00000000080035d8                xTaskIncrementTick
 .text.vTaskSwitchContext
                0x0000000008003748       0xb8 ./common/thirdparty/FreeRTOS/tasks.o
                0x0000000008003748                vTaskSwitchContext
 .text.vTaskPlaceOnEventList
                0x0000000008003800       0x48 ./common/thirdparty/FreeRTOS/tasks.o
                0x0000000008003800                vTaskPlaceOnEventList
 .text.vTaskPlaceOnEventListRestricted
                0x0000000008003848       0x58 ./common/thirdparty/FreeRTOS/tasks.o
                0x0000000008003848                vTaskPlaceOnEventListRestricted
 .text.xTaskRemoveFromEventList
                0x00000000080038a0       0xc4 ./common/thirdparty/FreeRTOS/tasks.o
                0x00000000080038a0                xTaskRemoveFromEventList
 .text.vTaskInternalSetTimeOutState
                0x0000000008003964       0x2c ./common/thirdparty/FreeRTOS/tasks.o
                0x0000000008003964                vTaskInternalSetTimeOutState
 .text.xTaskCheckForTimeOut
                0x0000000008003990       0xcc ./common/thirdparty/FreeRTOS/tasks.o
                0x0000000008003990                xTaskCheckForTimeOut
 .text.vTaskMissedYield
                0x0000000008003a5c       0x18 ./common/thirdparty/FreeRTOS/tasks.o
                0x0000000008003a5c                vTaskMissedYield
 .text.prvIdleTask
                0x0000000008003a74       0x30 ./common/thirdparty/FreeRTOS/tasks.o
 .text.prvInitialiseTaskLists
                0x0000000008003aa4       0x80 ./common/thirdparty/FreeRTOS/tasks.o
 .text.prvCheckTasksWaitingTermination
                0x0000000008003b24       0x5c ./common/thirdparty/FreeRTOS/tasks.o
 .text.prvDeleteTCB
                0x0000000008003b80       0x20 ./common/thirdparty/FreeRTOS/tasks.o
 .text.prvResetNextTaskUnblockTime
                0x0000000008003ba0       0x38 ./common/thirdparty/FreeRTOS/tasks.o
 .text.xTaskGetSchedulerState
                0x0000000008003bd8       0x3c ./common/thirdparty/FreeRTOS/tasks.o
                0x0000000008003bd8                xTaskGetSchedulerState
 .text.xTaskPriorityInherit
                0x0000000008003c14       0xec ./common/thirdparty/FreeRTOS/tasks.o
                0x0000000008003c14                xTaskPriorityInherit
 .text.xTaskPriorityDisinherit
                0x0000000008003d00       0xf4 ./common/thirdparty/FreeRTOS/tasks.o
                0x0000000008003d00                xTaskPriorityDisinherit
 .text.vTaskPriorityDisinheritAfterTimeout
                0x0000000008003df4      0x11c ./common/thirdparty/FreeRTOS/tasks.o
                0x0000000008003df4                vTaskPriorityDisinheritAfterTimeout
 .text.pvTaskIncrementMutexHeldCount
                0x0000000008003f10       0x28 ./common/thirdparty/FreeRTOS/tasks.o
                0x0000000008003f10                pvTaskIncrementMutexHeldCount
 .text.prvAddCurrentTaskToDelayedList
                0x0000000008003f38       0xcc ./common/thirdparty/FreeRTOS/tasks.o
 .text.xTimerCreateTimerTask
                0x0000000008004004       0x64 ./common/thirdparty/FreeRTOS/timers.o
                0x0000000008004004                xTimerCreateTimerTask
 .text.prvReloadTimer
                0x0000000008004068       0x42 ./common/thirdparty/FreeRTOS/timers.o
 *fill*         0x00000000080040aa        0x2 
 .text.prvProcessExpiredTimer
                0x00000000080040ac       0x60 ./common/thirdparty/FreeRTOS/timers.o
 .text.prvTimerTask
                0x000000000800410c       0x24 ./common/thirdparty/FreeRTOS/timers.o
 .text.prvProcessTimerOrBlockTask
                0x0000000008004130       0x9c ./common/thirdparty/FreeRTOS/timers.o
 .text.prvGetNextExpireTime
                0x00000000080041cc       0x48 ./common/thirdparty/FreeRTOS/timers.o
 .text.prvSampleTimeNow
                0x0000000008004214       0x40 ./common/thirdparty/FreeRTOS/timers.o
 .text.prvInsertTimerInActiveList
                0x0000000008004254       0x84 ./common/thirdparty/FreeRTOS/timers.o
 .text.prvProcessReceivedCommands
                0x00000000080042d8      0x17c ./common/thirdparty/FreeRTOS/timers.o
 .text.prvSwitchTimerLists
                0x0000000008004454       0x4c ./common/thirdparty/FreeRTOS/timers.o
 .text.prvCheckForValidListAndQueue
                0x00000000080044a0       0x6c ./common/thirdparty/FreeRTOS/timers.o
 .text.pxPortInitialiseStack
                0x000000000800450c       0x68 ./common/thirdparty/FreeRTOS/portable/GCC/ARM_CM4F/port.o
                0x000000000800450c                pxPortInitialiseStack
 .text.prvTaskExitError
                0x0000000008004574       0x58 ./common/thirdparty/FreeRTOS/portable/GCC/ARM_CM4F/port.o
 *fill*         0x00000000080045cc        0x4 
 .text.SVC_Handler
                0x00000000080045d0       0x28 ./common/thirdparty/FreeRTOS/portable/GCC/ARM_CM4F/port.o
                0x00000000080045d0                SVC_Handler
 .text.prvPortStartFirstTask
                0x00000000080045f8       0x2c ./common/thirdparty/FreeRTOS/portable/GCC/ARM_CM4F/port.o
 .text.xPortStartScheduler
                0x0000000008004624      0x144 ./common/thirdparty/FreeRTOS/portable/GCC/ARM_CM4F/port.o
                0x0000000008004624                xPortStartScheduler
 .text.vPortEnterCritical
                0x0000000008004768       0x60 ./common/thirdparty/FreeRTOS/portable/GCC/ARM_CM4F/port.o
                0x0000000008004768                vPortEnterCritical
 .text.vPortExitCritical
                0x00000000080047c8       0x54 ./common/thirdparty/FreeRTOS/portable/GCC/ARM_CM4F/port.o
                0x00000000080047c8                vPortExitCritical
 *fill*         0x000000000800481c        0x4 
 .text.PendSV_Handler
                0x0000000008004820       0x68 ./common/thirdparty/FreeRTOS/portable/GCC/ARM_CM4F/port.o
                0x0000000008004820                PendSV_Handler
 .text.SysTick_Handler
                0x0000000008004888       0x44 ./common/thirdparty/FreeRTOS/portable/GCC/ARM_CM4F/port.o
                0x0000000008004888                SysTick_Handler
 .text.vPortSetupTimerInterrupt
                0x00000000080048cc       0x48 ./common/thirdparty/FreeRTOS/portable/GCC/ARM_CM4F/port.o
                0x00000000080048cc                vPortSetupTimerInterrupt
 .text.vPortEnableVFP
                0x0000000008004914       0x18 ./common/thirdparty/FreeRTOS/portable/GCC/ARM_CM4F/port.o
 .text.vPortValidateInterruptPriority
                0x000000000800492c       0x80 ./common/thirdparty/FreeRTOS/portable/GCC/ARM_CM4F/port.o
                0x000000000800492c                vPortValidateInterruptPriority
 .text.pvPortMalloc
                0x00000000080049ac      0x1c0 ./common/thirdparty/FreeRTOS/portable/MemMang/heap_4.o
                0x00000000080049ac                pvPortMalloc
 .text.vPortFree
                0x0000000008004b6c       0xc4 ./common/thirdparty/FreeRTOS/portable/MemMang/heap_4.o
                0x0000000008004b6c                vPortFree
 .text.prvHeapInit
                0x0000000008004c30       0xc4 ./common/thirdparty/FreeRTOS/portable/MemMang/heap_4.o
 .text.prvInsertBlockIntoFreeList
                0x0000000008004cf4       0xb4 ./common/thirdparty/FreeRTOS/portable/MemMang/heap_4.o
 .text._cbSendSystemDesc
                0x0000000008004da8       0x1c ./common/thirdparty/SEGGER/Config/SEGGER_SYSVIEW_Config_FreeRTOS.o
 .text.SEGGER_SYSVIEW_Conf
                0x0000000008004dc4       0x2c ./common/thirdparty/SEGGER/Config/SEGGER_SYSVIEW_Config_FreeRTOS.o
                0x0000000008004dc4                SEGGER_SYSVIEW_Conf
 .text._cbSendTaskList
                0x0000000008004df0       0x90 ./common/thirdparty/SEGGER/OS/SEGGER_SYSVIEW_FreeRTOS.o
 .text._cbGetTime
                0x0000000008004e80       0x78 ./common/thirdparty/SEGGER/OS/SEGGER_SYSVIEW_FreeRTOS.o
 .text.SYSVIEW_SendTaskInfo
                0x0000000008004ef8       0x42 ./common/thirdparty/SEGGER/OS/SEGGER_SYSVIEW_FreeRTOS.o
                0x0000000008004ef8                SYSVIEW_SendTaskInfo
 *fill*         0x0000000008004f3a        0x2 
 .text.__NVIC_EnableIRQ
                0x0000000008004f3c       0x3c ./common/thirdparty/SEGGER/Rec/segger_uart.o
 .text.__NVIC_SetPriority
                0x0000000008004f78       0x54 ./common/thirdparty/SEGGER/Rec/segger_uart.o
 .text._StartSysView
                0x0000000008004fcc       0x1e ./common/thirdparty/SEGGER/Rec/segger_uart.o
 *fill*         0x0000000008004fea        0x2 
 .text._cbOnUARTRx
                0x0000000008004fec       0x40 ./common/thirdparty/SEGGER/Rec/segger_uart.o
 .text._cbOnUARTTx
                0x000000000800502c       0x64 ./common/thirdparty/SEGGER/Rec/segger_uart.o
 .text.SEGGER_UART_init
                0x0000000008005090       0x24 ./common/thirdparty/SEGGER/Rec/segger_uart.o
                0x0000000008005090                SEGGER_UART_init
 .text.USART2_IRQHandler
                0x00000000080050b4       0x94 ./common/thirdparty/SEGGER/Rec/segger_uart.o
                0x00000000080050b4                USART2_IRQHandler
 .text.HIF_UART_EnableTXEInterrupt
                0x0000000008005148       0x20 ./common/thirdparty/SEGGER/Rec/segger_uart.o
                0x0000000008005148                HIF_UART_EnableTXEInterrupt
 .text.HIF_UART_Init
                0x0000000008005168       0xf4 ./common/thirdparty/SEGGER/Rec/segger_uart.o
                0x0000000008005168                HIF_UART_Init
 .text._DoInit  0x000000000800525c       0xb0 ./common/thirdparty/SEGGER/SEGGER/SEGGER_RTT.o
 .text._WriteBlocking
                0x000000000800530c       0xba ./common/thirdparty/SEGGER/SEGGER/SEGGER_RTT.o
 .text._WriteNoCheck
                0x00000000080053c6       0x90 ./common/thirdparty/SEGGER/SEGGER/SEGGER_RTT.o
 .text._GetAvailWriteSpace
                0x0000000008005456       0x46 ./common/thirdparty/SEGGER/SEGGER/SEGGER_RTT.o
 .text.SEGGER_RTT_ReadUpBufferNoLock
                0x000000000800549c      0x10c ./common/thirdparty/SEGGER/SEGGER/SEGGER_RTT.o
                0x000000000800549c                SEGGER_RTT_ReadUpBufferNoLock
 .text.SEGGER_RTT_ReadNoLock
                0x00000000080055a8      0x10c ./common/thirdparty/SEGGER/SEGGER/SEGGER_RTT.o
                0x00000000080055a8                SEGGER_RTT_ReadNoLock
 .text.SEGGER_RTT_WriteDownBufferNoLock
                0x00000000080056b4       0xa0 ./common/thirdparty/SEGGER/SEGGER/SEGGER_RTT.o
                0x00000000080056b4                SEGGER_RTT_WriteDownBufferNoLock
 .text.SEGGER_RTT_WriteDownBuffer
                0x0000000008005754       0x4c ./common/thirdparty/SEGGER/SEGGER/SEGGER_RTT.o
                0x0000000008005754                SEGGER_RTT_WriteDownBuffer
 .text.SEGGER_RTT_AllocUpBuffer
                0x00000000080057a0      0x108 ./common/thirdparty/SEGGER/SEGGER/SEGGER_RTT.o
                0x00000000080057a0                SEGGER_RTT_AllocUpBuffer
 .text.SEGGER_RTT_ConfigDownBuffer
                0x00000000080058a8       0xe0 ./common/thirdparty/SEGGER/SEGGER/SEGGER_RTT.o
                0x00000000080058a8                SEGGER_RTT_ConfigDownBuffer
 .text._EncodeStr
                0x0000000008005988       0x9a ./common/thirdparty/SEGGER/SEGGER/SEGGER_SYSVIEW.o
 .text._PreparePacket
                0x0000000008005a22       0x18 ./common/thirdparty/SEGGER/SEGGER/SEGGER_SYSVIEW.o
 *fill*         0x0000000008005a3a        0x2 
 .text._HandleIncomingPacket
                0x0000000008005a3c       0xe4 ./common/thirdparty/SEGGER/SEGGER/SEGGER_SYSVIEW.o
 .text._TrySendOverflowPacket
                0x0000000008005b20       0xe8 ./common/thirdparty/SEGGER/SEGGER/SEGGER_SYSVIEW.o
 .text._SendPacket
                0x0000000008005c08      0x1d0 ./common/thirdparty/SEGGER/SEGGER/SEGGER_SYSVIEW.o
 .text.SEGGER_SYSVIEW_Init
                0x0000000008005dd8       0x88 ./common/thirdparty/SEGGER/SEGGER/SEGGER_SYSVIEW.o
                0x0000000008005dd8                SEGGER_SYSVIEW_Init
 .text.SEGGER_SYSVIEW_SetRAMBase
                0x0000000008005e60       0x20 ./common/thirdparty/SEGGER/SEGGER/SEGGER_SYSVIEW.o
                0x0000000008005e60                SEGGER_SYSVIEW_SetRAMBase
 .text.SEGGER_SYSVIEW_RecordVoid
                0x0000000008005e80       0x3c ./common/thirdparty/SEGGER/SEGGER/SEGGER_SYSVIEW.o
                0x0000000008005e80                SEGGER_SYSVIEW_RecordVoid
 .text.SEGGER_SYSVIEW_RecordU32
                0x0000000008005ebc       0x78 ./common/thirdparty/SEGGER/SEGGER/SEGGER_SYSVIEW.o
                0x0000000008005ebc                SEGGER_SYSVIEW_RecordU32
 .text.SEGGER_SYSVIEW_RecordU32x2
                0x0000000008005f34       0xb4 ./common/thirdparty/SEGGER/SEGGER/SEGGER_SYSVIEW.o
                0x0000000008005f34                SEGGER_SYSVIEW_RecordU32x2
 .text.SEGGER_SYSVIEW_Start
                0x0000000008005fe8      0x178 ./common/thirdparty/SEGGER/SEGGER/SEGGER_SYSVIEW.o
                0x0000000008005fe8                SEGGER_SYSVIEW_Start
 .text.SEGGER_SYSVIEW_Stop
                0x0000000008006160       0x4c ./common/thirdparty/SEGGER/SEGGER/SEGGER_SYSVIEW.o
                0x0000000008006160                SEGGER_SYSVIEW_Stop
 .text.SEGGER_SYSVIEW_GetSysDesc
                0x00000000080061ac      0x134 ./common/thirdparty/SEGGER/SEGGER/SEGGER_SYSVIEW.o
                0x00000000080061ac                SEGGER_SYSVIEW_GetSysDesc
 .text.SEGGER_SYSVIEW_SendTaskInfo
                0x00000000080062e0      0x1c8 ./common/thirdparty/SEGGER/SEGGER/SEGGER_SYSVIEW.o
                0x00000000080062e0                SEGGER_SYSVIEW_SendTaskInfo
 .text.SEGGER_SYSVIEW_SendTaskList
                0x00000000080064a8       0x28 ./common/thirdparty/SEGGER/SEGGER/SEGGER_SYSVIEW.o
                0x00000000080064a8                SEGGER_SYSVIEW_SendTaskList
 .text.SEGGER_SYSVIEW_SendSysDesc
                0x00000000080064d0       0x48 ./common/thirdparty/SEGGER/SEGGER/SEGGER_SYSVIEW.o
                0x00000000080064d0                SEGGER_SYSVIEW_SendSysDesc
 .text.SEGGER_SYSVIEW_RecordSystime
                0x0000000008006518       0x64 ./common/thirdparty/SEGGER/SEGGER/SEGGER_SYSVIEW.o
                0x0000000008006518                SEGGER_SYSVIEW_RecordSystime
 .text.SEGGER_SYSVIEW_SendModule
                0x000000000800657c      0x100 ./common/thirdparty/SEGGER/SEGGER/SEGGER_SYSVIEW.o
                0x000000000800657c                SEGGER_SYSVIEW_SendModule
 .text.SEGGER_SYSVIEW_SendModuleDescription
                0x000000000800667c       0x3c ./common/thirdparty/SEGGER/SEGGER/SEGGER_SYSVIEW.o
                0x000000000800667c                SEGGER_SYSVIEW_SendModuleDescription
 .text.SEGGER_SYSVIEW_SendNumModules
                0x00000000080066b8       0x7c ./common/thirdparty/SEGGER/SEGGER/SEGGER_SYSVIEW.o
                0x00000000080066b8                SEGGER_SYSVIEW_SendNumModules
 .text.SEGGER_SYSVIEW_IsStarted
                0x0000000008006734       0x5c ./common/thirdparty/SEGGER/SEGGER/SEGGER_SYSVIEW.o
                0x0000000008006734                SEGGER_SYSVIEW_IsStarted
 .text.__errno  0x0000000008006790        0xc c:/st/stm32cubeide_1.3.0/stm32cubeide/plugins/com.st.stm32cube.ide.mcu.externaltools.gnu-tools-for-stm32.9-2020-q2-update.win32_2.0.0.202105311346/tools/bin/../lib/gcc/arm-none-eabi/9.3.1/../../../../arm-none-eabi/lib/thumb/v7e-m+fp/hard\libc_nano.a(lib_a-errno.o)
                0x0000000008006790                __errno
 .text.__libc_init_array
                0x000000000800679c       0x48 c:/st/stm32cubeide_1.3.0/stm32cubeide/plugins/com.st.stm32cube.ide.mcu.externaltools.gnu-tools-for-stm32.9-2020-q2-update.win32_2.0.0.202105311346/tools/bin/../lib/gcc/arm-none-eabi/9.3.1/../../../../arm-none-eabi/lib/thumb/v7e-m+fp/hard\libc_nano.a(lib_a-init.o)
                0x000000000800679c                __libc_init_array
 .text.memcpy   0x00000000080067e4       0x1c c:/st/stm32cubeide_1.3.0/stm32cubeide/plugins/com.st.stm32cube.ide.mcu.externaltools.gnu-tools-for-stm32.9-2020-q2-update.win32_2.0.0.202105311346/tools/bin/../lib/gcc/arm-none-eabi/9.3.1/../../../../arm-none-eabi/lib/thumb/v7e-m+fp/hard\libc_nano.a(lib_a-memcpy-stub.o)
                0x00000000080067e4                memcpy
 .text.memset   0x0000000008006800       0x10 c:/st/stm32cubeide_1.3.0/stm32cubeide/plugins/com.st.stm32cube.ide.mcu.externaltools.gnu-tools-for-stm32.9-2020-q2-update.win32_2.0.0.202105311346/tools/bin/../lib/gcc/arm-none-eabi/9.3.1/../../../../arm-none-eabi/lib/thumb/v7e-m+fp/hard\libc_nano.a(lib_a-memset.o)
                0x0000000008006800                memset
 .text.sprintf  0x0000000008006810       0x40 c:/st/stm32cubeide_1.3.0/stm32cubeide/plugins/com.st.stm32cube.ide.mcu.externaltools.gnu-tools-for-stm32.9-2020-q2-update.win32_2.0.0.202105311346/tools/bin/../lib/gcc/arm-none-eabi/9.3.1/../../../../arm-none-eabi/lib/thumb/v7e-m+fp/hard\libc_nano.a(lib_a-sprintf.o)
                0x0000000008006810                siprintf
                0x0000000008006810                sprintf
 .text.__ssputs_r
                0x0000000008006850       0xb6 c:/st/stm32cubeide_1.3.0/stm32cubeide/plugins/com.st.stm32cube.ide.mcu.externaltools.gnu-tools-for-stm32.9-2020-q2-update.win32_2.0.0.202105311346/tools/bin/../lib/gcc/arm-none-eabi/9.3.1/../../../../arm-none-eabi/lib/thumb/v7e-m+fp/hard\libc_nano.a(lib_a-nano-svfprintf.o)
                0x0000000008006850                __ssputs_r
 *fill*         0x0000000008006906        0x2 
 .text._svfprintf_r
                0x0000000008006908      0x200 c:/st/stm32cubeide_1.3.0/stm32cubeide/plugins/com.st.stm32cube.ide.mcu.externaltools.gnu-tools-for-stm32.9-2020-q2-update.win32_2.0.0.202105311346/tools/bin/../lib/gcc/arm-none-eabi/9.3.1/../../../../arm-none-eabi/lib/thumb/v7e-m+fp/hard\libc_nano.a(lib_a-nano-svfprintf.o)
                0x0000000008006908                _svfiprintf_r
                0x0000000008006908                _svfprintf_r
 .text._printf_common
                0x0000000008006b08       0xda c:/st/stm32cubeide_1.3.0/stm32cubeide/plugins/com.st.stm32cube.ide.mcu.externaltools.gnu-tools-for-stm32.9-2020-q2-update.win32_2.0.0.202105311346/tools/bin/../lib/gcc/arm-none-eabi/9.3.1/../../../../arm-none-eabi/lib/thumb/v7e-m+fp/hard\libc_nano.a(lib_a-nano-vfprintf_i.o)
                0x0000000008006b08                _printf_common
 *fill*         0x0000000008006be2        0x2 
 .text._printf_i
                0x0000000008006be4      0x24c c:/st/stm32cubeide_1.3.0/stm32cubeide/plugins/com.st.stm32cube.ide.mcu.externaltools.gnu-tools-for-stm32.9-2020-q2-update.win32_2.0.0.202105311346/tools/bin/../lib/gcc/arm-none-eabi/9.3.1/../../../../arm-none-eabi/lib/thumb/v7e-m+fp/hard\libc_nano.a(lib_a-nano-vfprintf_i.o)
                0x0000000008006be4                _printf_i
 .text.memmove  0x0000000008006e30       0x34 c:/st/stm32cubeide_1.3.0/stm32cubeide/plugins/com.st.stm32cube.ide.mcu.externaltools.gnu-tools-for-stm32.9-2020-q2-update.win32_2.0.0.202105311346/tools/bin/../lib/gcc/arm-none-eabi/9.3.1/../../../../arm-none-eabi/lib/thumb/v7e-m+fp/hard\libc_nano.a(lib_a-memmove.o)
                0x0000000008006e30                memmove
 .text._free_r  0x0000000008006e64       0xa0 c:/st/stm32cubeide_1.3.0/stm32cubeide/plugins/com.st.stm32cube.ide.mcu.externaltools.gnu-tools-for-stm32.9-2020-q2-update.win32_2.0.0.202105311346/tools/bin/../lib/gcc/arm-none-eabi/9.3.1/../../../../arm-none-eabi/lib/thumb/v7e-m+fp/hard\libc_nano.a(lib_a-nano-freer.o)
                0x0000000008006e64                _free_r
 .text._malloc_r
                0x0000000008006f04       0xb4 c:/st/stm32cubeide_1.3.0/stm32cubeide/plugins/com.st.stm32cube.ide.mcu.externaltools.gnu-tools-for-stm32.9-2020-q2-update.win32_2.0.0.202105311346/tools/bin/../lib/gcc/arm-none-eabi/9.3.1/../../../../arm-none-eabi/lib/thumb/v7e-m+fp/hard\libc_nano.a(lib_a-nano-mallocr.o)
                0x0000000008006f04                _malloc_r
 .text._realloc_r
                0x0000000008006fb8       0x4c c:/st/stm32cubeide_1.3.0/stm32cubeide/plugins/com.st.stm32cube.ide.mcu.externaltools.gnu-tools-for-stm32.9-2020-q2-update.win32_2.0.0.202105311346/tools/bin/../lib/gcc/arm-none-eabi/9.3.1/../../../../arm-none-eabi/lib/thumb/v7e-m+fp/hard\libc_nano.a(lib_a-nano-reallocr.o)
                0x0000000008006fb8                _realloc_r
 .text._sbrk_r  0x0000000008007004       0x20 c:/st/stm32cubeide_1.3.0/stm32cubeide/plugins/com.st.stm32cube.ide.mcu.externaltools.gnu-tools-for-stm32.9-2020-q2-update.win32_2.0.0.202105311346/tools/bin/../lib/gcc/arm-none-eabi/9.3.1/../../../../arm-none-eabi/lib/thumb/v7e-m+fp/hard\libc_nano.a(lib_a-sbrkr.o)
                0x0000000008007004                _sbrk_r
 .text.__malloc_lock
                0x0000000008007024        0xc c:/st/stm32cubeide_1.3.0/stm32cubeide/plugins/com.st.stm32cube.ide.mcu.externaltools.gnu-tools-for-stm32.9-2020-q2-update.win32_2.0.0.202105311346/tools/bin/../lib/gcc/arm-none-eabi/9.3.1/../../../../arm-none-eabi/lib/thumb/v7e-m+fp/hard\libc_nano.a(lib_a-mlock.o)
                0x0000000008007024                __malloc_lock
 .text.__malloc_unlock
                0x0000000008007030        0xc c:/st/stm32cubeide_1.3.0/stm32cubeide/plugins/com.st.stm32cube.ide.mcu.externaltools.gnu-tools-for-stm32.9-2020-q2-update.win32_2.0.0.202105311346/tools/bin/../lib/gcc/arm-none-eabi/9.3.1/../../../../arm-none-eabi/lib/thumb/v7e-m+fp/hard\libc_nano.a(lib_a-mlock.o)
                0x0000000008007030                __malloc_unlock
 .text._malloc_usable_size_r
                0x000000000800703c       0x10 c:/st/stm32cubeide_1.3.0/stm32cubeide/plugins/com.st.stm32cube.ide.mcu.externaltools.gnu-tools-for-stm32.9-2020-q2-update.win32_2.0.0.202105311346/tools/bin/../lib/gcc/arm-none-eabi/9.3.1/../../../../arm-none-eabi/lib/thumb/v7e-m+fp/hard\libc_nano.a(lib_a-nano-msizer.o)
                0x000000000800703c                _malloc_usable_size_r
 .text.__retarget_lock_acquire_recursive
                0x000000000800704c        0x2 c:/st/stm32cubeide_1.3.0/stm32cubeide/plugins/com.st.stm32cube.ide.mcu.externaltools.gnu-tools-for-stm32.9-2020-q2-update.win32_2.0.0.202105311346/tools/bin/../lib/gcc/arm-none-eabi/9.3.1/../../../../arm-none-eabi/lib/thumb/v7e-m+fp/hard\libc_nano.a(lib_a-lock.o)
                0x000000000800704c                __retarget_lock_acquire_recursive
 .text.__retarget_lock_release_recursive
                0x000000000800704e        0x2 c:/st/stm32cubeide_1.3.0/stm32cubeide/plugins/com.st.stm32cube.ide.mcu.externaltools.gnu-tools-for-stm32.9-2020-q2-update.win32_2.0.0.202105311346/tools/bin/../lib/gcc/arm-none-eabi/9.3.1/../../../../arm-none-eabi/lib/thumb/v7e-m+fp/hard\libc_nano.a(lib_a-lock.o)
                0x000000000800704e                __retarget_lock_release_recursive
 *(.glue_7)
 .glue_7        0x0000000008007050        0x0 linker stubs
 *(.glue_7t)
 .glue_7t       0x0000000008007050        0x0 linker stubs
 *(.eh_frame)
 .eh_frame      0x0000000008007050        0x0 c:/st/stm32cubeide_1.3.0/stm32cubeide/plugins/com.st.stm32cube.ide.mcu.externaltools.gnu-tools-for-stm32.9-2020-q2-update.win32_2.0.0.202105311346/tools/bin/../lib/gcc/arm-none-eabi/9.3.1/thumb/v7e-m+fp/hard/crtbegin.o
 *(.init)
 .init          0x0000000008007050        0x4 c:/st/stm32cubeide_1.3.0/stm32cubeide/plugins/com.st.stm32cube.ide.mcu.externaltools.gnu-tools-for-stm32.9-2020-q2-update.win32_2.0.0.202105311346/tools/bin/../lib/gcc/arm-none-eabi/9.3.1/thumb/v7e-m+fp/hard/crti.o
                0x0000000008007050                _init
 .init          0x0000000008007054        0x8 c:/st/stm32cubeide_1.3.0/stm32cubeide/plugins/com.st.stm32cube.ide.mcu.externaltools.gnu-tools-for-stm32.9-2020-q2-update.win32_2.0.0.202105311346/tools/bin/../lib/gcc/arm-none-eabi/9.3.1/thumb/v7e-m+fp/hard/crtn.o
 *(.fini)
 .fini          0x000000000800705c        0x4 c:/st/stm32cubeide_1.3.0/stm32cubeide/plugins/com.st.stm32cube.ide.mcu.externaltools.gnu-tools-for-stm32.9-2020-q2-update.win32_2.0.0.202105311346/tools/bin/../lib/gcc/arm-none-eabi/9.3.1/thumb/v7e-m+fp/hard/crti.o
                0x000000000800705c                _fini
 .fini          0x0000000008007060        0x8 c:/st/stm32cubeide_1.3.0/stm32cubeide/plugins/com.st.stm32cube.ide.mcu.externaltools.gnu-tools-for-stm32.9-2020-q2-update.win32_2.0.0.202105311346/tools/bin/../lib/gcc/arm-none-eabi/9.3.1/thumb/v7e-m+fp/hard/crtn.o
                0x0000000008007068                . = ALIGN (0x4)
                0x0000000008007068                _etext = .

.vfp11_veneer   0x0000000008007068        0x0
 .vfp11_veneer  0x0000000008007068        0x0 linker stubs

.v4_bx          0x0000000008007068        0x0
 .v4_bx         0x0000000008007068        0x0 linker stubs

.iplt           0x0000000008007068        0x0
 .iplt          0x0000000008007068        0x0 c:/st/stm32cubeide_1.3.0/stm32cubeide/plugins/com.st.stm32cube.ide.mcu.externaltools.gnu-tools-for-stm32.9-2020-q2-update.win32_2.0.0.202105311346/tools/bin/../lib/gcc/arm-none-eabi/9.3.1/thumb/v7e-m+fp/hard/crtbegin.o

.rodata         0x0000000008007068      0x150
                0x0000000008007068                . = ALIGN (0x4)
 *(.rodata)
 .rodata        0x0000000008007068       0x5d ./Core/Src/main.o
 *fill*         0x00000000080070c5        0x3 
 .rodata        0x00000000080070c8        0x5 ./common/thirdparty/FreeRTOS/tasks.o
 *fill*         0x00000000080070cd        0x3 
 .rodata        0x00000000080070d0        0xd ./common/thirdparty/FreeRTOS/timers.o
 *fill*         0x00000000080070dd        0x3 
 .rodata        0x00000000080070e0       0x51 ./common/thirdparty/SEGGER/Config/SEGGER_SYSVIEW_Config_FreeRTOS.o
 *fill*         0x0000000008007131        0x3 
 .rodata        0x0000000008007134       0x17 ./common/thirdparty/SEGGER/SEGGER/SEGGER_RTT.o
 *fill*         0x000000000800714b        0x1 
 .rodata        0x000000000800714c        0x8 ./common/thirdparty/SEGGER/SEGGER/SEGGER_SYSVIEW.o
 *(.rodata*)
 .rodata.AHBPrescTable
                0x0000000008007154       0x10 ./Core/Src/system_stm32f4xx.o
                0x0000000008007154                AHBPrescTable
 .rodata.APBPrescTable
                0x0000000008007164        0x8 ./Core/Src/system_stm32f4xx.o
                0x0000000008007164                APBPrescTable
 .rodata.SYSVIEW_X_OS_TraceAPI
                0x000000000800716c        0x8 ./common/thirdparty/SEGGER/OS/SEGGER_SYSVIEW_FreeRTOS.o
                0x000000000800716c                SYSVIEW_X_OS_TraceAPI
 .rodata._abHelloMsg
                0x0000000008007174        0x4 ./common/thirdparty/SEGGER/Rec/segger_uart.o
 .rodata._abSync
                0x0000000008007178        0xa ./common/thirdparty/SEGGER/SEGGER/SEGGER_SYSVIEW.o
 .rodata._svfprintf_r.str1.1
                0x0000000008007182       0x11 c:/st/stm32cubeide_1.3.0/stm32cubeide/plugins/com.st.stm32cube.ide.mcu.externaltools.gnu-tools-for-stm32.9-2020-q2-update.win32_2.0.0.202105311346/tools/bin/../lib/gcc/arm-none-eabi/9.3.1/../../../../arm-none-eabi/lib/thumb/v7e-m+fp/hard\libc_nano.a(lib_a-nano-svfprintf.o)
 .rodata._printf_i.str1.1
                0x0000000008007193       0x22 c:/st/stm32cubeide_1.3.0/stm32cubeide/plugins/com.st.stm32cube.ide.mcu.externaltools.gnu-tools-for-stm32.9-2020-q2-update.win32_2.0.0.202105311346/tools/bin/../lib/gcc/arm-none-eabi/9.3.1/../../../../arm-none-eabi/lib/thumb/v7e-m+fp/hard\libc_nano.a(lib_a-nano-vfprintf_i.o)
                0x00000000080071b8                . = ALIGN (0x4)
 *fill*         0x00000000080071b5        0x3 

.ARM.extab      0x00000000080071b8        0x0
                0x00000000080071b8                . = ALIGN (0x4)
 *(.ARM.extab* .gnu.linkonce.armextab.*)
                0x00000000080071b8                . = ALIGN (0x4)

.ARM            0x00000000080071b8        0x8
                0x00000000080071b8                . = ALIGN (0x4)
                0x00000000080071b8                __exidx_start = .
 *(.ARM.exidx*)
 .ARM.exidx     0x00000000080071b8        0x8 c:/st/stm32cubeide_1.3.0/stm32cubeide/plugins/com.st.stm32cube.ide.mcu.externaltools.gnu-tools-for-stm32.9-2020-q2-update.win32_2.0.0.202105311346/tools/bin/../lib/gcc/arm-none-eabi/9.3.1/thumb/v7e-m+fp/hard\libgcc.a(_udivmoddi4.o)
                0x00000000080071c0                __exidx_end = .
                0x00000000080071c0                . = ALIGN (0x4)

.rel.dyn        0x00000000080071c0        0x0
 .rel.iplt      0x00000000080071c0        0x0 c:/st/stm32cubeide_1.3.0/stm32cubeide/plugins/com.st.stm32cube.ide.mcu.externaltools.gnu-tools-for-stm32.9-2020-q2-update.win32_2.0.0.202105311346/tools/bin/../lib/gcc/arm-none-eabi/9.3.1/thumb/v7e-m+fp/hard/crtbegin.o

.preinit_array  0x00000000080071c0        0x0
                0x00000000080071c0                . = ALIGN (0x4)
                0x00000000080071c0                PROVIDE (__preinit_array_start = .)
 *(.preinit_array*)
                0x00000000080071c0                PROVIDE (__preinit_array_end = .)
                0x00000000080071c0                . = ALIGN (0x4)

.init_array     0x00000000080071c0        0x4
                0x00000000080071c0                . = ALIGN (0x4)
                0x00000000080071c0                PROVIDE (__init_array_start = .)
 *(SORT_BY_NAME(.init_array.*))
 *(.init_array*)
 .init_array    0x00000000080071c0        0x4 c:/st/stm32cubeide_1.3.0/stm32cubeide/plugins/com.st.stm32cube.ide.mcu.externaltools.gnu-tools-for-stm32.9-2020-q2-update.win32_2.0.0.202105311346/tools/bin/../lib/gcc/arm-none-eabi/9.3.1/thumb/v7e-m+fp/hard/crtbegin.o
                0x00000000080071c4                PROVIDE (__init_array_end = .)
                0x00000000080071c4                . = ALIGN (0x4)

.fini_array     0x00000000080071c4        0x4
                0x00000000080071c4                . = ALIGN (0x4)
                [!provide]                        PROVIDE (__fini_array_start = .)
 *(SORT_BY_NAME(.fini_array.*))
 *(.fini_array*)
 .fini_array    0x00000000080071c4        0x4 c:/st/stm32cubeide_1.3.0/stm32cubeide/plugins/com.st.stm32cube.ide.mcu.externaltools.gnu-tools-for-stm32.9-2020-q2-update.win32_2.0.0.202105311346/tools/bin/../lib/gcc/arm-none-eabi/9.3.1/thumb/v7e-m+fp/hard/crtbegin.o
                [!provide]                        PROVIDE (__fini_array_end = .)
                0x00000000080071c8                . = ALIGN (0x4)
                0x00000000080071c8                _sidata = LOADADDR (.data)

.data           0x0000000020000000       0x80 load address 0x00000000080071c8
                0x0000000020000000                . = ALIGN (0x4)
                0x0000000020000000                _sdata = .
 *(.data)
 *(.data*)
 .data.SystemCoreClock
                0x0000000020000000        0x4 ./Core/Src/system_stm32f4xx.o
                0x0000000020000000                SystemCoreClock
 .data.uwTickPrio
                0x0000000020000004        0x4 ./Drivers/STM32F4xx_HAL_Driver/Src/stm32f4xx_hal.o
                0x0000000020000004                uwTickPrio
 .data.uwTickFreq
                0x0000000020000008        0x1 ./Drivers/STM32F4xx_HAL_Driver/Src/stm32f4xx_hal.o
                0x0000000020000008                uwTickFreq
 *fill*         0x0000000020000009        0x3 
 .data.uxTopUsedPriority
                0x000000002000000c        0x4 ./common/thirdparty/FreeRTOS/tasks.o
                0x000000002000000c                uxTopUsedPriority
 .data.uxCriticalNesting
                0x0000000020000010        0x4 ./common/thirdparty/FreeRTOS/portable/GCC/ARM_CM4F/port.o
 .data._SVInfo  0x0000000020000014        0x8 ./common/thirdparty/SEGGER/Rec/segger_uart.o
 .data._impure_ptr
                0x000000002000001c        0x4 c:/st/stm32cubeide_1.3.0/stm32cubeide/plugins/com.st.stm32cube.ide.mcu.externaltools.gnu-tools-for-stm32.9-2020-q2-update.win32_2.0.0.202105311346/tools/bin/../lib/gcc/arm-none-eabi/9.3.1/../../../../arm-none-eabi/lib/thumb/v7e-m+fp/hard\libc_nano.a(lib_a-impure.o)
                0x000000002000001c                _impure_ptr
 .data.impure_data
                0x0000000020000020       0x60 c:/st/stm32cubeide_1.3.0/stm32cubeide/plugins/com.st.stm32cube.ide.mcu.externaltools.gnu-tools-for-stm32.9-2020-q2-update.win32_2.0.0.202105311346/tools/bin/../lib/gcc/arm-none-eabi/9.3.1/../../../../arm-none-eabi/lib/thumb/v7e-m+fp/hard\libc_nano.a(lib_a-impure.o)
 *(.RamFunc)
 *(.RamFunc*)
                0x0000000020000080                . = ALIGN (0x4)
                0x0000000020000080                _edata = .

.igot.plt       0x0000000020000080        0x0 load address 0x0000000008007248
 .igot.plt      0x0000000020000080        0x0 c:/st/stm32cubeide_1.3.0/stm32cubeide/plugins/com.st.stm32cube.ide.mcu.externaltools.gnu-tools-for-stm32.9-2020-q2-update.win32_2.0.0.202105311346/tools/bin/../lib/gcc/arm-none-eabi/9.3.1/thumb/v7e-m+fp/hard/crtbegin.o
                0x0000000020000080                . = ALIGN (0x4)

.bss            0x0000000020000080    0x144bc load address 0x0000000008007248
                0x0000000020000080                _sbss = .
                0x0000000020000080                __bss_start__ = _sbss
 *(.bss)
 .bss           0x0000000020000080       0x1c c:/st/stm32cubeide_1.3.0/stm32cubeide/plugins/com.st.stm32cube.ide.mcu.externaltools.gnu-tools-for-stm32.9-2020-q2-update.win32_2.0.0.202105311346/tools/bin/../lib/gcc/arm-none-eabi/9.3.1/thumb/v7e-m+fp/hard/crtbegin.o
 *(.bss*)
 .bss.__sbrk_heap_end
                0x000000002000009c        0x4 ./Core/Src/sysmem.o
 .bss.pxCurrentTCB
                0x00000000200000a0        0x4 ./common/thirdparty/FreeRTOS/tasks.o
                0x00000000200000a0                pxCurrentTCB
 .bss.pxReadyTasksLists
                0x00000000200000a4       0x64 ./common/thirdparty/FreeRTOS/tasks.o
 .bss.xDelayedTaskList1
                0x0000000020000108       0x14 ./common/thirdparty/FreeRTOS/tasks.o
 .bss.xDelayedTaskList2
                0x000000002000011c       0x14 ./common/thirdparty/FreeRTOS/tasks.o
 .bss.pxDelayedTaskList
                0x0000000020000130        0x4 ./common/thirdparty/FreeRTOS/tasks.o
 .bss.pxOverflowDelayedTaskList
                0x0000000020000134        0x4 ./common/thirdparty/FreeRTOS/tasks.o
 .bss.xPendingReadyList
                0x0000000020000138       0x14 ./common/thirdparty/FreeRTOS/tasks.o
 .bss.xTasksWaitingTermination
                0x000000002000014c       0x14 ./common/thirdparty/FreeRTOS/tasks.o
 .bss.uxDeletedTasksWaitingCleanUp
                0x0000000020000160        0x4 ./common/thirdparty/FreeRTOS/tasks.o
 .bss.xSuspendedTaskList
                0x0000000020000164       0x14 ./common/thirdparty/FreeRTOS/tasks.o
 .bss.uxCurrentNumberOfTasks
                0x0000000020000178        0x4 ./common/thirdparty/FreeRTOS/tasks.o
 .bss.xTickCount
                0x000000002000017c        0x4 ./common/thirdparty/FreeRTOS/tasks.o
 .bss.uxTopReadyPriority
                0x0000000020000180        0x4 ./common/thirdparty/FreeRTOS/tasks.o
 .bss.xSchedulerRunning
                0x0000000020000184        0x4 ./common/thirdparty/FreeRTOS/tasks.o
 .bss.xPendedTicks
                0x0000000020000188        0x4 ./common/thirdparty/FreeRTOS/tasks.o
 .bss.xYieldPending
                0x000000002000018c        0x4 ./common/thirdparty/FreeRTOS/tasks.o
 .bss.xNumOfOverflows
                0x0000000020000190        0x4 ./common/thirdparty/FreeRTOS/tasks.o
 .bss.uxTaskNumber
                0x0000000020000194        0x4 ./common/thirdparty/FreeRTOS/tasks.o
 .bss.xNextTaskUnblockTime
                0x0000000020000198        0x4 ./common/thirdparty/FreeRTOS/tasks.o
 .bss.xIdleTaskHandle
                0x000000002000019c        0x4 ./common/thirdparty/FreeRTOS/tasks.o
 .bss.uxSchedulerSuspended
                0x00000000200001a0        0x4 ./common/thirdparty/FreeRTOS/tasks.o
 .bss.xActiveTimerList1
                0x00000000200001a4       0x14 ./common/thirdparty/FreeRTOS/timers.o
 .bss.xActiveTimerList2
                0x00000000200001b8       0x14 ./common/thirdparty/FreeRTOS/timers.o
 .bss.pxCurrentTimerList
                0x00000000200001cc        0x4 ./common/thirdparty/FreeRTOS/timers.o
 .bss.pxOverflowTimerList
                0x00000000200001d0        0x4 ./common/thirdparty/FreeRTOS/timers.o
 .bss.xTimerQueue
                0x00000000200001d4        0x4 ./common/thirdparty/FreeRTOS/timers.o
 .bss.xTimerTaskHandle
                0x00000000200001d8        0x4 ./common/thirdparty/FreeRTOS/timers.o
 .bss.xLastTime.6906
                0x00000000200001dc        0x4 ./common/thirdparty/FreeRTOS/timers.o
 .bss.ucMaxSysCallPriority
                0x00000000200001e0        0x1 ./common/thirdparty/FreeRTOS/portable/GCC/ARM_CM4F/port.o
 *fill*         0x00000000200001e1        0x3 
 .bss.ulMaxPRIGROUPValue
                0x00000000200001e4        0x4 ./common/thirdparty/FreeRTOS/portable/GCC/ARM_CM4F/port.o
 .bss.ucHeap    0x00000000200001e8    0x12c00 ./common/thirdparty/FreeRTOS/portable/MemMang/heap_4.o
 .bss.xStart    0x0000000020012de8        0x8 ./common/thirdparty/FreeRTOS/portable/MemMang/heap_4.o
 .bss.pxEnd     0x0000000020012df0        0x4 ./common/thirdparty/FreeRTOS/portable/MemMang/heap_4.o
 .bss.xFreeBytesRemaining
                0x0000000020012df4        0x4 ./common/thirdparty/FreeRTOS/portable/MemMang/heap_4.o
 .bss.xMinimumEverFreeBytesRemaining
                0x0000000020012df8        0x4 ./common/thirdparty/FreeRTOS/portable/MemMang/heap_4.o
 .bss.xNumberOfSuccessfulAllocations
                0x0000000020012dfc        0x4 ./common/thirdparty/FreeRTOS/portable/MemMang/heap_4.o
 .bss.xNumberOfSuccessfulFrees
                0x0000000020012e00        0x4 ./common/thirdparty/FreeRTOS/portable/MemMang/heap_4.o
 .bss.xBlockAllocatedBit
                0x0000000020012e04        0x4 ./common/thirdparty/FreeRTOS/portable/MemMang/heap_4.o
 .bss._aTasks   0x0000000020012e08       0xa0 ./common/thirdparty/SEGGER/OS/SEGGER_SYSVIEW_FreeRTOS.o
 .bss._NumTasks
                0x0000000020012ea8        0x4 ./common/thirdparty/SEGGER/OS/SEGGER_SYSVIEW_FreeRTOS.o
 .bss._cbOnRx   0x0000000020012eac        0x4 ./common/thirdparty/SEGGER/Rec/segger_uart.o
 .bss._cbOnTx   0x0000000020012eb0        0x4 ./common/thirdparty/SEGGER/Rec/segger_uart.o
 .bss._acUpBuffer
                0x0000000020012eb4      0x400 ./common/thirdparty/SEGGER/SEGGER/SEGGER_RTT.o
 .bss._acDownBuffer
                0x00000000200132b4       0x10 ./common/thirdparty/SEGGER/SEGGER/SEGGER_RTT.o
 .bss._UpBuffer
                0x00000000200132c4     0x1000 ./common/thirdparty/SEGGER/SEGGER/SEGGER_SYSVIEW.o
 .bss._DownBuffer
                0x00000000200142c4        0x8 ./common/thirdparty/SEGGER/SEGGER/SEGGER_SYSVIEW.o
 .bss._SYSVIEW_Globals
                0x00000000200142cc       0x28 ./common/thirdparty/SEGGER/SEGGER/SEGGER_SYSVIEW.o
 .bss._pFirstModule
                0x00000000200142f4        0x4 ./common/thirdparty/SEGGER/SEGGER/SEGGER_SYSVIEW.o
 .bss._NumModules
                0x00000000200142f8        0x1 ./common/thirdparty/SEGGER/SEGGER/SEGGER_SYSVIEW.o
 *fill*         0x00000000200142f9        0x3 
 .bss._aPacket  0x00000000200142fc       0xe3 ./common/thirdparty/SEGGER/SEGGER/SEGGER_SYSVIEW.o
 *fill*         0x00000000200143df        0x1 
 .bss.__malloc_free_list
                0x00000000200143e0        0x4 c:/st/stm32cubeide_1.3.0/stm32cubeide/plugins/com.st.stm32cube.ide.mcu.externaltools.gnu-tools-for-stm32.9-2020-q2-update.win32_2.0.0.202105311346/tools/bin/../lib/gcc/arm-none-eabi/9.3.1/../../../../arm-none-eabi/lib/thumb/v7e-m+fp/hard\libc_nano.a(lib_a-nano-mallocr.o)
                0x00000000200143e0                __malloc_free_list
 .bss.__malloc_sbrk_start
                0x00000000200143e4        0x4 c:/st/stm32cubeide_1.3.0/stm32cubeide/plugins/com.st.stm32cube.ide.mcu.externaltools.gnu-tools-for-stm32.9-2020-q2-update.win32_2.0.0.202105311346/tools/bin/../lib/gcc/arm-none-eabi/9.3.1/../../../../arm-none-eabi/lib/thumb/v7e-m+fp/hard\libc_nano.a(lib_a-nano-mallocr.o)
                0x00000000200143e4                __malloc_sbrk_start
 *(COMMON)
 COMMON         0x00000000200143e8       0x58 ./Core/Src/main.o
                0x00000000200143e8                handle_employee_task
                0x00000000200143ec                xMutex
                0x00000000200143f0                handle_manager_task
                0x00000000200143f4                xWorkQueue
                0x00000000200143f8                xWork
                0x00000000200143fc                huart2
 COMMON         0x0000000020014440        0x4 ./Drivers/STM32F4xx_HAL_Driver/Src/stm32f4xx_hal.o
                0x0000000020014440                uwTick
 COMMON         0x0000000020014444       0x40 ./common/thirdparty/FreeRTOS/queue.o
                0x0000000020014444                xQueueRegistry
 COMMON         0x0000000020014484       0xa8 ./common/thirdparty/SEGGER/SEGGER/SEGGER_RTT.o
                0x0000000020014484                _SEGGER_RTT
 COMMON         0x000000002001452c        0x4 c:/st/stm32cubeide_1.3.0/stm32cubeide/plugins/com.st.stm32cube.ide.mcu.externaltools.gnu-tools-for-stm32.9-2020-q2-update.win32_2.0.0.202105311346/tools/bin/../lib/gcc/arm-none-eabi/9.3.1/../../../../arm-none-eabi/lib/thumb/v7e-m+fp/hard\libc_nano.a(lib_a-reent.o)
                0x000000002001452c                errno
 COMMON         0x0000000020014530        0x9 c:/st/stm32cubeide_1.3.0/stm32cubeide/plugins/com.st.stm32cube.ide.mcu.externaltools.gnu-tools-for-stm32.9-2020-q2-update.win32_2.0.0.202105311346/tools/bin/../lib/gcc/arm-none-eabi/9.3.1/../../../../arm-none-eabi/lib/thumb/v7e-m+fp/hard\libc_nano.a(lib_a-lock.o)
                0x0000000020014530                __lock___atexit_recursive_mutex
                0x0000000020014531                __lock___arc4random_mutex
                0x0000000020014532                __lock___env_recursive_mutex
                0x0000000020014533                __lock___sinit_recursive_mutex
                0x0000000020014534                __lock___malloc_recursive_mutex
                0x0000000020014535                __lock___at_quick_exit_mutex
                0x0000000020014536                __lock___dd_hash_mutex
                0x0000000020014537                __lock___tz_mutex
                0x0000000020014538                __lock___sfp_recursive_mutex
                0x000000002001453c                . = ALIGN (0x4)
 *fill*         0x0000000020014539        0x3 
                0x000000002001453c                _ebss = .
                0x000000002001453c                __bss_end__ = _ebss

._user_heap_stack
                0x000000002001453c      0x604 load address 0x0000000008007248
                0x0000000020014540                . = ALIGN (0x8)
 *fill*         0x000000002001453c        0x4 
                [!provide]                        PROVIDE (end = .)
                0x0000000020014540                PROVIDE (_end = .)
                0x0000000020014740                . = (. + _Min_Heap_Size)
 *fill*         0x0000000020014540      0x200 
                0x0000000020014b40                . = (. + _Min_Stack_Size)
 *fill*         0x0000000020014740      0x400 
                0x0000000020014b40                . = ALIGN (0x8)

/DISCARD/
 libc.a(*)
 libm.a(*)
 libgcc.a(*)

.ARM.attributes
                0x0000000000000000       0x30
 *(.ARM.attributes)
 .ARM.attributes
                0x0000000000000000       0x1e c:/st/stm32cubeide_1.3.0/stm32cubeide/plugins/com.st.stm32cube.ide.mcu.externaltools.gnu-tools-for-stm32.9-2020-q2-update.win32_2.0.0.202105311346/tools/bin/../lib/gcc/arm-none-eabi/9.3.1/thumb/v7e-m+fp/hard/crti.o
 .ARM.attributes
                0x000000000000001e       0x34 c:/st/stm32cubeide_1.3.0/stm32cubeide/plugins/com.st.stm32cube.ide.mcu.externaltools.gnu-tools-for-stm32.9-2020-q2-update.win32_2.0.0.202105311346/tools/bin/../lib/gcc/arm-none-eabi/9.3.1/thumb/v7e-m+fp/hard/crtbegin.o
 .ARM.attributes
                0x0000000000000052       0x34 ./Core/Src/main.o
 .ARM.attributes
                0x0000000000000086       0x34 ./Core/Src/stm32f4xx_hal_msp.o
 .ARM.attributes
                0x00000000000000ba       0x34 ./Core/Src/stm32f4xx_it.o
 .ARM.attributes
                0x00000000000000ee       0x34 ./Core/Src/sysmem.o
 .ARM.attributes
                0x0000000000000122       0x34 ./Core/Src/system_stm32f4xx.o
 .ARM.attributes
                0x0000000000000156       0x21 ./Core/Startup/startup_stm32f446retx.o
 .ARM.attributes
                0x0000000000000177       0x34 ./Drivers/STM32F4xx_HAL_Driver/Src/stm32f4xx_hal.o
 .ARM.attributes
                0x00000000000001ab       0x34 ./Drivers/STM32F4xx_HAL_Driver/Src/stm32f4xx_hal_cortex.o
 .ARM.attributes
                0x00000000000001df       0x34 ./Drivers/STM32F4xx_HAL_Driver/Src/stm32f4xx_hal_gpio.o
 .ARM.attributes
                0x0000000000000213       0x34 ./Drivers/STM32F4xx_HAL_Driver/Src/stm32f4xx_hal_rcc.o
 .ARM.attributes
                0x0000000000000247       0x34 ./Drivers/STM32F4xx_HAL_Driver/Src/stm32f4xx_hal_rcc_ex.o
 .ARM.attributes
                0x000000000000027b       0x34 ./Drivers/STM32F4xx_HAL_Driver/Src/stm32f4xx_hal_uart.o
 .ARM.attributes
                0x00000000000002af       0x34 ./common/thirdparty/FreeRTOS/list.o
 .ARM.attributes
                0x00000000000002e3       0x34 ./common/thirdparty/FreeRTOS/queue.o
 .ARM.attributes
                0x0000000000000317       0x34 ./common/thirdparty/FreeRTOS/tasks.o
 .ARM.attributes
                0x000000000000034b       0x34 ./common/thirdparty/FreeRTOS/timers.o
 .ARM.attributes
                0x000000000000037f       0x34 ./common/thirdparty/FreeRTOS/portable/GCC/ARM_CM4F/port.o
 .ARM.attributes
                0x00000000000003b3       0x34 ./common/thirdparty/FreeRTOS/portable/MemMang/heap_4.o
 .ARM.attributes
                0x00000000000003e7       0x34 ./common/thirdparty/SEGGER/Config/SEGGER_SYSVIEW_Config_FreeRTOS.o
 .ARM.attributes
                0x000000000000041b       0x34 ./common/thirdparty/SEGGER/OS/SEGGER_SYSVIEW_FreeRTOS.o
 .ARM.attributes
                0x000000000000044f       0x34 ./common/thirdparty/SEGGER/Rec/segger_uart.o
 .ARM.attributes
                0x0000000000000483       0x34 ./common/thirdparty/SEGGER/SEGGER/SEGGER_RTT.o
 .ARM.attributes
                0x00000000000004b7       0x20 ./common/thirdparty/SEGGER/SEGGER/SEGGER_RTT_ASM_ARMv7M.o
 .ARM.attributes
                0x00000000000004d7       0x34 ./common/thirdparty/SEGGER/SEGGER/SEGGER_SYSVIEW.o
 .ARM.attributes
                0x000000000000050b       0x34 c:/st/stm32cubeide_1.3.0/stm32cubeide/plugins/com.st.stm32cube.ide.mcu.externaltools.gnu-tools-for-stm32.9-2020-q2-update.win32_2.0.0.202105311346/tools/bin/../lib/gcc/arm-none-eabi/9.3.1/../../../../arm-none-eabi/lib/thumb/v7e-m+fp/hard\libc_nano.a(lib_a-errno.o)
 .ARM.attributes
                0x000000000000053f       0x32 c:/st/stm32cubeide_1.3.0/stm32cubeide/plugins/com.st.stm32cube.ide.mcu.externaltools.gnu-tools-for-stm32.9-2020-q2-update.win32_2.0.0.202105311346/tools/bin/../lib/gcc/arm-none-eabi/9.3.1/../../../../arm-none-eabi/lib/thumb/v7e-m+fp/hard\libc_nano.a(lib_a-impure.o)
 .ARM.attributes
                0x0000000000000571       0x34 c:/st/stm32cubeide_1.3.0/stm32cubeide/plugins/com.st.stm32cube.ide.mcu.externaltools.gnu-tools-for-stm32.9-2020-q2-update.win32_2.0.0.202105311346/tools/bin/../lib/gcc/arm-none-eabi/9.3.1/../../../../arm-none-eabi/lib/thumb/v7e-m+fp/hard\libc_nano.a(lib_a-init.o)
 .ARM.attributes
                0x00000000000005a5       0x34 c:/st/stm32cubeide_1.3.0/stm32cubeide/plugins/com.st.stm32cube.ide.mcu.externaltools.gnu-tools-for-stm32.9-2020-q2-update.win32_2.0.0.202105311346/tools/bin/../lib/gcc/arm-none-eabi/9.3.1/../../../../arm-none-eabi/lib/thumb/v7e-m+fp/hard\libc_nano.a(lib_a-memcpy-stub.o)
 .ARM.attributes
                0x00000000000005d9       0x34 c:/st/stm32cubeide_1.3.0/stm32cubeide/plugins/com.st.stm32cube.ide.mcu.externaltools.gnu-tools-for-stm32.9-2020-q2-update.win32_2.0.0.202105311346/tools/bin/../lib/gcc/arm-none-eabi/9.3.1/../../../../arm-none-eabi/lib/thumb/v7e-m+fp/hard\libc_nano.a(lib_a-memset.o)
 .ARM.attributes
                0x000000000000060d       0x34 c:/st/stm32cubeide_1.3.0/stm32cubeide/plugins/com.st.stm32cube.ide.mcu.externaltools.gnu-tools-for-stm32.9-2020-q2-update.win32_2.0.0.202105311346/tools/bin/../lib/gcc/arm-none-eabi/9.3.1/../../../../arm-none-eabi/lib/thumb/v7e-m+fp/hard\libc_nano.a(lib_a-sprintf.o)
 .ARM.attributes
                0x0000000000000641       0x17 c:/st/stm32cubeide_1.3.0/stm32cubeide/plugins/com.st.stm32cube.ide.mcu.externaltools.gnu-tools-for-stm32.9-2020-q2-update.win32_2.0.0.202105311346/tools/bin/../lib/gcc/arm-none-eabi/9.3.1/../../../../arm-none-eabi/lib/thumb/v7e-m+fp/hard\libc_nano.a(lib_a-strlen.o)
 .ARM.attributes
                0x0000000000000658       0x34 c:/st/stm32cubeide_1.3.0/stm32cubeide/plugins/com.st.stm32cube.ide.mcu.externaltools.gnu-tools-for-stm32.9-2020-q2-update.win32_2.0.0.202105311346/tools/bin/../lib/gcc/arm-none-eabi/9.3.1/../../../../arm-none-eabi/lib/thumb/v7e-m+fp/hard\libc_nano.a(lib_a-nano-svfprintf.o)
 .ARM.attributes
                0x000000000000068c       0x34 c:/st/stm32cubeide_1.3.0/stm32cubeide/plugins/com.st.stm32cube.ide.mcu.externaltools.gnu-tools-for-stm32.9-2020-q2-update.win32_2.0.0.202105311346/tools/bin/../lib/gcc/arm-none-eabi/9.3.1/../../../../arm-none-eabi/lib/thumb/v7e-m+fp/hard\libc_nano.a(lib_a-nano-vfprintf_i.o)
 .ARM.attributes
                0x00000000000006c0       0x1c c:/st/stm32cubeide_1.3.0/stm32cubeide/plugins/com.st.stm32cube.ide.mcu.externaltools.gnu-tools-for-stm32.9-2020-q2-update.win32_2.0.0.202105311346/tools/bin/../lib/gcc/arm-none-eabi/9.3.1/../../../../arm-none-eabi/lib/thumb/v7e-m+fp/hard\libc_nano.a(lib_a-memchr.o)
 .ARM.attributes
                0x00000000000006dc       0x34 c:/st/stm32cubeide_1.3.0/stm32cubeide/plugins/com.st.stm32cube.ide.mcu.externaltools.gnu-tools-for-stm32.9-2020-q2-update.win32_2.0.0.202105311346/tools/bin/../lib/gcc/arm-none-eabi/9.3.1/../../../../arm-none-eabi/lib/thumb/v7e-m+fp/hard\libc_nano.a(lib_a-memmove.o)
 .ARM.attributes
                0x0000000000000710       0x34 c:/st/stm32cubeide_1.3.0/stm32cubeide/plugins/com.st.stm32cube.ide.mcu.externaltools.gnu-tools-for-stm32.9-2020-q2-update.win32_2.0.0.202105311346/tools/bin/../lib/gcc/arm-none-eabi/9.3.1/../../../../arm-none-eabi/lib/thumb/v7e-m+fp/hard\libc_nano.a(lib_a-nano-freer.o)
 .ARM.attributes
                0x0000000000000744       0x34 c:/st/stm32cubeide_1.3.0/stm32cubeide/plugins/com.st.stm32cube.ide.mcu.externaltools.gnu-tools-for-stm32.9-2020-q2-update.win32_2.0.0.202105311346/tools/bin/../lib/gcc/arm-none-eabi/9.3.1/../../../../arm-none-eabi/lib/thumb/v7e-m+fp/hard\libc_nano.a(lib_a-nano-mallocr.o)
 .ARM.attributes
                0x0000000000000778       0x34 c:/st/stm32cubeide_1.3.0/stm32cubeide/plugins/com.st.stm32cube.ide.mcu.externaltools.gnu-tools-for-stm32.9-2020-q2-update.win32_2.0.0.202105311346/tools/bin/../lib/gcc/arm-none-eabi/9.3.1/../../../../arm-none-eabi/lib/thumb/v7e-m+fp/hard\libc_nano.a(lib_a-nano-reallocr.o)
 .ARM.attributes
                0x00000000000007ac       0x34 c:/st/stm32cubeide_1.3.0/stm32cubeide/plugins/com.st.stm32cube.ide.mcu.externaltools.gnu-tools-for-stm32.9-2020-q2-update.win32_2.0.0.202105311346/tools/bin/../lib/gcc/arm-none-eabi/9.3.1/../../../../arm-none-eabi/lib/thumb/v7e-m+fp/hard\libc_nano.a(lib_a-sbrkr.o)
 .ARM.attributes
                0x00000000000007e0       0x34 c:/st/stm32cubeide_1.3.0/stm32cubeide/plugins/com.st.stm32cube.ide.mcu.externaltools.gnu-tools-for-stm32.9-2020-q2-update.win32_2.0.0.202105311346/tools/bin/../lib/gcc/arm-none-eabi/9.3.1/../../../../arm-none-eabi/lib/thumb/v7e-m+fp/hard\libc_nano.a(lib_a-mlock.o)
 .ARM.attributes
                0x0000000000000814       0x34 c:/st/stm32cubeide_1.3.0/stm32cubeide/plugins/com.st.stm32cube.ide.mcu.externaltools.gnu-tools-for-stm32.9-2020-q2-update.win32_2.0.0.202105311346/tools/bin/../lib/gcc/arm-none-eabi/9.3.1/../../../../arm-none-eabi/lib/thumb/v7e-m+fp/hard\libc_nano.a(lib_a-nano-msizer.o)
 .ARM.attributes
                0x0000000000000848       0x34 c:/st/stm32cubeide_1.3.0/stm32cubeide/plugins/com.st.stm32cube.ide.mcu.externaltools.gnu-tools-for-stm32.9-2020-q2-update.win32_2.0.0.202105311346/tools/bin/../lib/gcc/arm-none-eabi/9.3.1/../../../../arm-none-eabi/lib/thumb/v7e-m+fp/hard\libc_nano.a(lib_a-reent.o)
 .ARM.attributes
                0x000000000000087c       0x34 c:/st/stm32cubeide_1.3.0/stm32cubeide/plugins/com.st.stm32cube.ide.mcu.externaltools.gnu-tools-for-stm32.9-2020-q2-update.win32_2.0.0.202105311346/tools/bin/../lib/gcc/arm-none-eabi/9.3.1/../../../../arm-none-eabi/lib/thumb/v7e-m+fp/hard\libc_nano.a(lib_a-lock.o)
 .ARM.attributes
                0x00000000000008b0       0x1e c:/st/stm32cubeide_1.3.0/stm32cubeide/plugins/com.st.stm32cube.ide.mcu.externaltools.gnu-tools-for-stm32.9-2020-q2-update.win32_2.0.0.202105311346/tools/bin/../lib/gcc/arm-none-eabi/9.3.1/thumb/v7e-m+fp/hard\libgcc.a(_aeabi_uldivmod.o)
 .ARM.attributes
                0x00000000000008ce       0x34 c:/st/stm32cubeide_1.3.0/stm32cubeide/plugins/com.st.stm32cube.ide.mcu.externaltools.gnu-tools-for-stm32.9-2020-q2-update.win32_2.0.0.202105311346/tools/bin/../lib/gcc/arm-none-eabi/9.3.1/thumb/v7e-m+fp/hard\libgcc.a(_udivmoddi4.o)
 .ARM.attributes
                0x0000000000000902       0x1e c:/st/stm32cubeide_1.3.0/stm32cubeide/plugins/com.st.stm32cube.ide.mcu.externaltools.gnu-tools-for-stm32.9-2020-q2-update.win32_2.0.0.202105311346/tools/bin/../lib/gcc/arm-none-eabi/9.3.1/thumb/v7e-m+fp/hard\libgcc.a(_dvmd_tls.o)
 .ARM.attributes
                0x0000000000000920       0x1e c:/st/stm32cubeide_1.3.0/stm32cubeide/plugins/com.st.stm32cube.ide.mcu.externaltools.gnu-tools-for-stm32.9-2020-q2-update.win32_2.0.0.202105311346/tools/bin/../lib/gcc/arm-none-eabi/9.3.1/thumb/v7e-m+fp/hard/crtn.o
OUTPUT(011Mutex.elf elf32-littlearm)
LOAD linker stubs
LOAD c:/st/stm32cubeide_1.3.0/stm32cubeide/plugins/com.st.stm32cube.ide.mcu.externaltools.gnu-tools-for-stm32.9-2020-q2-update.win32_2.0.0.202105311346/tools/bin/../lib/gcc/arm-none-eabi/9.3.1/../../../../arm-none-eabi/lib/thumb/v7e-m+fp/hard\libc.a
LOAD c:/st/stm32cubeide_1.3.0/stm32cubeide/plugins/com.st.stm32cube.ide.mcu.externaltools.gnu-tools-for-stm32.9-2020-q2-update.win32_2.0.0.202105311346/tools/bin/../lib/gcc/arm-none-eabi/9.3.1/../../../../arm-none-eabi/lib/thumb/v7e-m+fp/hard\libm.a
LOAD c:/st/stm32cubeide_1.3.0/stm32cubeide/plugins/com.st.stm32cube.ide.mcu.externaltools.gnu-tools-for-stm32.9-2020-q2-update.win32_2.0.0.202105311346/tools/bin/../lib/gcc/arm-none-eabi/9.3.1/thumb/v7e-m+fp/hard\libgcc.a

.debug_info     0x0000000000000000    0x19b26
 .debug_info    0x0000000000000000     0x194a ./Core/Src/main.o
 .debug_info    0x000000000000194a      0xa32 ./Core/Src/stm32f4xx_hal_msp.o
 .debug_info    0x000000000000237c      0x216 ./Core/Src/stm32f4xx_it.o
 .debug_info    0x0000000000002592      0xa25 ./Core/Src/sysmem.o
 .debug_info    0x0000000000002fb7      0x5dc ./Core/Src/system_stm32f4xx.o
 .debug_info    0x0000000000003593       0x22 ./Core/Startup/startup_stm32f446retx.o
 .debug_info    0x00000000000035b5      0xa08 ./Drivers/STM32F4xx_HAL_Driver/Src/stm32f4xx_hal.o
 .debug_info    0x0000000000003fbd      0xef5 ./Drivers/STM32F4xx_HAL_Driver/Src/stm32f4xx_hal_cortex.o
 .debug_info    0x0000000000004eb2      0x892 ./Drivers/STM32F4xx_HAL_Driver/Src/stm32f4xx_hal_gpio.o
 .debug_info    0x0000000000005744      0x9db ./Drivers/STM32F4xx_HAL_Driver/Src/stm32f4xx_hal_rcc.o
 .debug_info    0x000000000000611f      0xa86 ./Drivers/STM32F4xx_HAL_Driver/Src/stm32f4xx_hal_rcc_ex.o
 .debug_info    0x0000000000006ba5     0x31de ./Drivers/STM32F4xx_HAL_Driver/Src/stm32f4xx_hal_uart.o
 .debug_info    0x0000000000009d83      0xb82 ./common/thirdparty/FreeRTOS/list.o
 .debug_info    0x000000000000a905     0x2017 ./common/thirdparty/FreeRTOS/queue.o
 .debug_info    0x000000000000c91c     0x2b3f ./common/thirdparty/FreeRTOS/tasks.o
 .debug_info    0x000000000000f45b     0x150d ./common/thirdparty/FreeRTOS/timers.o
 .debug_info    0x0000000000010968      0x599 ./common/thirdparty/FreeRTOS/portable/GCC/ARM_CM4F/port.o
 .debug_info    0x0000000000010f01      0xd8c ./common/thirdparty/FreeRTOS/portable/MemMang/heap_4.o
 .debug_info    0x0000000000011c8d      0x131 ./common/thirdparty/SEGGER/Config/SEGGER_SYSVIEW_Config_FreeRTOS.o
 .debug_info    0x0000000000011dbe      0xc58 ./common/thirdparty/SEGGER/OS/SEGGER_SYSVIEW_FreeRTOS.o
 .debug_info    0x0000000000012a16     0x13b8 ./common/thirdparty/SEGGER/Rec/segger_uart.o
 .debug_info    0x0000000000013dce     0x1d4b ./common/thirdparty/SEGGER/SEGGER/SEGGER_RTT.o
 .debug_info    0x0000000000015b19       0x26 ./common/thirdparty/SEGGER/SEGGER/SEGGER_RTT_ASM_ARMv7M.o
 .debug_info    0x0000000000015b3f     0x3fe7 ./common/thirdparty/SEGGER/SEGGER/SEGGER_SYSVIEW.o

.debug_abbrev   0x0000000000000000     0x3420
 .debug_abbrev  0x0000000000000000      0x335 ./Core/Src/main.o
 .debug_abbrev  0x0000000000000335      0x1ac ./Core/Src/stm32f4xx_hal_msp.o
 .debug_abbrev  0x00000000000004e1       0xd2 ./Core/Src/stm32f4xx_it.o
 .debug_abbrev  0x00000000000005b3      0x1bf ./Core/Src/sysmem.o
 .debug_abbrev  0x0000000000000772      0x145 ./Core/Src/system_stm32f4xx.o
 .debug_abbrev  0x00000000000008b7       0x12 ./Core/Startup/startup_stm32f446retx.o
 .debug_abbrev  0x00000000000008c9      0x1ed ./Drivers/STM32F4xx_HAL_Driver/Src/stm32f4xx_hal.o
 .debug_abbrev  0x0000000000000ab6      0x33c ./Drivers/STM32F4xx_HAL_Driver/Src/stm32f4xx_hal_cortex.o
 .debug_abbrev  0x0000000000000df2      0x1f1 ./Drivers/STM32F4xx_HAL_Driver/Src/stm32f4xx_hal_gpio.o
 .debug_abbrev  0x0000000000000fe3      0x275 ./Drivers/STM32F4xx_HAL_Driver/Src/stm32f4xx_hal_rcc.o
 .debug_abbrev  0x0000000000001258      0x1e2 ./Drivers/STM32F4xx_HAL_Driver/Src/stm32f4xx_hal_rcc_ex.o
 .debug_abbrev  0x000000000000143a      0x2eb ./Drivers/STM32F4xx_HAL_Driver/Src/stm32f4xx_hal_uart.o
 .debug_abbrev  0x0000000000001725      0x1f7 ./common/thirdparty/FreeRTOS/list.o
 .debug_abbrev  0x000000000000191c      0x333 ./common/thirdparty/FreeRTOS/queue.o
 .debug_abbrev  0x0000000000001c4f      0x3a9 ./common/thirdparty/FreeRTOS/tasks.o
 .debug_abbrev  0x0000000000001ff8      0x2ea ./common/thirdparty/FreeRTOS/timers.o
 .debug_abbrev  0x00000000000022e2      0x231 ./common/thirdparty/FreeRTOS/portable/GCC/ARM_CM4F/port.o
 .debug_abbrev  0x0000000000002513      0x2d3 ./common/thirdparty/FreeRTOS/portable/MemMang/heap_4.o
 .debug_abbrev  0x00000000000027e6       0xc1 ./common/thirdparty/SEGGER/Config/SEGGER_SYSVIEW_Config_FreeRTOS.o
 .debug_abbrev  0x00000000000028a7      0x219 ./common/thirdparty/SEGGER/OS/SEGGER_SYSVIEW_FreeRTOS.o
 .debug_abbrev  0x0000000000002ac0      0x2e0 ./common/thirdparty/SEGGER/Rec/segger_uart.o
 .debug_abbrev  0x0000000000002da0      0x2e1 ./common/thirdparty/SEGGER/SEGGER/SEGGER_RTT.o
 .debug_abbrev  0x0000000000003081       0x14 ./common/thirdparty/SEGGER/SEGGER/SEGGER_RTT_ASM_ARMv7M.o
 .debug_abbrev  0x0000000000003095      0x38b ./common/thirdparty/SEGGER/SEGGER/SEGGER_SYSVIEW.o

.debug_aranges  0x0000000000000000     0x10a0
 .debug_aranges
                0x0000000000000000       0x58 ./Core/Src/main.o
 .debug_aranges
                0x0000000000000058       0x30 ./Core/Src/stm32f4xx_hal_msp.o
 .debug_aranges
                0x0000000000000088       0x50 ./Core/Src/stm32f4xx_it.o
 .debug_aranges
                0x00000000000000d8       0x20 ./Core/Src/sysmem.o
 .debug_aranges
                0x00000000000000f8       0x28 ./Core/Src/system_stm32f4xx.o
 .debug_aranges
                0x0000000000000120       0x28 ./Core/Startup/startup_stm32f446retx.o
 .debug_aranges
                0x0000000000000148       0xf0 ./Drivers/STM32F4xx_HAL_Driver/Src/stm32f4xx_hal.o
 .debug_aranges
                0x0000000000000238      0x118 ./Drivers/STM32F4xx_HAL_Driver/Src/stm32f4xx_hal_cortex.o
 .debug_aranges
                0x0000000000000350       0x58 ./Drivers/STM32F4xx_HAL_Driver/Src/stm32f4xx_hal_gpio.o
 .debug_aranges
                0x00000000000003a8       0x88 ./Drivers/STM32F4xx_HAL_Driver/Src/stm32f4xx_hal_rcc.o
 .debug_aranges
                0x0000000000000430       0x78 ./Drivers/STM32F4xx_HAL_Driver/Src/stm32f4xx_hal_rcc_ex.o
 .debug_aranges
                0x00000000000004a8      0x200 ./Drivers/STM32F4xx_HAL_Driver/Src/stm32f4xx_hal_uart.o
 .debug_aranges
                0x00000000000006a8       0x40 ./common/thirdparty/FreeRTOS/list.o
 .debug_aranges
                0x00000000000006e8      0x130 ./common/thirdparty/FreeRTOS/queue.o
 .debug_aranges
                0x0000000000000818      0x218 ./common/thirdparty/FreeRTOS/tasks.o
 .debug_aranges
                0x0000000000000a30       0xe0 ./common/thirdparty/FreeRTOS/timers.o
 .debug_aranges
                0x0000000000000b10       0x88 ./common/thirdparty/FreeRTOS/portable/GCC/ARM_CM4F/port.o
 .debug_aranges
                0x0000000000000b98       0x58 ./common/thirdparty/FreeRTOS/portable/MemMang/heap_4.o
 .debug_aranges
                0x0000000000000bf0       0x28 ./common/thirdparty/SEGGER/Config/SEGGER_SYSVIEW_Config_FreeRTOS.o
 .debug_aranges
                0x0000000000000c18       0x48 ./common/thirdparty/SEGGER/OS/SEGGER_SYSVIEW_FreeRTOS.o
 .debug_aranges
                0x0000000000000c60       0x68 ./common/thirdparty/SEGGER/Rec/segger_uart.o
 .debug_aranges
                0x0000000000000cc8      0x138 ./common/thirdparty/SEGGER/SEGGER/SEGGER_RTT.o
 .debug_aranges
                0x0000000000000e00       0x20 ./common/thirdparty/SEGGER/SEGGER/SEGGER_RTT_ASM_ARMv7M.o
 .debug_aranges
                0x0000000000000e20      0x280 ./common/thirdparty/SEGGER/SEGGER/SEGGER_SYSVIEW.o

.debug_ranges   0x0000000000000000      0xf48
 .debug_ranges  0x0000000000000000       0x48 ./Core/Src/main.o
 .debug_ranges  0x0000000000000048       0x20 ./Core/Src/stm32f4xx_hal_msp.o
 .debug_ranges  0x0000000000000068       0x40 ./Core/Src/stm32f4xx_it.o
 .debug_ranges  0x00000000000000a8       0x10 ./Core/Src/sysmem.o
 .debug_ranges  0x00000000000000b8       0x18 ./Core/Src/system_stm32f4xx.o
 .debug_ranges  0x00000000000000d0       0x20 ./Core/Startup/startup_stm32f446retx.o
 .debug_ranges  0x00000000000000f0       0xe0 ./Drivers/STM32F4xx_HAL_Driver/Src/stm32f4xx_hal.o
 .debug_ranges  0x00000000000001d0      0x108 ./Drivers/STM32F4xx_HAL_Driver/Src/stm32f4xx_hal_cortex.o
 .debug_ranges  0x00000000000002d8       0x48 ./Drivers/STM32F4xx_HAL_Driver/Src/stm32f4xx_hal_gpio.o
 .debug_ranges  0x0000000000000320       0x78 ./Drivers/STM32F4xx_HAL_Driver/Src/stm32f4xx_hal_rcc.o
 .debug_ranges  0x0000000000000398       0x68 ./Drivers/STM32F4xx_HAL_Driver/Src/stm32f4xx_hal_rcc_ex.o
 .debug_ranges  0x0000000000000400      0x220 ./Drivers/STM32F4xx_HAL_Driver/Src/stm32f4xx_hal_uart.o
 .debug_ranges  0x0000000000000620       0x30 ./common/thirdparty/FreeRTOS/list.o
 .debug_ranges  0x0000000000000650      0x120 ./common/thirdparty/FreeRTOS/queue.o
 .debug_ranges  0x0000000000000770      0x208 ./common/thirdparty/FreeRTOS/tasks.o
 .debug_ranges  0x0000000000000978       0xd0 ./common/thirdparty/FreeRTOS/timers.o
 .debug_ranges  0x0000000000000a48       0x78 ./common/thirdparty/FreeRTOS/portable/GCC/ARM_CM4F/port.o
 .debug_ranges  0x0000000000000ac0       0x48 ./common/thirdparty/FreeRTOS/portable/MemMang/heap_4.o
 .debug_ranges  0x0000000000000b08       0x18 ./common/thirdparty/SEGGER/Config/SEGGER_SYSVIEW_Config_FreeRTOS.o
 .debug_ranges  0x0000000000000b20       0x38 ./common/thirdparty/SEGGER/OS/SEGGER_SYSVIEW_FreeRTOS.o
 .debug_ranges  0x0000000000000b58       0x58 ./common/thirdparty/SEGGER/Rec/segger_uart.o
 .debug_ranges  0x0000000000000bb0      0x128 ./common/thirdparty/SEGGER/SEGGER/SEGGER_RTT.o
 .debug_ranges  0x0000000000000cd8      0x270 ./common/thirdparty/SEGGER/SEGGER/SEGGER_SYSVIEW.o

.debug_macro    0x0000000000000000    0x2443d
 .debug_macro   0x0000000000000000      0x476 ./Core/Src/main.o
 .debug_macro   0x0000000000000476      0xaa8 ./Core/Src/main.o
 .debug_macro   0x0000000000000f1e      0x295 ./Core/Src/main.o
 .debug_macro   0x00000000000011b3       0x2e ./Core/Src/main.o
 .debug_macro   0x00000000000011e1       0x28 ./Core/Src/main.o
 .debug_macro   0x0000000000001209       0x22 ./Core/Src/main.o
 .debug_macro   0x000000000000122b       0x8e ./Core/Src/main.o
 .debug_macro   0x00000000000012b9       0x51 ./Core/Src/main.o
 .debug_macro   0x000000000000130a      0x103 ./Core/Src/main.o
 .debug_macro   0x000000000000140d       0x6a ./Core/Src/main.o
 .debug_macro   0x0000000000001477      0x1df ./Core/Src/main.o
 .debug_macro   0x0000000000001656       0x1c ./Core/Src/main.o
 .debug_macro   0x0000000000001672       0x22 ./Core/Src/main.o
 .debug_macro   0x0000000000001694       0xdf ./Core/Src/main.o
 .debug_macro   0x0000000000001773     0x102d ./Core/Src/main.o
 .debug_macro   0x00000000000027a0      0x11f ./Core/Src/main.o
 .debug_macro   0x00000000000028bf    0x16749 ./Core/Src/main.o
 .debug_macro   0x0000000000019008       0x6d ./Core/Src/main.o
 .debug_macro   0x0000000000019075     0x3666 ./Core/Src/main.o
 .debug_macro   0x000000000001c6db      0x174 ./Core/Src/main.o
 .debug_macro   0x000000000001c84f       0x5c ./Core/Src/main.o
 .debug_macro   0x000000000001c8ab      0xc90 ./Core/Src/main.o
 .debug_macro   0x000000000001d53b      0x9fe ./Core/Src/main.o
 .debug_macro   0x000000000001df39      0x116 ./Core/Src/main.o
 .debug_macro   0x000000000001e04f      0x1a0 ./Core/Src/main.o
 .debug_macro   0x000000000001e1ef       0xa5 ./Core/Src/main.o
 .debug_macro   0x000000000001e294      0x16d ./Core/Src/main.o
 .debug_macro   0x000000000001e401      0x287 ./Core/Src/main.o
 .debug_macro   0x000000000001e688       0x5f ./Core/Src/main.o
 .debug_macro   0x000000000001e6e7      0x236 ./Core/Src/main.o
 .debug_macro   0x000000000001e91d      0x132 ./Core/Src/main.o
 .debug_macro   0x000000000001ea4f      0x29c ./Core/Src/main.o
 .debug_macro   0x000000000001eceb       0x2e ./Core/Src/main.o
 .debug_macro   0x000000000001ed19      0x11a ./Core/Src/main.o
 .debug_macro   0x000000000001ee33       0xe8 ./Core/Src/main.o
 .debug_macro   0x000000000001ef1b       0x89 ./Core/Src/main.o
 .debug_macro   0x000000000001efa4      0x295 ./Core/Src/main.o
 .debug_macro   0x000000000001f239      0x126 ./Core/Src/main.o
 .debug_macro   0x000000000001f35f       0x52 ./Core/Src/main.o
 .debug_macro   0x000000000001f3b1       0x52 ./Core/Src/main.o
 .debug_macro   0x000000000001f403       0x18 ./Core/Src/main.o
 .debug_macro   0x000000000001f41b       0x3c ./Core/Src/main.o
 .debug_macro   0x000000000001f457       0x34 ./Core/Src/main.o
 .debug_macro   0x000000000001f48b       0x16 ./Core/Src/main.o
 .debug_macro   0x000000000001f4a1       0x35 ./Core/Src/main.o