Archive member included to satisfy reference by file (symbol)

c:/st/stm32cubeide_1.3.0/stm32cubeide/plugins/com.st.stm32cube.ide.mcu.externaltools.gnu-tools-for-stm32.9-2020-q2-update.win32_2.0.0.202105311346/tools/bin/../lib/gcc/arm-none-eabi/9.3.1/../../../../arm-none-eabi/lib/thumb/v7e-m+fp/hard\libc_nano.a(lib_a-errno.o)
                              ./Core/Src/syscalls.o (__errno)
c:/st/stm32cubeide_1.3.0/stm32cubeide/plugins/com.st.stm32cube.ide.mcu.externaltools.gnu-tools-for-stm32.9-2020-q2-update.win32_2.0.0.202105311346/tools/bin/../lib/gcc/arm-none-eabi/9.3.1/../../../../arm-none-eabi/lib/thumb/v7e-m+fp/hard\libc_nano.a(lib_a-exit.o)
                              c:/st/stm32cubeide_1.3.0/stm32cubeide/plugins/com.st.stm32cube.ide.mcu.externaltools.gnu-tools-for-stm32.9-2020-q2-update.win32_2.0.0.202105311346/tools/bin/../lib/gcc/arm-none-eabi/9.3.1/../../../../arm-none-eabi/lib/thumb/v7e-m+fp/hard/crt0.o (exit)
c:/st/stm32cubeide_1.3.0/stm32cubeide/plugins/com.st.stm32cube.ide.mcu.externaltools.gnu-tools-for-stm32.9-2020-q2-update.win32_2.0.0.202105311346/tools/bin/../lib/gcc/arm-none-eabi/9.3.1/../../../../arm-none-eabi/lib/thumb/v7e-m+fp/hard\libc_nano.a(lib_a-impure.o)
                              c:/st/stm32cubeide_1.3.0/stm32cubeide/plugins/com.st.stm32cube.ide.mcu.externaltools.gnu-tools-for-stm32.9-2020-q2-update.win32_2.0.0.202105311346/tools/bin/../lib/gcc/arm-none-eabi/9.3.1/../../../../arm-none-eabi/lib/thumb/v7e-m+fp/hard\libc_nano.a(lib_a-exit.o) (_global_impure_ptr)
c:/st/stm32cubeide_1.3.0/stm32cubeide/plugins/com.st.stm32cube.ide.mcu.externaltools.gnu-tools-for-stm32.9-2020-q2-update.win32_2.0.0.202105311346/tools/bin/../lib/gcc/arm-none-eabi/9.3.1/../../../../arm-none-eabi/lib/thumb/v7e-m+fp/hard\libc_nano.a(lib_a-init.o)
                              c:/st/stm32cubeide_1.3.0/stm32cubeide/plugins/com.st.stm32cube.ide.mcu.externaltools.gnu-tools-for-stm32.9-2020-q2-update.win32_2.0.0.202105311346/tools/bin/../lib/gcc/arm-none-eabi/9.3.1/../../../../arm-none-eabi/lib/thumb/v7e-m+fp/hard/crt0.o (__libc_init_array)
c:/st/stm32cubeide_1.3.0/stm32cubeide/plugins/com.st.stm32cube.ide.mcu.externaltools.gnu-tools-for-stm32.9-2020-q2-update.win32_2.0.0.202105311346/tools/bin/../lib/gcc/arm-none-eabi/9.3.1/../../../../arm-none-eabi/lib/thumb/v7e-m+fp/hard\libc_nano.a(lib_a-memcmp.o)
                              ./common/thirdparty/SEGGER/OS/SEGGER_SYSVIEW_FreeRTOS.o (memcmp)
c:/st/stm32cubeide_1.3.0/stm32cubeide/plugins/com.st.stm32cube.ide.mcu.externaltools.gnu-tools-for-stm32.9-2020-q2-update.win32_2.0.0.202105311346/tools/bin/../lib/gcc/arm-none-eabi/9.3.1/../../../../arm-none-eabi/lib/thumb/v7e-m+fp/hard\libc_nano.a(lib_a-memcpy-stub.o)
                              ./common/thirdparty/FreeRTOS/queue.o (memcpy)
c:/st/stm32cubeide_1.3.0/stm32cubeide/plugins/com.st.stm32cube.ide.mcu.externaltools.gnu-tools-for-stm32.9-2020-q2-update.win32_2.0.0.202105311346/tools/bin/../lib/gcc/arm-none-eabi/9.3.1/../../../../arm-none-eabi/lib/thumb/v7e-m+fp/hard\libc_nano.a(lib_a-memset.o)
                              c:/st/stm32cubeide_1.3.0/stm32cubeide/plugins/com.st.stm32cube.ide.mcu.externaltools.gnu-tools-for-stm32.9-2020-q2-update.win32_2.0.0.202105311346/tools/bin/../lib/gcc/arm-none-eabi/9.3.1/../../../../arm-none-eabi/lib/thumb/v7e-m+fp/hard/crt0.o (memset)
c:/st/stm32cubeide_1.3.0/stm32cubeide/plugins/com.st.stm32cube.ide.mcu.externaltools.gnu-tools-for-stm32.9-2020-q2-update.win32_2.0.0.202105311346/tools/bin/../lib/gcc/arm-none-eabi/9.3.1/../../../../arm-none-eabi/lib/thumb/v7e-m+fp/hard\libc_nano.a(lib_a-rand.o)
                              ./Core/Src/main.o (rand)
c:/st/stm32cubeide_1.3.0/stm32cubeide/plugins/com.st.stm32cube.ide.mcu.externaltools.gnu-tools-for-stm32.9-2020-q2-update.win32_2.0.0.202105311346/tools/bin/../lib/gcc/arm-none-eabi/9.3.1/../../../../arm-none-eabi/lib/thumb/v7e-m+fp/hard\libc_nano.a(lib_a-sprintf.o)
                              ./Core/Src/main.o (sprintf)
c:/st/stm32cubeide_1.3.0/stm32cubeide/plugins/com.st.stm32cube.ide.mcu.externaltools.gnu-tools-for-stm32.9-2020-q2-update.win32_2.0.0.202105311346/tools/bin/../lib/gcc/arm-none-eabi/9.3.1/../../../../arm-none-eabi/lib/thumb/v7e-m+fp/hard\libc_nano.a(lib_a-strlen.o)
                              ./Core/Src/main.o (strlen)
c:/st/stm32cubeide_1.3.0/stm32cubeide/plugins/com.st.stm32cube.ide.mcu.externaltools.gnu-tools-for-stm32.9-2020-q2-update.win32_2.0.0.202105311346/tools/bin/../lib/gcc/arm-none-eabi/9.3.1/../../../../arm-none-eabi/lib/thumb/v7e-m+fp/hard\libc_nano.a(lib_a-assert.o)
                              c:/st/stm32cubeide_1.3.0/stm32cubeide/plugins/com.st.stm32cube.ide.mcu.externaltools.gnu-tools-for-stm32.9-2020-q2-update.win32_2.0.0.202105311346/tools/bin/../lib/gcc/arm-none-eabi/9.3.1/../../../../arm-none-eabi/lib/thumb/v7e-m+fp/hard\libc_nano.a(lib_a-rand.o) (__assert_func)
[...]
Memory Configuration

Name             Origin             Length             Attributes
RAM              0x0000000020000000 0x0000000000020000 xrw
FLASH            0x0000000008000000 0x0000000000080000 xr
*default*        0x0000000000000000 0xffffffffffffffff

Linker script and memory map

LOAD c:/st/stm32cubeide_1.3.0/stm32cubeide/plugins/com.st.stm32cube.ide.mcu.externaltools.gnu-tools-for-stm32.9-2020-q2-update.win32_2.0.0.202105311346/tools/bin/../lib/gcc/arm-none-eabi/9.3.1/thumb/v7e-m+fp/hard/crti.o
LOAD c:/st/stm32cubeide_1.3.0/stm32cubeide/plugins/com.st.stm32cube.ide.mcu.externaltools.gnu-tools-for-stm32.9-2020-q2-update.win32_2.0.0.202105311346/tools/bin/../lib/gcc/arm-none-eabi/9.3.1/thumb/v7e-m+fp/hard/crtbegin.o
LOAD c:/st/stm32cubeide_1.3.0/stm32cubeide/plugins/com.st.stm32cube.ide.mcu.externaltools.gnu-tools-for-stm32.9-2020-q2-update.win32_2.0.0.202105311346/tools/bin/../lib/gcc/arm-none-eabi/9.3.1/../../../../arm-none-eabi/lib/thumb/v7e-m+fp/hard/crt0.o
LOAD ./Core/Src/main.o
LOAD ./Core/Src/stm32f4xx_hal_msp.o
LOAD ./Core/Src/stm32f4xx_it.o
LOAD ./Core/Src/syscalls.o
LOAD ./Core/Src/sysmem.o
LOAD ./Core/Src/system_stm32f4xx.o
LOAD ./Core/Startup/startup_stm32f446retx.o
LOAD ./Drivers/STM32F4xx_HAL_Driver/Src/stm32f4xx_hal.o
LOAD ./Drivers/STM32F4xx_HAL_Driver/Src/stm32f4xx_hal_cortex.o
LOAD ./Drivers/STM32F4xx_HAL_Driver/Src/stm32f4xx_hal_dma.o
LOAD ./Drivers/STM32F4xx_HAL_Driver/Src/stm32f4xx_hal_dma_ex.o
LOAD ./Drivers/STM32F4xx_HAL_Driver/Src/stm32f4xx_hal_exti.o
LOAD ./Drivers/STM32F4xx_HAL_Driver/Src/stm32f4xx_hal_flash.o
LOAD ./Drivers/STM32F4xx_HAL_Driver/Src/stm32f4xx_hal_flash_ex.o
LOAD ./Drivers/STM32F4xx_HAL_Driver/Src/stm32f4xx_hal_flash_ramfunc.o
LOAD ./Drivers/STM32F4xx_HAL_Driver/Src/stm32f4xx_hal_gpio.o
LOAD ./Drivers/STM32F4xx_HAL_Driver/Src/stm32f4xx_hal_pwr.o
LOAD ./Drivers/STM32F4xx_HAL_Driver/Src/stm32f4xx_hal_pwr_ex.o
LOAD ./Drivers/STM32F4xx_HAL_Driver/Src/stm32f4xx_hal_rcc.o
LOAD ./Drivers/STM32F4xx_HAL_Driver/Src/stm32f4xx_hal_rcc_ex.o
LOAD ./Drivers/STM32F4xx_HAL_Driver/Src/stm32f4xx_hal_tim.o
LOAD ./Drivers/STM32F4xx_HAL_Driver/Src/stm32f4xx_hal_tim_ex.o
LOAD ./Drivers/STM32F4xx_HAL_Driver/Src/stm32f4xx_hal_uart.o
LOAD ./common/thirdparty/FreeRTOS/croutine.o
LOAD ./common/thirdparty/FreeRTOS/event_groups.o
LOAD ./common/thirdparty/FreeRTOS/list.o
LOAD ./common/thirdparty/FreeRTOS/queue.o
LOAD ./common/thirdparty/FreeRTOS/stream_buffer.o
LOAD ./common/thirdparty/FreeRTOS/tasks.o
LOAD ./common/thirdparty/FreeRTOS/timers.o
LOAD ./common/thirdparty/FreeRTOS/portable/GCC/ARM_CM4F/port.o
LOAD ./common/thirdparty/FreeRTOS/portable/MemMang/heap_4.o
LOAD ./common/thirdparty/SEGGER/Config/SEGGER_SYSVIEW_Config_FreeRTOS.o
LOAD ./common/thirdparty/SEGGER/OS/SEGGER_SYSVIEW_FreeRTOS.o
LOAD ./common/thirdparty/SEGGER/Rec/segger_uart.o
LOAD ./common/thirdparty/SEGGER/SEGGER/SEGGER_RTT.o
LOAD ./common/thirdparty/SEGGER/SEGGER/SEGGER_RTT_ASM_ARMv7M.o
LOAD ./common/thirdparty/SEGGER/SEGGER/SEGGER_RTT_printf.o
LOAD ./common/thirdparty/SEGGER/SEGGER/SEGGER_SYSVIEW.o
LOAD ./common/thirdparty/SEGGER/SEGGER/Syscalls/SEGGER_RTT_Syscalls_GCC.o
START GROUP
LOAD c:/st/stm32cubeide_1.3.0/stm32cubeide/plugins/com.st.stm32cube.ide.mcu.externaltools.gnu-tools-for-stm32.9-2020-q2-update.win32_2.0.0.202105311346/tools/bin/../lib/gcc/arm-none-eabi/9.3.1/../../../../arm-none-eabi/lib/thumb/v7e-m+fp/hard\libc_nano.a
LOAD c:/st/stm32cubeide_1.3.0/stm32cubeide/plugins/com.st.stm32cube.ide.mcu.externaltools.gnu-tools-for-stm32.9-2020-q2-update.win32_2.0.0.202105311346/tools/bin/../lib/gcc/arm-none-eabi/9.3.1/../../../../arm-none-eabi/lib/thumb/v7e-m+fp/hard\libm.a
END GROUP
START GROUP
LOAD c:/st/stm32cubeide_1.3.0/stm32cubeide/plugins/com.st.stm32cube.ide.mcu.externaltools.gnu-tools-for-stm32.9-2020-q2-update.win32_2.0.0.202105311346/tools/bin/../lib/gcc/arm-none-eabi/9.3.1/thumb/v7e-m+fp/hard\libgcc.a
LOAD c:/st/stm32cubeide_1.3.0/stm32cubeide/plugins/com.st.stm32cube.ide.mcu.externaltools.gnu-tools-for-stm32.9-2020-q2-update.win32_2.0.0.202105311346/tools/bin/../lib/gcc/arm-none-eabi/9.3.1/../../../../arm-none-eabi/lib/thumb/v7e-m+fp/hard\libc_nano.a
END GROUP
START GROUP
LOAD c:/st/stm32cubeide_1.3.0/stm32cubeide/plugins/com.st.stm32cube.ide.mcu.externaltools.gnu-tools-for-stm32.9-2020-q2-update.win32_2.0.0.202105311346/tools/bin/../lib/gcc/arm-none-eabi/9.3.1/thumb/v7e-m+fp/hard\libgcc.a
LOAD c:/st/stm32cubeide_1.3.0/stm32cubeide/plugins/com.st.stm32cube.ide.mcu.externaltools.gnu-tools-for-stm32.9-2020-q2-update.win32_2.0.0.202105311346/tools/bin/../lib/gcc/arm-none-eabi/9.3.1/../../../../arm-none-eabi/lib/thumb/v7e-m+fp/hard\libc_nano.a
LOAD c:/st/stm32cubeide_1.3.0/stm32cubeide/plugins/com.st.stm32cube.ide.mcu.externaltools.gnu-tools-for-stm32.9-2020-q2-update.win32_2.0.0.202105311346/tools/bin/../lib/gcc/arm-none-eabi/9.3.1/../../../../arm-none-eabi/lib/thumb/v7e-m+fp/hard\libnosys.a
END GROUP
START GROUP
LOAD c:/st/stm32cubeide_1.3.0/stm32cubeide/plugins/com.st.stm32cube.ide.mcu.externaltools.gnu-tools-for-stm32.9-2020-q2-update.win32_2.0.0.202105311346/tools/bin/../lib/gcc/arm-none-eabi/9.3.1/thumb/v7e-m+fp/hard\libgcc.a
LOAD c:/st/stm32cubeide_1.3.0/stm32cubeide/plugins/com.st.stm32cube.ide.mcu.externaltools.gnu-tools-for-stm32.9-2020-q2-update.win32_2.0.0.202105311346/tools/bin/../lib/gcc/arm-none-eabi/9.3.1/../../../../arm-none-eabi/lib/thumb/v7e-m+fp/hard\libc_nano.a
LOAD c:/st/stm32cubeide_1.3.0/stm32cubeide/plugins/com.st.stm32cube.ide.mcu.externaltools.gnu-tools-for-stm32.9-2020-q2-update.win32_2.0.0.202105311346/tools/bin/../lib/gcc/arm-none-eabi/9.3.1/../../../../arm-none-eabi/lib/thumb/v7e-m+fp/hard\libnosys.a
END GROUP
LOAD c:/st/stm32cubeide_1.3.0/stm32cubeide/plugins/com.st.stm32cube.ide.mcu.externaltools.gnu-tools-for-stm32.9-2020-q2-update.win32_2.0.0.202105311346/tools/bin/../lib/gcc/arm-none-eabi/9.3.1/thumb/v7e-m+fp/hard/crtend.o
LOAD c:/st/stm32cubeide_1.3.0/stm32cubeide/plugins/com.st.stm32cube.ide.mcu.externaltools.gnu-tools-for-stm32.9-2020-q2-update.win32_2.0.0.202105311346/tools/bin/../lib/gcc/arm-none-eabi/9.3.1/thumb/v7e-m+fp/hard/crtn.o
                0x0000000020020000                _estack = (ORIGIN (RAM) + LENGTH (RAM))
                0x0000000000000200                _Min_Heap_Size = 0x200
                0x0000000000000400                _Min_Stack_Size = 0x400

.isr_vector     0x0000000008000000      0x1c4
                0x0000000008000000                . = ALIGN (0x4)
 *(.isr_vector)
 .isr_vector    0x0000000008000000      0x1c4 ./Core/Startup/startup_stm32f446retx.o
                0x0000000008000000                g_pfnVectors
                0x00000000080001c4                . = ALIGN (0x4)

.text           0x00000000080001d0     0x7be0
                0x00000000080001d0                . = ALIGN (0x4)
 *(.text)
 .text          0x00000000080001d0       0x40 c:/st/stm32cubeide_1.3.0/stm32cubeide/plugins/com.st.stm32cube.ide.mcu.externaltools.gnu-tools-for-stm32.9-2020-q2-update.win32_2.0.0.202105311346/tools/bin/../lib/gcc/arm-none-eabi/9.3.1/thumb/v7e-m+fp/hard/crtbegin.o
 .text          0x0000000008000210       0x94 ./common/thirdparty/SEGGER/SEGGER/SEGGER_RTT_ASM_ARMv7M.o
                0x0000000008000210                SEGGER_RTT_ASM_WriteSkipNoLock
 .text          0x00000000080002a4       0x10 c:/st/stm32cubeide_1.3.0/stm32cubeide/plugins/com.st.stm32cube.ide.mcu.externaltools.gnu-tools-for-stm32.9-2020-q2-update.win32_2.0.0.202105311346/tools/bin/../lib/gcc/arm-none-eabi/9.3.1/../../../../arm-none-eabi/lib/thumb/v7e-m+fp/hard\libc_nano.a(lib_a-strlen.o)
                0x00000000080002a4                strlen
 *fill*         0x00000000080002b4        0xc 
 .text          0x00000000080002c0       0xa0 c:/st/stm32cubeide_1.3.0/stm32cubeide/plugins/com.st.stm32cube.ide.mcu.externaltools.gnu-tools-for-stm32.9-2020-q2-update.win32_2.0.0.202105311346/tools/bin/../lib/gcc/arm-none-eabi/9.3.1/../../../../arm-none-eabi/lib/thumb/v7e-m+fp/hard\libc_nano.a(lib_a-memchr.o)
                0x00000000080002c0                memchr
 .text          0x0000000008000360       0x30 c:/st/stm32cubeide_1.3.0/stm32cubeide/plugins/com.st.stm32cube.ide.mcu.externaltools.gnu-tools-for-stm32.9-2020-q2-update.win32_2.0.0.202105311346/tools/bin/../lib/gcc/arm-none-eabi/9.3.1/thumb/v7e-m+fp/hard\libgcc.a(_aeabi_uldivmod.o)
                0x0000000008000360                __aeabi_uldivmod
 .text          0x0000000008000390      0x2c4 c:/st/stm32cubeide_1.3.0/stm32cubeide/plugins/com.st.stm32cube.ide.mcu.externaltools.gnu-tools-for-stm32.9-2020-q2-update.win32_2.0.0.202105311346/tools/bin/../lib/gcc/arm-none-eabi/9.3.1/thumb/v7e-m+fp/hard\libgcc.a(_udivmoddi4.o)
                0x0000000008000390                __udivmoddi4
 .text          0x0000000008000654        0x4 c:/st/stm32cubeide_1.3.0/stm32cubeide/plugins/com.st.stm32cube.ide.mcu.externaltools.gnu-tools-for-stm32.9-2020-q2-update.win32_2.0.0.202105311346/tools/bin/../lib/gcc/arm-none-eabi/9.3.1/thumb/v7e-m+fp/hard\libgcc.a(_dvmd_tls.o)
                0x0000000008000654                __aeabi_idiv0
                0x0000000008000654                __aeabi_ldiv0
 *(.text*)
 .text.main     0x0000000008000658      0x11c ./Core/Src/main.o
                0x0000000008000658                main
 .text.SystemClock_Config
                0x0000000008000774       0xdc ./Core/Src/main.o
                0x0000000008000774                SystemClock_Config
 .text.MX_USART2_UART_Init
                0x0000000008000850       0x54 ./Core/Src/main.o
 .text.MX_GPIO_Init
                0x00000000080008a4       0xec ./Core/Src/main.o
 .text.manager_task_handler
                0x0000000008000990       0x7c ./Core/Src/main.o
                0x0000000008000990                manager_task_handler
 .text.employee_task_handler
                0x0000000008000a0c       0x7c ./Core/Src/main.o
                0x0000000008000a0c                employee_task_handler
 .text.printmsg
                0x0000000008000a88       0x28 ./Core/Src/main.o
                0x0000000008000a88                printmsg
 .text.Error_Handler
                0x0000000008000ab0        0xa ./Core/Src/main.o
                0x0000000008000ab0                Error_Handler
 *fill*         0x0000000008000aba        0x2 
 .text.HAL_MspInit
                0x0000000008000abc       0x50 ./Core/Src/stm32f4xx_hal_msp.o
                0x0000000008000abc                HAL_MspInit
 .text.HAL_UART_MspInit
                0x0000000008000b0c       0x90 ./Core/Src/stm32f4xx_hal_msp.o
                0x0000000008000b0c                HAL_UART_MspInit
 .text.NMI_Handler
                0x0000000008000b9c        0x6 ./Core/Src/stm32f4xx_it.o
                0x0000000008000b9c                NMI_Handler
 .text.HardFault_Handler
                0x0000000008000ba2        0x6 ./Core/Src/stm32f4xx_it.o
                0x0000000008000ba2                HardFault_Handler
 .text.MemManage_Handler
                0x0000000008000ba8        0x6 ./Core/Src/stm32f4xx_it.o
                0x0000000008000ba8                MemManage_Handler
 .text.BusFault_Handler
                0x0000000008000bae        0x6 ./Core/Src/stm32f4xx_it.o
                0x0000000008000bae                BusFault_Handler
 .text.UsageFault_Handler
                0x0000000008000bb4        0x6 ./Core/Src/stm32f4xx_it.o
                0x0000000008000bb4                UsageFault_Handler
 .text.DebugMon_Handler
                0x0000000008000bba        0xe ./Core/Src/stm32f4xx_it.o
                0x0000000008000bba                DebugMon_Handler
 .text.EXTI15_10_IRQHandler
                0x0000000008000bc8       0x10 ./Core/Src/stm32f4xx_it.o
                0x0000000008000bc8                EXTI15_10_IRQHandler
 .text._getpid  0x0000000008000bd8       0x10 ./Core/Src/syscalls.o
                0x0000000008000bd8                _getpid
 .text._kill    0x0000000008000be8       0x20 ./Core/Src/syscalls.o
                0x0000000008000be8                _kill
 .text._exit    0x0000000008000c08       0x14 ./Core/Src/syscalls.o
                0x0000000008000c08                _exit
 .text._read    0x0000000008000c1c       0x3a ./Core/Src/syscalls.o
                0x0000000008000c1c                _read
 .text._close   0x0000000008000c56       0x18 ./Core/Src/syscalls.o
                0x0000000008000c56                _close
 .text._fstat   0x0000000008000c6e       0x20 ./Core/Src/syscalls.o
                0x0000000008000c6e                _fstat
 .text._isatty  0x0000000008000c8e       0x16 ./Core/Src/syscalls.o
                0x0000000008000c8e                _isatty
 .text._lseek   0x0000000008000ca4       0x1a ./Core/Src/syscalls.o
                0x0000000008000ca4                _lseek
 *fill*         0x0000000008000cbe        0x2 
 .text._sbrk    0x0000000008000cc0       0x6c ./Core/Src/sysmem.o
                0x0000000008000cc0                _sbrk
 .text.SystemInit
                0x0000000008000d2c       0x24 ./Core/Src/system_stm32f4xx.o
                0x0000000008000d2c                SystemInit
 .text.Reset_Handler
                0x0000000008000d50       0x50 ./Core/Startup/startup_stm32f446retx.o
                0x0000000008000d50                Reset_Handler
 .text.Default_Handler
                0x0000000008000da0        0x2 ./Core/Startup/startup_stm32f446retx.o
                0x0000000008000da0                RTC_Alarm_IRQHandler
                0x0000000008000da0                EXTI2_IRQHandler
                0x0000000008000da0                TIM8_CC_IRQHandler
                0x0000000008000da0                FMPI2C1_EV_IRQHandler
                0x0000000008000da0                SPI4_IRQHandler
                0x0000000008000da0                TIM1_CC_IRQHandler
                0x0000000008000da0                DMA2_Stream5_IRQHandler
                0x0000000008000da0                DMA1_Stream5_IRQHandler
                0x0000000008000da0                PVD_IRQHandler
                0x0000000008000da0                SDIO_IRQHandler
                0x0000000008000da0                TAMP_STAMP_IRQHandler
                0x0000000008000da0                CAN2_RX1_IRQHandler
                0x0000000008000da0                EXTI3_IRQHandler
                0x0000000008000da0                TIM8_TRG_COM_TIM14_IRQHandler
                0x0000000008000da0                TIM1_UP_TIM10_IRQHandler
                0x0000000008000da0                TIM8_UP_TIM13_IRQHandler
                0x0000000008000da0                I2C3_ER_IRQHandler
                0x0000000008000da0                EXTI0_IRQHandler
                0x0000000008000da0                I2C2_EV_IRQHandler
                0x0000000008000da0                DMA1_Stream2_IRQHandler
                0x0000000008000da0                CAN1_RX0_IRQHandler
                0x0000000008000da0                FPU_IRQHandler
                0x0000000008000da0                OTG_HS_WKUP_IRQHandler
                0x0000000008000da0                CAN2_SCE_IRQHandler
                0x0000000008000da0                DMA2_Stream2_IRQHandler
                0x0000000008000da0                SPI1_IRQHandler
                0x0000000008000da0                TIM6_DAC_IRQHandler
                0x0000000008000da0                TIM1_BRK_TIM9_IRQHandler
                0x0000000008000da0                DCMI_IRQHandler
                0x0000000008000da0                CAN2_RX0_IRQHandler
                0x0000000008000da0                DMA2_Stream3_IRQHandler
                0x0000000008000da0                SAI2_IRQHandler
                0x0000000008000da0                USART6_IRQHandler
                0x0000000008000da0                USART3_IRQHandler
                0x0000000008000da0                CAN1_RX1_IRQHandler
                0x0000000008000da0                UART5_IRQHandler
                0x0000000008000da0                DMA2_Stream0_IRQHandler
                0x0000000008000da0                TIM4_IRQHandler
                0x0000000008000da0                QUADSPI_IRQHandler
                0x0000000008000da0                I2C1_EV_IRQHandler
                0x0000000008000da0                DMA1_Stream6_IRQHandler
                0x0000000008000da0                DMA1_Stream1_IRQHandler
                0x0000000008000da0                UART4_IRQHandler
                0x0000000008000da0                TIM3_IRQHandler
                0x0000000008000da0                RCC_IRQHandler
                0x0000000008000da0                TIM8_BRK_TIM12_IRQHandler
                0x0000000008000da0                Default_Handler
                0x0000000008000da0                CEC_IRQHandler
                0x0000000008000da0                ADC_IRQHandler
                0x0000000008000da0                DMA1_Stream7_IRQHandler
                0x0000000008000da0                TIM7_IRQHandler
                0x0000000008000da0                CAN2_TX_IRQHandler
                0x0000000008000da0                TIM5_IRQHandler
                0x0000000008000da0                DMA2_Stream7_IRQHandler
                0x0000000008000da0                I2C3_EV_IRQHandler
                0x0000000008000da0                EXTI9_5_IRQHandler
                0x0000000008000da0                RTC_WKUP_IRQHandler
                0x0000000008000da0                SPDIF_RX_IRQHandler
                0x0000000008000da0                SPI2_IRQHandler
                0x0000000008000da0                OTG_HS_EP1_IN_IRQHandler
                0x0000000008000da0                DMA1_Stream0_IRQHandler
                0x0000000008000da0                CAN1_TX_IRQHandler
                0x0000000008000da0                FMPI2C1_ER_IRQHandler
                0x0000000008000da0                EXTI4_IRQHandler
                0x0000000008000da0                OTG_HS_EP1_OUT_IRQHandler
                0x0000000008000da0                WWDG_IRQHandler
                0x0000000008000da0                TIM2_IRQHandler
                0x0000000008000da0                OTG_FS_WKUP_IRQHandler
                0x0000000008000da0                TIM1_TRG_COM_TIM11_IRQHandler
                0x0000000008000da0                OTG_HS_IRQHandler
                0x0000000008000da0                EXTI1_IRQHandler
                0x0000000008000da0                I2C2_ER_IRQHandler
                0x0000000008000da0                DMA2_Stream1_IRQHandler
                0x0000000008000da0                CAN1_SCE_IRQHandler
                0x0000000008000da0                FLASH_IRQHandler
                0x0000000008000da0                DMA2_Stream4_IRQHandler
                0x0000000008000da0                USART1_IRQHandler
                0x0000000008000da0                OTG_FS_IRQHandler
                0x0000000008000da0                SPI3_IRQHandler
                0x0000000008000da0                DMA1_Stream4_IRQHandler
                0x0000000008000da0                I2C1_ER_IRQHandler
                0x0000000008000da0                FMC_IRQHandler
                0x0000000008000da0                DMA2_Stream6_IRQHandler
                0x0000000008000da0                SAI1_IRQHandler
                0x0000000008000da0                DMA1_Stream3_IRQHandler
 *fill*         0x0000000008000da2        0x2 
 .text.HAL_Init
                0x0000000008000da4       0x44 ./Drivers/STM32F4xx_HAL_Driver/Src/stm32f4xx_hal.o
                0x0000000008000da4                HAL_Init
 .text.HAL_InitTick
                0x0000000008000de8       0x60 ./Drivers/STM32F4xx_HAL_Driver/Src/stm32f4xx_hal.o
                0x0000000008000de8                HAL_InitTick
 .text.HAL_GetTick
                0x0000000008000e48       0x18 ./Drivers/STM32F4xx_HAL_Driver/Src/stm32f4xx_hal.o
                0x0000000008000e48                HAL_GetTick
 .text.__NVIC_SetPriorityGrouping
                0x0000000008000e60       0x48 ./Drivers/STM32F4xx_HAL_Driver/Src/stm32f4xx_hal_cortex.o
 .text.__NVIC_GetPriorityGrouping
                0x0000000008000ea8       0x1c ./Drivers/STM32F4xx_HAL_Driver/Src/stm32f4xx_hal_cortex.o
 .text.__NVIC_EnableIRQ
                0x0000000008000ec4       0x3c ./Drivers/STM32F4xx_HAL_Driver/Src/stm32f4xx_hal_cortex.o
 .text.__NVIC_SetPriority
                0x0000000008000f00       0x54 ./Drivers/STM32F4xx_HAL_Driver/Src/stm32f4xx_hal_cortex.o
 .text.NVIC_EncodePriority
                0x0000000008000f54       0x66 ./Drivers/STM32F4xx_HAL_Driver/Src/stm32f4xx_hal_cortex.o
 *fill*         0x0000000008000fba        0x2 
 .text.SysTick_Config
                0x0000000008000fbc       0x44 ./Drivers/STM32F4xx_HAL_Driver/Src/stm32f4xx_hal_cortex.o
 .text.HAL_NVIC_SetPriorityGrouping
                0x0000000008001000       0x16 ./Drivers/STM32F4xx_HAL_Driver/Src/stm32f4xx_hal_cortex.o
                0x0000000008001000                HAL_NVIC_SetPriorityGrouping
 .text.HAL_NVIC_SetPriority
                0x0000000008001016       0x38 ./Drivers/STM32F4xx_HAL_Driver/Src/stm32f4xx_hal_cortex.o
                0x0000000008001016                HAL_NVIC_SetPriority
 .text.HAL_NVIC_EnableIRQ
                0x000000000800104e       0x1c ./Drivers/STM32F4xx_HAL_Driver/Src/stm32f4xx_hal_cortex.o
                0x000000000800104e                HAL_NVIC_EnableIRQ
 .text.HAL_SYSTICK_Config
                0x000000000800106a       0x18 ./Drivers/STM32F4xx_HAL_Driver/Src/stm32f4xx_hal_cortex.o
                0x000000000800106a                HAL_SYSTICK_Config
 *fill*         0x0000000008001082        0x2 
 .text.HAL_GPIO_Init
                0x0000000008001084      0x328 ./Drivers/STM32F4xx_HAL_Driver/Src/stm32f4xx_hal_gpio.o
                0x0000000008001084                HAL_GPIO_Init
 .text.HAL_GPIO_WritePin
                0x00000000080013ac       0x32 ./Drivers/STM32F4xx_HAL_Driver/Src/stm32f4xx_hal_gpio.o
                0x00000000080013ac                HAL_GPIO_WritePin
 *fill*         0x00000000080013de        0x2 
 .text.HAL_GPIO_EXTI_IRQHandler
                0x00000000080013e0       0x30 ./Drivers/STM32F4xx_HAL_Driver/Src/stm32f4xx_hal_gpio.o
                0x00000000080013e0                HAL_GPIO_EXTI_IRQHandler
 .text.HAL_GPIO_EXTI_Callback
                0x0000000008001410       0x16 ./Drivers/STM32F4xx_HAL_Driver/Src/stm32f4xx_hal_gpio.o
                0x0000000008001410                HAL_GPIO_EXTI_Callback
 *fill*         0x0000000008001426        0x2 
 .text.HAL_RCC_ClockConfig
                0x0000000008001428      0x1cc ./Drivers/STM32F4xx_HAL_Driver/Src/stm32f4xx_hal_rcc.o
                0x0000000008001428                HAL_RCC_ClockConfig
 .text.HAL_RCC_GetHCLKFreq
                0x00000000080015f4       0x18 ./Drivers/STM32F4xx_HAL_Driver/Src/stm32f4xx_hal_rcc.o
                0x00000000080015f4                HAL_RCC_GetHCLKFreq
 .text.HAL_RCC_GetPCLK1Freq
                0x000000000800160c       0x28 ./Drivers/STM32F4xx_HAL_Driver/Src/stm32f4xx_hal_rcc.o
                0x000000000800160c                HAL_RCC_GetPCLK1Freq
 .text.HAL_RCC_GetPCLK2Freq
                0x0000000008001634       0x28 ./Drivers/STM32F4xx_HAL_Driver/Src/stm32f4xx_hal_rcc.o
                0x0000000008001634                HAL_RCC_GetPCLK2Freq
 .text.HAL_RCC_GetSysClockFreq
                0x000000000800165c      0x364 ./Drivers/STM32F4xx_HAL_Driver/Src/stm32f4xx_hal_rcc_ex.o
                0x000000000800165c                HAL_RCC_GetSysClockFreq
 .text.HAL_RCC_OscConfig
                0x00000000080019c0      0x53c ./Drivers/STM32F4xx_HAL_Driver/Src/stm32f4xx_hal_rcc_ex.o
                0x00000000080019c0                HAL_RCC_OscConfig
 .text.HAL_UART_Init
                0x0000000008001efc       0x9a ./Drivers/STM32F4xx_HAL_Driver/Src/stm32f4xx_hal_uart.o
                0x0000000008001efc                HAL_UART_Init
 .text.HAL_UART_Transmit
                0x0000000008001f96      0x124 ./Drivers/STM32F4xx_HAL_Driver/Src/stm32f4xx_hal_uart.o
                0x0000000008001f96                HAL_UART_Transmit
 .text.UART_WaitOnFlagUntilTimeout
                0x00000000080020ba       0xdc ./Drivers/STM32F4xx_HAL_Driver/Src/stm32f4xx_hal_uart.o
 *fill*         0x0000000008002196        0x2 
 .text.UART_SetConfig
                0x0000000008002198      0x390 ./Drivers/STM32F4xx_HAL_Driver/Src/stm32f4xx_hal_uart.o
 .text.vListInitialise
                0x0000000008002528       0x40 ./common/thirdparty/FreeRTOS/list.o
                0x0000000008002528                vListInitialise
 .text.vListInitialiseItem
                0x0000000008002568       0x1a ./common/thirdparty/FreeRTOS/list.o
                0x0000000008002568                vListInitialiseItem
 .text.vListInsertEnd
                0x0000000008002582       0x48 ./common/thirdparty/FreeRTOS/list.o
                0x0000000008002582                vListInsertEnd
 .text.vListInsert
                0x00000000080025ca       0x72 ./common/thirdparty/FreeRTOS/list.o
                0x00000000080025ca                vListInsert
 .text.uxListRemove
                0x000000000800263c       0x54 ./common/thirdparty/FreeRTOS/list.o
                0x000000000800263c                uxListRemove
 .text.xQueueGenericReset
                0x0000000008002690      0x120 ./common/thirdparty/FreeRTOS/queue.o
                0x0000000008002690                xQueueGenericReset
 .text.xQueueGenericCreate
                0x00000000080027b0       0x9c ./common/thirdparty/FreeRTOS/queue.o
                0x00000000080027b0                xQueueGenericCreate
 .text.prvInitialiseNewQueue
                0x000000000800284c       0x46 ./common/thirdparty/FreeRTOS/queue.o
 *fill*         0x0000000008002892        0x2 
 .text.xQueueGenericSend
                0x0000000008002894      0x1fc ./common/thirdparty/FreeRTOS/queue.o
                0x0000000008002894                xQueueGenericSend
 .text.xQueueReceive
                0x0000000008002a90      0x1c0 ./common/thirdparty/FreeRTOS/queue.o
                0x0000000008002a90                xQueueReceive
 .text.xQueueSemaphoreTake
                0x0000000008002c50      0x218 ./common/thirdparty/FreeRTOS/queue.o
                0x0000000008002c50                xQueueSemaphoreTake
 .text.prvGetDisinheritPriorityAfterTimeout
                0x0000000008002e68       0x30 ./common/thirdparty/FreeRTOS/queue.o
 .text.prvCopyDataToQueue
                0x0000000008002e98       0xd4 ./common/thirdparty/FreeRTOS/queue.o
 .text.prvCopyDataFromQueue
                0x0000000008002f6c       0x4c ./common/thirdparty/FreeRTOS/queue.o
 .text.prvUnlockQueue
                0x0000000008002fb8       0xa4 ./common/thirdparty/FreeRTOS/queue.o
 .text.prvIsQueueEmpty
                0x000000000800305c       0x2c ./common/thirdparty/FreeRTOS/queue.o
 .text.prvIsQueueFull
                0x0000000008003088       0x30 ./common/thirdparty/FreeRTOS/queue.o
 .text.vQueueAddToRegistry
                0x00000000080030b8       0x9c ./common/thirdparty/FreeRTOS/queue.o
                0x00000000080030b8                vQueueAddToRegistry
 .text.vQueueWaitForMessageRestricted
                0x0000000008003154       0x68 ./common/thirdparty/FreeRTOS/queue.o
                0x0000000008003154                vQueueWaitForMessageRestricted
 .text.xTaskCreate
                0x00000000080031bc       0x82 ./common/thirdparty/FreeRTOS/tasks.o
                0x00000000080031bc                xTaskCreate
 .text.prvInitialiseNewTask
                0x000000000800323e      0x12c ./common/thirdparty/FreeRTOS/tasks.o
 *fill*         0x000000000800336a        0x2 
 .text.prvAddNewTaskToReadyList
                0x000000000800336c       0xdc ./common/thirdparty/FreeRTOS/tasks.o
 .text.vTaskDelay
                0x0000000008003448       0x68 ./common/thirdparty/FreeRTOS/tasks.o
                0x0000000008003448                vTaskDelay
 .text.vTaskStartScheduler
                0x00000000080034b0       0xa4 ./common/thirdparty/FreeRTOS/tasks.o
                0x00000000080034b0                vTaskStartScheduler
 .text.vTaskSuspendAll
                0x0000000008003554       0x1c ./common/thirdparty/FreeRTOS/tasks.o
                0x0000000008003554                vTaskSuspendAll
 .text.xTaskResumeAll
                0x0000000008003570      0x138 ./common/thirdparty/FreeRTOS/tasks.o
                0x0000000008003570                xTaskResumeAll
 .text.xTaskGetTickCount
                0x00000000080036a8       0x20 ./common/thirdparty/FreeRTOS/tasks.o
                0x00000000080036a8                xTaskGetTickCount
 .text.xTaskGetTickCountFromISR
                0x00000000080036c8       0x24 ./common/thirdparty/FreeRTOS/tasks.o
                0x00000000080036c8                xTaskGetTickCountFromISR
 .text.xTaskIncrementTick
                0x00000000080036ec      0x170 ./common/thirdparty/FreeRTOS/tasks.o
                0x00000000080036ec                xTaskIncrementTick
 .text.vTaskSwitchContext
                0x000000000800385c       0xb8 ./common/thirdparty/FreeRTOS/tasks.o
                0x000000000800385c                vTaskSwitchContext
 .text.vTaskPlaceOnEventList
                0x0000000008003914       0x48 ./common/thirdparty/FreeRTOS/tasks.o
                0x0000000008003914                vTaskPlaceOnEventList
 .text.vTaskPlaceOnEventListRestricted
                0x000000000800395c       0x58 ./common/thirdparty/FreeRTOS/tasks.o
                0x000000000800395c                vTaskPlaceOnEventListRestricted
 .text.xTaskRemoveFromEventList
                0x00000000080039b4       0xc4 ./common/thirdparty/FreeRTOS/tasks.o
                0x00000000080039b4                xTaskRemoveFromEventList
 .text.vTaskInternalSetTimeOutState
                0x0000000008003a78       0x2c ./common/thirdparty/FreeRTOS/tasks.o
                0x0000000008003a78                vTaskInternalSetTimeOutState
 .text.xTaskCheckForTimeOut
                0x0000000008003aa4       0xcc ./common/thirdparty/FreeRTOS/tasks.o
                0x0000000008003aa4                xTaskCheckForTimeOut
 .text.vTaskMissedYield
                0x0000000008003b70       0x18 ./common/thirdparty/FreeRTOS/tasks.o
                0x0000000008003b70                vTaskMissedYield
 .text.prvIdleTask
                0x0000000008003b88       0x30 ./common/thirdparty/FreeRTOS/tasks.o
 .text.prvInitialiseTaskLists
                0x0000000008003bb8       0x80 ./common/thirdparty/FreeRTOS/tasks.o
 .text.prvCheckTasksWaitingTermination
                0x0000000008003c38       0x5c ./common/thirdparty/FreeRTOS/tasks.o
 .text.prvDeleteTCB
                0x0000000008003c94       0x20 ./common/thirdparty/FreeRTOS/tasks.o
 .text.prvResetNextTaskUnblockTime
                0x0000000008003cb4       0x38 ./common/thirdparty/FreeRTOS/tasks.o
 .text.xTaskGetSchedulerState
                0x0000000008003cec       0x3c ./common/thirdparty/FreeRTOS/tasks.o
                0x0000000008003cec                xTaskGetSchedulerState
 .text.xTaskPriorityInherit
                0x0000000008003d28       0xec ./common/thirdparty/FreeRTOS/tasks.o
                0x0000000008003d28                xTaskPriorityInherit
 .text.xTaskPriorityDisinherit
                0x0000000008003e14       0xf4 ./common/thirdparty/FreeRTOS/tasks.o
                0x0000000008003e14                xTaskPriorityDisinherit
 .text.vTaskPriorityDisinheritAfterTimeout
                0x0000000008003f08      0x11c ./common/thirdparty/FreeRTOS/tasks.o
                0x0000000008003f08                vTaskPriorityDisinheritAfterTimeout
 .text.pvTaskIncrementMutexHeldCount
                0x0000000008004024       0x28 ./common/thirdparty/FreeRTOS/tasks.o
                0x0000000008004024                pvTaskIncrementMutexHeldCount
 .text.prvAddCurrentTaskToDelayedList
                0x000000000800404c       0xcc ./common/thirdparty/FreeRTOS/tasks.o
 .text.xTimerCreateTimerTask
                0x0000000008004118       0x64 ./common/thirdparty/FreeRTOS/timers.o
                0x0000000008004118                xTimerCreateTimerTask
 .text.prvReloadTimer
                0x000000000800417c       0x42 ./common/thirdparty/FreeRTOS/timers.o
 *fill*         0x00000000080041be        0x2 
 .text.prvProcessExpiredTimer
                0x00000000080041c0       0x60 ./common/thirdparty/FreeRTOS/timers.o
 .text.prvTimerTask
                0x0000000008004220       0x24 ./common/thirdparty/FreeRTOS/timers.o
 .text.prvProcessTimerOrBlockTask
                0x0000000008004244       0x9c ./common/thirdparty/FreeRTOS/timers.o
 .text.prvGetNextExpireTime
                0x00000000080042e0       0x48 ./common/thirdparty/FreeRTOS/timers.o
 .text.prvSampleTimeNow
                0x0000000008004328       0x40 ./common/thirdparty/FreeRTOS/timers.o
 .text.prvInsertTimerInActiveList
                0x0000000008004368       0x84 ./common/thirdparty/FreeRTOS/timers.o
 .text.prvProcessReceivedCommands
                0x00000000080043ec      0x17c ./common/thirdparty/FreeRTOS/timers.o
 .text.prvSwitchTimerLists
                0x0000000008004568       0x4c ./common/thirdparty/FreeRTOS/timers.o
 .text.prvCheckForValidListAndQueue
                0x00000000080045b4       0x6c ./common/thirdparty/FreeRTOS/timers.o
 .text.pxPortInitialiseStack
                0x0000000008004620       0x68 ./common/thirdparty/FreeRTOS/portable/GCC/ARM_CM4F/port.o
                0x0000000008004620                pxPortInitialiseStack
 .text.prvTaskExitError
                0x0000000008004688       0x58 ./common/thirdparty/FreeRTOS/portable/GCC/ARM_CM4F/port.o
 .text.SVC_Handler
                0x00000000080046e0       0x28 ./common/thirdparty/FreeRTOS/portable/GCC/ARM_CM4F/port.o
                0x00000000080046e0                SVC_Handler
 .text.prvPortStartFirstTask
                0x0000000008004708       0x2c ./common/thirdparty/FreeRTOS/portable/GCC/ARM_CM4F/port.o
 .text.xPortStartScheduler
                0x0000000008004734      0x144 ./common/thirdparty/FreeRTOS/portable/GCC/ARM_CM4F/port.o
                0x0000000008004734                xPortStartScheduler
 .text.vPortEnterCritical
                0x0000000008004878       0x60 ./common/thirdparty/FreeRTOS/portable/GCC/ARM_CM4F/port.o
                0x0000000008004878                vPortEnterCritical
 .text.vPortExitCritical
                0x00000000080048d8       0x54 ./common/thirdparty/FreeRTOS/portable/GCC/ARM_CM4F/port.o
                0x00000000080048d8                vPortExitCritical
 *fill*         0x000000000800492c        0x4 
 .text.PendSV_Handler
                0x0000000008004930       0x68 ./common/thirdparty/FreeRTOS/portable/GCC/ARM_CM4F/port.o
                0x0000000008004930                PendSV_Handler
 .text.SysTick_Handler
                0x0000000008004998       0x44 ./common/thirdparty/FreeRTOS/portable/GCC/ARM_CM4F/port.o
                0x0000000008004998                SysTick_Handler
 .text.vPortSetupTimerInterrupt
                0x00000000080049dc       0x48 ./common/thirdparty/FreeRTOS/portable/GCC/ARM_CM4F/port.o
                0x00000000080049dc                vPortSetupTimerInterrupt
 .text.vPortEnableVFP
                0x0000000008004a24       0x18 ./common/thirdparty/FreeRTOS/portable/GCC/ARM_CM4F/port.o
 .text.vPortValidateInterruptPriority
                0x0000000008004a3c       0x80 ./common/thirdparty/FreeRTOS/portable/GCC/ARM_CM4F/port.o
                0x0000000008004a3c                vPortValidateInterruptPriority
 .text.pvPortMalloc
                0x0000000008004abc      0x1c0 ./common/thirdparty/FreeRTOS/portable/MemMang/heap_4.o
                0x0000000008004abc                pvPortMalloc
 .text.vPortFree
                0x0000000008004c7c       0xc4 ./common/thirdparty/FreeRTOS/portable/MemMang/heap_4.o
                0x0000000008004c7c                vPortFree
 .text.prvHeapInit
                0x0000000008004d40       0xc4 ./common/thirdparty/FreeRTOS/portable/MemMang/heap_4.o
 .text.prvInsertBlockIntoFreeList
                0x0000000008004e04       0xb4 ./common/thirdparty/FreeRTOS/portable/MemMang/heap_4.o
 .text._cbSendSystemDesc
                0x0000000008004eb8       0x1c ./common/thirdparty/SEGGER/Config/SEGGER_SYSVIEW_Config_FreeRTOS.o
 .text.SEGGER_SYSVIEW_Conf
                0x0000000008004ed4       0x2c ./common/thirdparty/SEGGER/Config/SEGGER_SYSVIEW_Config_FreeRTOS.o
                0x0000000008004ed4                SEGGER_SYSVIEW_Conf
 .text._cbSendTaskList
                0x0000000008004f00       0x90 ./common/thirdparty/SEGGER/OS/SEGGER_SYSVIEW_FreeRTOS.o
 .text._cbGetTime
                0x0000000008004f90       0x78 ./common/thirdparty/SEGGER/OS/SEGGER_SYSVIEW_FreeRTOS.o
 .text.SYSVIEW_SendTaskInfo
                0x0000000008005008       0x42 ./common/thirdparty/SEGGER/OS/SEGGER_SYSVIEW_FreeRTOS.o
                0x0000000008005008                SYSVIEW_SendTaskInfo
 *fill*         0x000000000800504a        0x2 
 .text.__NVIC_EnableIRQ
                0x000000000800504c       0x3c ./common/thirdparty/SEGGER/Rec/segger_uart.o
 .text.__NVIC_SetPriority
                0x0000000008005088       0x54 ./common/thirdparty/SEGGER/Rec/segger_uart.o
 .text._StartSysView
                0x00000000080050dc       0x1e ./common/thirdparty/SEGGER/Rec/segger_uart.o
 *fill*         0x00000000080050fa        0x2 
 .text._cbOnUARTRx
                0x00000000080050fc       0x40 ./common/thirdparty/SEGGER/Rec/segger_uart.o
 .text._cbOnUARTTx
                0x000000000800513c       0x64 ./common/thirdparty/SEGGER/Rec/segger_uart.o
 .text.SEGGER_UART_init
                0x00000000080051a0       0x24 ./common/thirdparty/SEGGER/Rec/segger_uart.o
                0x00000000080051a0                SEGGER_UART_init
 .text.USART2_IRQHandler
                0x00000000080051c4       0x94 ./common/thirdparty/SEGGER/Rec/segger_uart.o
                0x00000000080051c4                USART2_IRQHandler
 .text.HIF_UART_EnableTXEInterrupt
                0x0000000008005258       0x20 ./common/thirdparty/SEGGER/Rec/segger_uart.o
                0x0000000008005258                HIF_UART_EnableTXEInterrupt
 .text.HIF_UART_Init
                0x0000000008005278       0xf4 ./common/thirdparty/SEGGER/Rec/segger_uart.o
                0x0000000008005278                HIF_UART_Init
 .text._DoInit  0x000000000800536c       0xb0 ./common/thirdparty/SEGGER/SEGGER/SEGGER_RTT.o
 .text._WriteBlocking
                0x000000000800541c       0xba ./common/thirdparty/SEGGER/SEGGER/SEGGER_RTT.o
 .text._WriteNoCheck
                0x00000000080054d6       0x90 ./common/thirdparty/SEGGER/SEGGER/SEGGER_RTT.o
 .text._GetAvailWriteSpace
                0x0000000008005566       0x46 ./common/thirdparty/SEGGER/SEGGER/SEGGER_RTT.o
 .text.SEGGER_RTT_ReadUpBufferNoLock
                0x00000000080055ac      0x10c ./common/thirdparty/SEGGER/SEGGER/SEGGER_RTT.o
                0x00000000080055ac                SEGGER_RTT_ReadUpBufferNoLock
 .text.SEGGER_RTT_ReadNoLock
                0x00000000080056b8      0x10c ./common/thirdparty/SEGGER/SEGGER/SEGGER_RTT.o
                0x00000000080056b8                SEGGER_RTT_ReadNoLock
 .text.SEGGER_RTT_WriteDownBufferNoLock
                0x00000000080057c4       0xa0 ./common/thirdparty/SEGGER/SEGGER/SEGGER_RTT.o
                0x00000000080057c4                SEGGER_RTT_WriteDownBufferNoLock
 .text.SEGGER_RTT_WriteNoLock
                0x0000000008005864       0xa0 ./common/thirdparty/SEGGER/SEGGER/SEGGER_RTT.o
                0x0000000008005864                SEGGER_RTT_WriteNoLock
 .text.SEGGER_RTT_WriteDownBuffer
                0x0000000008005904       0x4c ./common/thirdparty/SEGGER/SEGGER/SEGGER_RTT.o
                0x0000000008005904                SEGGER_RTT_WriteDownBuffer
 .text.SEGGER_RTT_Write
                0x0000000008005950       0x4c ./common/thirdparty/SEGGER/SEGGER/SEGGER_RTT.o
                0x0000000008005950                SEGGER_RTT_Write
 .text.SEGGER_RTT_AllocUpBuffer
                0x000000000800599c      0x108 ./common/thirdparty/SEGGER/SEGGER/SEGGER_RTT.o
                0x000000000800599c                SEGGER_RTT_AllocUpBuffer
 .text.SEGGER_RTT_ConfigDownBuffer
                0x0000000008005aa4       0xe0 ./common/thirdparty/SEGGER/SEGGER/SEGGER_RTT.o
                0x0000000008005aa4                SEGGER_RTT_ConfigDownBuffer
 .text._EncodeStr
                0x0000000008005b84       0x9a ./common/thirdparty/SEGGER/SEGGER/SEGGER_SYSVIEW.o
 .text._PreparePacket
                0x0000000008005c1e       0x18 ./common/thirdparty/SEGGER/SEGGER/SEGGER_SYSVIEW.o
 *fill*         0x0000000008005c36        0x2 
 .text._HandleIncomingPacket
                0x0000000008005c38       0xe4 ./common/thirdparty/SEGGER/SEGGER/SEGGER_SYSVIEW.o
 .text._TrySendOverflowPacket
                0x0000000008005d1c       0xe8 ./common/thirdparty/SEGGER/SEGGER/SEGGER_SYSVIEW.o
 .text._SendPacket
                0x0000000008005e04      0x1d0 ./common/thirdparty/SEGGER/SEGGER/SEGGER_SYSVIEW.o
 .text.SEGGER_SYSVIEW_Init
                0x0000000008005fd4       0x88 ./common/thirdparty/SEGGER/SEGGER/SEGGER_SYSVIEW.o
                0x0000000008005fd4                SEGGER_SYSVIEW_Init
 .text.SEGGER_SYSVIEW_SetRAMBase
                0x000000000800605c       0x20 ./common/thirdparty/SEGGER/SEGGER/SEGGER_SYSVIEW.o
                0x000000000800605c                SEGGER_SYSVIEW_SetRAMBase
 .text.SEGGER_SYSVIEW_RecordVoid
                0x000000000800607c       0x3c ./common/thirdparty/SEGGER/SEGGER/SEGGER_SYSVIEW.o
                0x000000000800607c                SEGGER_SYSVIEW_RecordVoid
 .text.SEGGER_SYSVIEW_RecordU32
                0x00000000080060b8       0x78 ./common/thirdparty/SEGGER/SEGGER/SEGGER_SYSVIEW.o
                0x00000000080060b8                SEGGER_SYSVIEW_RecordU32
 .text.SEGGER_SYSVIEW_RecordU32x2
                0x0000000008006130       0xb4 ./common/thirdparty/SEGGER/SEGGER/SEGGER_SYSVIEW.o
                0x0000000008006130                SEGGER_SYSVIEW_RecordU32x2
 .text.SEGGER_SYSVIEW_Start
                0x00000000080061e4      0x178 ./common/thirdparty/SEGGER/SEGGER/SEGGER_SYSVIEW.o
                0x00000000080061e4                SEGGER_SYSVIEW_Start
 .text.SEGGER_SYSVIEW_Stop
                0x000000000800635c       0x4c ./common/thirdparty/SEGGER/SEGGER/SEGGER_SYSVIEW.o
                0x000000000800635c                SEGGER_SYSVIEW_Stop
 .text.SEGGER_SYSVIEW_GetSysDesc
                0x00000000080063a8      0x134 ./common/thirdparty/SEGGER/SEGGER/SEGGER_SYSVIEW.o
                0x00000000080063a8                SEGGER_SYSVIEW_GetSysDesc
 .text.SEGGER_SYSVIEW_SendTaskInfo
                0x00000000080064dc      0x1c8 ./common/thirdparty/SEGGER/SEGGER/SEGGER_SYSVIEW.o
                0x00000000080064dc                SEGGER_SYSVIEW_SendTaskInfo
 .text.SEGGER_SYSVIEW_SendTaskList
                0x00000000080066a4       0x28 ./common/thirdparty/SEGGER/SEGGER/SEGGER_SYSVIEW.o
                0x00000000080066a4                SEGGER_SYSVIEW_SendTaskList
 .text.SEGGER_SYSVIEW_SendSysDesc
                0x00000000080066cc       0x48 ./common/thirdparty/SEGGER/SEGGER/SEGGER_SYSVIEW.o
                0x00000000080066cc                SEGGER_SYSVIEW_SendSysDesc
 .text.SEGGER_SYSVIEW_RecordSystime
                0x0000000008006714       0x64 ./common/thirdparty/SEGGER/SEGGER/SEGGER_SYSVIEW.o
                0x0000000008006714                SEGGER_SYSVIEW_RecordSystime
 .text.SEGGER_SYSVIEW_SendModule
                0x0000000008006778      0x100 ./common/thirdparty/SEGGER/SEGGER/SEGGER_SYSVIEW.o
                0x0000000008006778                SEGGER_SYSVIEW_SendModule
 .text.SEGGER_SYSVIEW_SendModuleDescription
                0x0000000008006878       0x3c ./common/thirdparty/SEGGER/SEGGER/SEGGER_SYSVIEW.o
                0x0000000008006878                SEGGER_SYSVIEW_SendModuleDescription
 .text.SEGGER_SYSVIEW_SendNumModules
                0x00000000080068b4       0x7c ./common/thirdparty/SEGGER/SEGGER/SEGGER_SYSVIEW.o
                0x00000000080068b4                SEGGER_SYSVIEW_SendNumModules
 .text.SEGGER_SYSVIEW_IsStarted
                0x0000000008006930       0x5c ./common/thirdparty/SEGGER/SEGGER/SEGGER_SYSVIEW.o
                0x0000000008006930                SEGGER_SYSVIEW_IsStarted
 .text._write_r
                0x000000000800698c       0x22 ./common/thirdparty/SEGGER/SEGGER/Syscalls/SEGGER_RTT_Syscalls_GCC.o
                0x000000000800698c                _write_r
 *fill*         0x00000000080069ae        0x2 
 .text.__errno  0x00000000080069b0        0xc c:/st/stm32cubeide_1.3.0/stm32cubeide/plugins/com.st.stm32cube.ide.mcu.externaltools.gnu-tools-for-stm32.9-2020-q2-update.win32_2.0.0.202105311346/tools/bin/../lib/gcc/arm-none-eabi/9.3.1/../../../../arm-none-eabi/lib/thumb/v7e-m+fp/hard\libc_nano.a(lib_a-errno.o)
                0x00000000080069b0                __errno
 .text.__libc_init_array
                0x00000000080069bc       0x48 c:/st/stm32cubeide_1.3.0/stm32cubeide/plugins/com.st.stm32cube.ide.mcu.externaltools.gnu-tools-for-stm32.9-2020-q2-update.win32_2.0.0.202105311346/tools/bin/../lib/gcc/arm-none-eabi/9.3.1/../../../../arm-none-eabi/lib/thumb/v7e-m+fp/hard\libc_nano.a(lib_a-init.o)
                0x00000000080069bc                __libc_init_array
 .text.memcpy   0x0000000008006a04       0x1c c:/st/stm32cubeide_1.3.0/stm32cubeide/plugins/com.st.stm32cube.ide.mcu.externaltools.gnu-tools-for-stm32.9-2020-q2-update.win32_2.0.0.202105311346/tools/bin/../lib/gcc/arm-none-eabi/9.3.1/../../../../arm-none-eabi/lib/thumb/v7e-m+fp/hard\libc_nano.a(lib_a-memcpy-stub.o)
                0x0000000008006a04                memcpy
 .text.memset   0x0000000008006a20       0x10 c:/st/stm32cubeide_1.3.0/stm32cubeide/plugins/com.st.stm32cube.ide.mcu.externaltools.gnu-tools-for-stm32.9-2020-q2-update.win32_2.0.0.202105311346/tools/bin/../lib/gcc/arm-none-eabi/9.3.1/../../../../arm-none-eabi/lib/thumb/v7e-m+fp/hard\libc_nano.a(lib_a-memset.o)
                0x0000000008006a20                memset
 .text.rand     0x0000000008006a30       0x80 c:/st/stm32cubeide_1.3.0/stm32cubeide/plugins/com.st.stm32cube.ide.mcu.externaltools.gnu-tools-for-stm32.9-2020-q2-update.win32_2.0.0.202105311346/tools/bin/../lib/gcc/arm-none-eabi/9.3.1/../../../../arm-none-eabi/lib/thumb/v7e-m+fp/hard\libc_nano.a(lib_a-rand.o)
                0x0000000008006a30                rand
 .text.sprintf  0x0000000008006ab0       0x40 c:/st/stm32cubeide_1.3.0/stm32cubeide/plugins/com.st.stm32cube.ide.mcu.externaltools.gnu-tools-for-stm32.9-2020-q2-update.win32_2.0.0.202105311346/tools/bin/../lib/gcc/arm-none-eabi/9.3.1/../../../../arm-none-eabi/lib/thumb/v7e-m+fp/hard\libc_nano.a(lib_a-sprintf.o)
                0x0000000008006ab0                siprintf
                0x0000000008006ab0                sprintf
 .text.__assert_func
                0x0000000008006af0       0x3c c:/st/stm32cubeide_1.3.0/stm32cubeide/plugins/com.st.stm32cube.ide.mcu.externaltools.gnu-tools-for-stm32.9-2020-q2-update.win32_2.0.0.202105311346/tools/bin/../lib/gcc/arm-none-eabi/9.3.1/../../../../arm-none-eabi/lib/thumb/v7e-m+fp/hard\libc_nano.a(lib_a-assert.o)
                0x0000000008006af0                __assert_func
 .text.fprintf  0x0000000008006b2c       0x24 c:/st/stm32cubeide_1.3.0/stm32cubeide/plugins/com.st.stm32cube.ide.mcu.externaltools.gnu-tools-for-stm32.9-2020-q2-update.win32_2.0.0.202105311346/tools/bin/../lib/gcc/arm-none-eabi/9.3.1/../../../../arm-none-eabi/lib/thumb/v7e-m+fp/hard\libc_nano.a(lib_a-fprintf.o)
                0x0000000008006b2c                fiprintf
                0x0000000008006b2c                fprintf
 .text.malloc   0x0000000008006b50       0x10 c:/st/stm32cubeide_1.3.0/stm32cubeide/plugins/com.st.stm32cube.ide.mcu.externaltools.gnu-tools-for-stm32.9-2020-q2-update.win32_2.0.0.202105311346/tools/bin/../lib/gcc/arm-none-eabi/9.3.1/../../../../arm-none-eabi/lib/thumb/v7e-m+fp/hard\libc_nano.a(lib_a-malloc.o)
                0x0000000008006b50                malloc
 .text._free_r  0x0000000008006b60       0xa0 c:/st/stm32cubeide_1.3.0/stm32cubeide/plugins/com.st.stm32cube.ide.mcu.externaltools.gnu-tools-for-stm32.9-2020-q2-update.win32_2.0.0.202105311346/tools/bin/../lib/gcc/arm-none-eabi/9.3.1/../../../../arm-none-eabi/lib/thumb/v7e-m+fp/hard\libc_nano.a(lib_a-nano-freer.o)
                0x0000000008006b60                _free_r
 .text._malloc_r
                0x0000000008006c00       0xb4 c:/st/stm32cubeide_1.3.0/stm32cubeide/plugins/com.st.stm32cube.ide.mcu.externaltools.gnu-tools-for-stm32.9-2020-q2-update.win32_2.0.0.202105311346/tools/bin/../lib/gcc/arm-none-eabi/9.3.1/../../../../arm-none-eabi/lib/thumb/v7e-m+fp/hard\libc_nano.a(lib_a-nano-mallocr.o)
                0x0000000008006c00                _malloc_r
 .text.__ssputs_r
                0x0000000008006cb4       0xb6 c:/st/stm32cubeide_1.3.0/stm32cubeide/plugins/com.st.stm32cube.ide.mcu.externaltools.gnu-tools-for-stm32.9-2020-q2-update.win32_2.0.0.202105311346/tools/bin/../lib/gcc/arm-none-eabi/9.3.1/../../../../arm-none-eabi/lib/thumb/v7e-m+fp/hard\libc_nano.a(lib_a-nano-svfprintf.o)
                0x0000000008006cb4                __ssputs_r
 *fill*         0x0000000008006d6a        0x2 
 .text._svfprintf_r
                0x0000000008006d6c      0x200 c:/st/stm32cubeide_1.3.0/stm32cubeide/plugins/com.st.stm32cube.ide.mcu.externaltools.gnu-tools-for-stm32.9-2020-q2-update.win32_2.0.0.202105311346/tools/bin/../lib/gcc/arm-none-eabi/9.3.1/../../../../arm-none-eabi/lib/thumb/v7e-m+fp/hard\libc_nano.a(lib_a-nano-svfprintf.o)
                0x0000000008006d6c                _svfiprintf_r
                0x0000000008006d6c                _svfprintf_r
 .text.__sfputc_r
                0x0000000008006f6c       0x2e c:/st/stm32cubeide_1.3.0/stm32cubeide/plugins/com.st.stm32cube.ide.mcu.externaltools.gnu-tools-for-stm32.9-2020-q2-update.win32_2.0.0.202105311346/tools/bin/../lib/gcc/arm-none-eabi/9.3.1/../../../../arm-none-eabi/lib/thumb/v7e-m+fp/hard\libc_nano.a(lib_a-nano-vfprintf.o)
 .text.__sfputs_r
                0x0000000008006f9a       0x24 c:/st/stm32cubeide_1.3.0/stm32cubeide/plugins/com.st.stm32cube.ide.mcu.externaltools.gnu-tools-for-stm32.9-2020-q2-update.win32_2.0.0.202105311346/tools/bin/../lib/gcc/arm-none-eabi/9.3.1/../../../../arm-none-eabi/lib/thumb/v7e-m+fp/hard\libc_nano.a(lib_a-nano-vfprintf.o)
                0x0000000008006f9a                __sfputs_r
 *fill*         0x0000000008006fbe        0x2 
 .text._vfprintf_r
                0x0000000008006fc0      0x260 c:/st/stm32cubeide_1.3.0/stm32cubeide/plugins/com.st.stm32cube.ide.mcu.externaltools.gnu-tools-for-stm32.9-2020-q2-update.win32_2.0.0.202105311346/tools/bin/../lib/gcc/arm-none-eabi/9.3.1/../../../../arm-none-eabi/lib/thumb/v7e-m+fp/hard\libc_nano.a(lib_a-nano-vfprintf.o)
                0x0000000008006fc0                _vfprintf_r
                0x0000000008006fc0                _vfiprintf_r
 .text._printf_common
                0x0000000008007220       0xda c:/st/stm32cubeide_1.3.0/stm32cubeide/plugins/com.st.stm32cube.ide.mcu.externaltools.gnu-tools-for-stm32.9-2020-q2-update.win32_2.0.0.202105311346/tools/bin/../lib/gcc/arm-none-eabi/9.3.1/../../../../arm-none-eabi/lib/thumb/v7e-m+fp/hard\libc_nano.a(lib_a-nano-vfprintf_i.o)
                0x0000000008007220                _printf_common
 *fill*         0x00000000080072fa        0x2 
 .text._printf_i
                0x00000000080072fc      0x24c c:/st/stm32cubeide_1.3.0/stm32cubeide/plugins/com.st.stm32cube.ide.mcu.externaltools.gnu-tools-for-stm32.9-2020-q2-update.win32_2.0.0.202105311346/tools/bin/../lib/gcc/arm-none-eabi/9.3.1/../../../../arm-none-eabi/lib/thumb/v7e-m+fp/hard\libc_nano.a(lib_a-nano-vfprintf_i.o)
                0x00000000080072fc                _printf_i
 .text._sbrk_r  0x0000000008007548       0x20 c:/st/stm32cubeide_1.3.0/stm32cubeide/plugins/com.st.stm32cube.ide.mcu.externaltools.gnu-tools-for-stm32.9-2020-q2-update.win32_2.0.0.202105311346/tools/bin/../lib/gcc/arm-none-eabi/9.3.1/../../../../arm-none-eabi/lib/thumb/v7e-m+fp/hard\libc_nano.a(lib_a-sbrkr.o)
                0x0000000008007548                _sbrk_r
 .text.__swbuf_r
                0x0000000008007568       0xa4 c:/st/stm32cubeide_1.3.0/stm32cubeide/plugins/com.st.stm32cube.ide.mcu.externaltools.gnu-tools-for-stm32.9-2020-q2-update.win32_2.0.0.202105311346/tools/bin/../lib/gcc/arm-none-eabi/9.3.1/../../../../arm-none-eabi/lib/thumb/v7e-m+fp/hard\libc_nano.a(lib_a-wbuf.o)
                0x0000000008007568                __swbuf_r
 .text.__swsetup_r
                0x000000000800760c       0xdc c:/st/stm32cubeide_1.3.0/stm32cubeide/plugins/com.st.stm32cube.ide.mcu.externaltools.gnu-tools-for-stm32.9-2020-q2-update.win32_2.0.0.202105311346/tools/bin/../lib/gcc/arm-none-eabi/9.3.1/../../../../arm-none-eabi/lib/thumb/v7e-m+fp/hard\libc_nano.a(lib_a-wsetup.o)
                0x000000000800760c                __swsetup_r
 .text.abort    0x00000000080076e8        0xe c:/st/stm32cubeide_1.3.0/stm32cubeide/plugins/com.st.stm32cube.ide.mcu.externaltools.gnu-tools-for-stm32.9-2020-q2-update.win32_2.0.0.202105311346/tools/bin/../lib/gcc/arm-none-eabi/9.3.1/../../../../arm-none-eabi/lib/thumb/v7e-m+fp/hard\libc_nano.a(lib_a-abort.o)
                0x00000000080076e8                abort
 *fill*         0x00000000080076f6        0x2 
 .text.__sflush_r
                0x00000000080076f8      0x10c c:/st/stm32cubeide_1.3.0/stm32cubeide/plugins/com.st.stm32cube.ide.mcu.externaltools.gnu-tools-for-stm32.9-2020-q2-update.win32_2.0.0.202105311346/tools/bin/../lib/gcc/arm-none-eabi/9.3.1/../../../../arm-none-eabi/lib/thumb/v7e-m+fp/hard\libc_nano.a(lib_a-fflush.o)
                0x00000000080076f8                __sflush_r
 .text._fflush_r
                0x0000000008007804       0x78 c:/st/stm32cubeide_1.3.0/stm32cubeide/plugins/com.st.stm32cube.ide.mcu.externaltools.gnu-tools-for-stm32.9-2020-q2-update.win32_2.0.0.202105311346/tools/bin/../lib/gcc/arm-none-eabi/9.3.1/../../../../arm-none-eabi/lib/thumb/v7e-m+fp/hard\libc_nano.a(lib_a-fflush.o)
                0x0000000008007804                _fflush_r
 .text.std      0x000000000800787c       0x48 c:/st/stm32cubeide_1.3.0/stm32cubeide/plugins/com.st.stm32cube.ide.mcu.externaltools.gnu-tools-for-stm32.9-2020-q2-update.win32_2.0.0.202105311346/tools/bin/../lib/gcc/arm-none-eabi/9.3.1/../../../../arm-none-eabi/lib/thumb/v7e-m+fp/hard\libc_nano.a(lib_a-findfp.o)
 .text._cleanup_r
                0x00000000080078c4        0xc c:/st/stm32cubeide_1.3.0/stm32cubeide/plugins/com.st.stm32cube.ide.mcu.externaltools.gnu-tools-for-stm32.9-2020-q2-update.win32_2.0.0.202105311346/tools/bin/../lib/gcc/arm-none-eabi/9.3.1/../../../../arm-none-eabi/lib/thumb/v7e-m+fp/hard\libc_nano.a(lib_a-findfp.o)
                0x00000000080078c4                _cleanup_r
 .text.__sfmoreglue
                0x00000000080078d0       0x2c c:/st/stm32cubeide_1.3.0/stm32cubeide/plugins/com.st.stm32cube.ide.mcu.externaltools.gnu-tools-for-stm32.9-2020-q2-update.win32_2.0.0.202105311346/tools/bin/../lib/gcc/arm-none-eabi/9.3.1/../../../../arm-none-eabi/lib/thumb/v7e-m+fp/hard\libc_nano.a(lib_a-findfp.o)
                0x00000000080078d0                __sfmoreglue
 .text.__sfp_lock_acquire
                0x00000000080078fc        0xc c:/st/stm32cubeide_1.3.0/stm32cubeide/plugins/com.st.stm32cube.ide.mcu.externaltools.gnu-tools-for-stm32.9-2020-q2-update.win32_2.0.0.202105311346/tools/bin/../lib/gcc/arm-none-eabi/9.3.1/../../../../arm-none-eabi/lib/thumb/v7e-m+fp/hard\libc_nano.a(lib_a-findfp.o)
                0x00000000080078fc                __sfp_lock_acquire
 .text.__sfp_lock_release
                0x0000000008007908        0xc c:/st/stm32cubeide_1.3.0/stm32cubeide/plugins/com.st.stm32cube.ide.mcu.externaltools.gnu-tools-for-stm32.9-2020-q2-update.win32_2.0.0.202105311346/tools/bin/../lib/gcc/arm-none-eabi/9.3.1/../../../../arm-none-eabi/lib/thumb/v7e-m+fp/hard\libc_nano.a(lib_a-findfp.o)
                0x0000000008007908                __sfp_lock_release
 .text.__sinit_lock_acquire
                0x0000000008007914        0xc c:/st/stm32cubeide_1.3.0/stm32cubeide/plugins/com.st.stm32cube.ide.mcu.externaltools.gnu-tools-for-stm32.9-2020-q2-update.win32_2.0.0.202105311346/tools/bin/../lib/gcc/arm-none-eabi/9.3.1/../../../../arm-none-eabi/lib/thumb/v7e-m+fp/hard\libc_nano.a(lib_a-findfp.o)
                0x0000000008007914                __sinit_lock_acquire
 .text.__sinit_lock_release
                0x0000000008007920        0xc c:/st/stm32cubeide_1.3.0/stm32cubeide/plugins/com.st.stm32cube.ide.mcu.externaltools.gnu-tools-for-stm32.9-2020-q2-update.win32_2.0.0.202105311346/tools/bin/../lib/gcc/arm-none-eabi/9.3.1/../../../../arm-none-eabi/lib/thumb/v7e-m+fp/hard\libc_nano.a(lib_a-findfp.o)
                0x0000000008007920                __sinit_lock_release
 .text.__sinit  0x000000000800792c       0x70 c:/st/stm32cubeide_1.3.0/stm32cubeide/plugins/com.st.stm32cube.ide.mcu.externaltools.gnu-tools-for-stm32.9-2020-q2-update.win32_2.0.0.202105311346/tools/bin/../lib/gcc/arm-none-eabi/9.3.1/../../../../arm-none-eabi/lib/thumb/v7e-m+fp/hard\libc_nano.a(lib_a-findfp.o)
                0x000000000800792c                __sinit
 .text.__sfp    0x000000000800799c       0x8c c:/st/stm32cubeide_1.3.0/stm32cubeide/plugins/com.st.stm32cube.ide.mcu.externaltools.gnu-tools-for-stm32.9-2020-q2-update.win32_2.0.0.202105311346/tools/bin/../lib/gcc/arm-none-eabi/9.3.1/../../../../arm-none-eabi/lib/thumb/v7e-m+fp/hard\libc_nano.a(lib_a-findfp.o)
                0x000000000800799c                __sfp
 .text._fwalk_reent
                0x0000000008007a28       0x3e c:/st/stm32cubeide_1.3.0/stm32cubeide/plugins/com.st.stm32cube.ide.mcu.externaltools.gnu-tools-for-stm32.9-2020-q2-update.win32_2.0.0.202105311346/tools/bin/../lib/gcc/arm-none-eabi/9.3.1/../../../../arm-none-eabi/lib/thumb/v7e-m+fp/hard\libc_nano.a(lib_a-fwalk.o)
                0x0000000008007a28                _fwalk_reent
 .text.__retarget_lock_init_recursive
                0x0000000008007a66        0x2 c:/st/stm32cubeide_1.3.0/stm32cubeide/plugins/com.st.stm32cube.ide.mcu.externaltools.gnu-tools-for-stm32.9-2020-q2-update.win32_2.0.0.202105311346/tools/bin/../lib/gcc/arm-none-eabi/9.3.1/../../../../arm-none-eabi/lib/thumb/v7e-m+fp/hard\libc_nano.a(lib_a-lock.o)
                0x0000000008007a66                __retarget_lock_init_recursive
 .text.__retarget_lock_acquire_recursive
                0x0000000008007a68        0x2 c:/st/stm32cubeide_1.3.0/stm32cubeide/plugins/com.st.stm32cube.ide.mcu.externaltools.gnu-tools-for-stm32.9-2020-q2-update.win32_2.0.0.202105311346/tools/bin/../lib/gcc/arm-none-eabi/9.3.1/../../../../arm-none-eabi/lib/thumb/v7e-m+fp/hard\libc_nano.a(lib_a-lock.o)
                0x0000000008007a68                __retarget_lock_acquire_recursive
 .text.__retarget_lock_release_recursive
                0x0000000008007a6a        0x2 c:/st/stm32cubeide_1.3.0/stm32cubeide/plugins/com.st.stm32cube.ide.mcu.externaltools.gnu-tools-for-stm32.9-2020-q2-update.win32_2.0.0.202105311346/tools/bin/../lib/gcc/arm-none-eabi/9.3.1/../../../../arm-none-eabi/lib/thumb/v7e-m+fp/hard\libc_nano.a(lib_a-lock.o)
                0x0000000008007a6a                __retarget_lock_release_recursive
 .text.__swhatbuf_r
                0x0000000008007a6c       0x48 c:/st/stm32cubeide_1.3.0/stm32cubeide/plugins/com.st.stm32cube.ide.mcu.externaltools.gnu-tools-for-stm32.9-2020-q2-update.win32_2.0.0.202105311346/tools/bin/../lib/gcc/arm-none-eabi/9.3.1/../../../../arm-none-eabi/lib/thumb/v7e-m+fp/hard\libc_nano.a(lib_a-makebuf.o)
                0x0000000008007a6c                __swhatbuf_r
 .text.__smakebuf_r
                0x0000000008007ab4       0x80 c:/st/stm32cubeide_1.3.0/stm32cubeide/plugins/com.st.stm32cube.ide.mcu.externaltools.gnu-tools-for-stm32.9-2020-q2-update.win32_2.0.0.202105311346/tools/bin/../lib/gcc/arm-none-eabi/9.3.1/../../../../arm-none-eabi/lib/thumb/v7e-m+fp/hard\libc_nano.a(lib_a-makebuf.o)
                0x0000000008007ab4                __smakebuf_r
 .text.memmove  0x0000000008007b34       0x34 c:/st/stm32cubeide_1.3.0/stm32cubeide/plugins/com.st.stm32cube.ide.mcu.externaltools.gnu-tools-for-stm32.9-2020-q2-update.win32_2.0.0.202105311346/tools/bin/../lib/gcc/arm-none-eabi/9.3.1/../../../../arm-none-eabi/lib/thumb/v7e-m+fp/hard\libc_nano.a(lib_a-memmove.o)
                0x0000000008007b34                memmove
 .text.__malloc_lock
                0x0000000008007b68        0xc c:/st/stm32cubeide_1.3.0/stm32cubeide/plugins/com.st.stm32cube.ide.mcu.externaltools.gnu-tools-for-stm32.9-2020-q2-update.win32_2.0.0.202105311346/tools/bin/../lib/gcc/arm-none-eabi/9.3.1/../../../../arm-none-eabi/lib/thumb/v7e-m+fp/hard\libc_nano.a(lib_a-mlock.o)
                0x0000000008007b68                __malloc_lock
 .text.__malloc_unlock
                0x0000000008007b74        0xc c:/st/stm32cubeide_1.3.0/stm32cubeide/plugins/com.st.stm32cube.ide.mcu.externaltools.gnu-tools-for-stm32.9-2020-q2-update.win32_2.0.0.202105311346/tools/bin/../lib/gcc/arm-none-eabi/9.3.1/../../../../arm-none-eabi/lib/thumb/v7e-m+fp/hard\libc_nano.a(lib_a-mlock.o)
                0x0000000008007b74                __malloc_unlock
 .text._realloc_r
                0x0000000008007b80       0x4c c:/st/stm32cubeide_1.3.0/stm32cubeide/plugins/com.st.stm32cube.ide.mcu.externaltools.gnu-tools-for-stm32.9-2020-q2-update.win32_2.0.0.202105311346/tools/bin/../lib/gcc/arm-none-eabi/9.3.1/../../../../arm-none-eabi/lib/thumb/v7e-m+fp/hard\libc_nano.a(lib_a-nano-reallocr.o)
                0x0000000008007b80                _realloc_r
 .text._raise_r
                0x0000000008007bcc       0x50 c:/st/stm32cubeide_1.3.0/stm32cubeide/plugins/com.st.stm32cube.ide.mcu.externaltools.gnu-tools-for-stm32.9-2020-q2-update.win32_2.0.0.202105311346/tools/bin/../lib/gcc/arm-none-eabi/9.3.1/../../../../arm-none-eabi/lib/thumb/v7e-m+fp/hard\libc_nano.a(lib_a-signal.o)
                0x0000000008007bcc                _raise_r
 .text.raise    0x0000000008007c1c       0x10 c:/st/stm32cubeide_1.3.0/stm32cubeide/plugins/com.st.stm32cube.ide.mcu.externaltools.gnu-tools-for-stm32.9-2020-q2-update.win32_2.0.0.202105311346/tools/bin/../lib/gcc/arm-none-eabi/9.3.1/../../../../arm-none-eabi/lib/thumb/v7e-m+fp/hard\libc_nano.a(lib_a-signal.o)
                0x0000000008007c1c                raise
 .text._kill_r  0x0000000008007c2c       0x24 c:/st/stm32cubeide_1.3.0/stm32cubeide/plugins/com.st.stm32cube.ide.mcu.externaltools.gnu-tools-for-stm32.9-2020-q2-update.win32_2.0.0.202105311346/tools/bin/../lib/gcc/arm-none-eabi/9.3.1/../../../../arm-none-eabi/lib/thumb/v7e-m+fp/hard\libc_nano.a(lib_a-signalr.o)
                0x0000000008007c2c                _kill_r
 .text._getpid_r
                0x0000000008007c50        0x4 c:/st/stm32cubeide_1.3.0/stm32cubeide/plugins/com.st.stm32cube.ide.mcu.externaltools.gnu-tools-for-stm32.9-2020-q2-update.win32_2.0.0.202105311346/tools/bin/../lib/gcc/arm-none-eabi/9.3.1/../../../../arm-none-eabi/lib/thumb/v7e-m+fp/hard\libc_nano.a(lib_a-signalr.o)
                0x0000000008007c50                _getpid_r
 .text.__sread  0x0000000008007c54       0x22 c:/st/stm32cubeide_1.3.0/stm32cubeide/plugins/com.st.stm32cube.ide.mcu.externaltools.gnu-tools-for-stm32.9-2020-q2-update.win32_2.0.0.202105311346/tools/bin/../lib/gcc/arm-none-eabi/9.3.1/../../../../arm-none-eabi/lib/thumb/v7e-m+fp/hard\libc_nano.a(lib_a-stdio.o)
                0x0000000008007c54                __sread
 .text.__swrite
                0x0000000008007c76       0x38 c:/st/stm32cubeide_1.3.0/stm32cubeide/plugins/com.st.stm32cube.ide.mcu.externaltools.gnu-tools-for-stm32.9-2020-q2-update.win32_2.0.0.202105311346/tools/bin/../lib/gcc/arm-none-eabi/9.3.1/../../../../arm-none-eabi/lib/thumb/v7e-m+fp/hard\libc_nano.a(lib_a-stdio.o)
                0x0000000008007c76                __swrite
 .text.__sseek  0x0000000008007cae       0x24 c:/st/stm32cubeide_1.3.0/stm32cubeide/plugins/com.st.stm32cube.ide.mcu.externaltools.gnu-tools-for-stm32.9-2020-q2-update.win32_2.0.0.202105311346/tools/bin/../lib/gcc/arm-none-eabi/9.3.1/../../../../arm-none-eabi/lib/thumb/v7e-m+fp/hard\libc_nano.a(lib_a-stdio.o)
                0x0000000008007cae                __sseek
 .text.__sclose
                0x0000000008007cd2        0x8 c:/st/stm32cubeide_1.3.0/stm32cubeide/plugins/com.st.stm32cube.ide.mcu.externaltools.gnu-tools-for-stm32.9-2020-q2-update.win32_2.0.0.202105311346/tools/bin/../lib/gcc/arm-none-eabi/9.3.1/../../../../arm-none-eabi/lib/thumb/v7e-m+fp/hard\libc_nano.a(lib_a-stdio.o)
                0x0000000008007cd2                __sclose
 *fill*         0x0000000008007cda        0x2 
 .text._close_r
                0x0000000008007cdc       0x20 c:/st/stm32cubeide_1.3.0/stm32cubeide/plugins/com.st.stm32cube.ide.mcu.externaltools.gnu-tools-for-stm32.9-2020-q2-update.win32_2.0.0.202105311346/tools/bin/../lib/gcc/arm-none-eabi/9.3.1/../../../../arm-none-eabi/lib/thumb/v7e-m+fp/hard\libc_nano.a(lib_a-closer.o)
                0x0000000008007cdc                _close_r
 .text._fstat_r
                0x0000000008007cfc       0x24 c:/st/stm32cubeide_1.3.0/stm32cubeide/plugins/com.st.stm32cube.ide.mcu.externaltools.gnu-tools-for-stm32.9-2020-q2-update.win32_2.0.0.202105311346/tools/bin/../lib/gcc/arm-none-eabi/9.3.1/../../../../arm-none-eabi/lib/thumb/v7e-m+fp/hard\libc_nano.a(lib_a-fstatr.o)
                0x0000000008007cfc                _fstat_r
 .text._isatty_r
                0x0000000008007d20       0x20 c:/st/stm32cubeide_1.3.0/stm32cubeide/plugins/com.st.stm32cube.ide.mcu.externaltools.gnu-tools-for-stm32.9-2020-q2-update.win32_2.0.0.202105311346/tools/bin/../lib/gcc/arm-none-eabi/9.3.1/../../../../arm-none-eabi/lib/thumb/v7e-m+fp/hard\libc_nano.a(lib_a-isattyr.o)
                0x0000000008007d20                _isatty_r
 .text._lseek_r
                0x0000000008007d40       0x24 c:/st/stm32cubeide_1.3.0/stm32cubeide/plugins/com.st.stm32cube.ide.mcu.externaltools.gnu-tools-for-stm32.9-2020-q2-update.win32_2.0.0.202105311346/tools/bin/../lib/gcc/arm-none-eabi/9.3.1/../../../../arm-none-eabi/lib/thumb/v7e-m+fp/hard\libc_nano.a(lib_a-lseekr.o)
                0x0000000008007d40                _lseek_r
 .text._malloc_usable_size_r
                0x0000000008007d64       0x10 c:/st/stm32cubeide_1.3.0/stm32cubeide/plugins/com.st.stm32cube.ide.mcu.externaltools.gnu-tools-for-stm32.9-2020-q2-update.win32_2.0.0.202105311346/tools/bin/../lib/gcc/arm-none-eabi/9.3.1/../../../../arm-none-eabi/lib/thumb/v7e-m+fp/hard\libc_nano.a(lib_a-nano-msizer.o)
                0x0000000008007d64                _malloc_usable_size_r
 .text._read_r  0x0000000008007d74       0x24 c:/st/stm32cubeide_1.3.0/stm32cubeide/plugins/com.st.stm32cube.ide.mcu.externaltools.gnu-tools-for-stm32.9-2020-q2-update.win32_2.0.0.202105311346/tools/bin/../lib/gcc/arm-none-eabi/9.3.1/../../../../arm-none-eabi/lib/thumb/v7e-m+fp/hard\libc_nano.a(lib_a-readr.o)
                0x0000000008007d74                _read_r
 *(.glue_7)
 .glue_7        0x0000000008007d98        0x0 linker stubs
 *(.glue_7t)
 .glue_7t       0x0000000008007d98        0x0 linker stubs
 *(.eh_frame)
 .eh_frame      0x0000000008007d98        0x0 c:/st/stm32cubeide_1.3.0/stm32cubeide/plugins/com.st.stm32cube.ide.mcu.externaltools.gnu-tools-for-stm32.9-2020-q2-update.win32_2.0.0.202105311346/tools/bin/../lib/gcc/arm-none-eabi/9.3.1/thumb/v7e-m+fp/hard/crtbegin.o
 *(.init)
 .init          0x0000000008007d98        0x4 c:/st/stm32cubeide_1.3.0/stm32cubeide/plugins/com.st.stm32cube.ide.mcu.externaltools.gnu-tools-for-stm32.9-2020-q2-update.win32_2.0.0.202105311346/tools/bin/../lib/gcc/arm-none-eabi/9.3.1/thumb/v7e-m+fp/hard/crti.o
                0x0000000008007d98                _init
 .init          0x0000000008007d9c        0x8 c:/st/stm32cubeide_1.3.0/stm32cubeide/plugins/com.st.stm32cube.ide.mcu.externaltools.gnu-tools-for-stm32.9-2020-q2-update.win32_2.0.0.202105311346/tools/bin/../lib/gcc/arm-none-eabi/9.3.1/thumb/v7e-m+fp/hard/crtn.o
 *(.fini)
 .fini          0x0000000008007da4        0x4 c:/st/stm32cubeide_1.3.0/stm32cubeide/plugins/com.st.stm32cube.ide.mcu.externaltools.gnu-tools-for-stm32.9-2020-q2-update.win32_2.0.0.202105311346/tools/bin/../lib/gcc/arm-none-eabi/9.3.1/thumb/v7e-m+fp/hard/crti.o
                0x0000000008007da4                _fini
 .fini          0x0000000008007da8        0x8 c:/st/stm32cubeide_1.3.0/stm32cubeide/plugins/com.st.stm32cube.ide.mcu.externaltools.gnu-tools-for-stm32.9-2020-q2-update.win32_2.0.0.202105311346/tools/bin/../lib/gcc/arm-none-eabi/9.3.1/thumb/v7e-m+fp/hard/crtn.o
                0x0000000008007db0                . = ALIGN (0x4)
                0x0000000008007db0                _etext = .

.vfp11_veneer   0x0000000008007db0        0x0
 .vfp11_veneer  0x0000000008007db0        0x0 linker stubs

.v4_bx          0x0000000008007db0        0x0
 .v4_bx         0x0000000008007db0        0x0 linker stubs

.iplt           0x0000000008007db0        0x0
 .iplt          0x0000000008007db0        0x0 c:/st/stm32cubeide_1.3.0/stm32cubeide/plugins/com.st.stm32cube.ide.mcu.externaltools.gnu-tools-for-stm32.9-2020-q2-update.win32_2.0.0.202105311346/tools/bin/../lib/gcc/arm-none-eabi/9.3.1/thumb/v7e-m+fp/hard/crtbegin.o

.rodata         0x0000000008007db0      0x288
                0x0000000008007db0                . = ALIGN (0x4)
 *(.rodata)
 .rodata        0x0000000008007db0       0x7e ./Core/Src/main.o
 *fill*         0x0000000008007e2e        0x2 
 .rodata        0x0000000008007e30        0x5 ./common/thirdparty/FreeRTOS/tasks.o
 *fill*         0x0000000008007e35        0x3 
 .rodata        0x0000000008007e38        0xd ./common/thirdparty/FreeRTOS/timers.o
 *fill*         0x0000000008007e45        0x3 
 .rodata        0x0000000008007e48       0x51 ./common/thirdparty/SEGGER/Config/SEGGER_SYSVIEW_Config_FreeRTOS.o
 *fill*         0x0000000008007e99        0x3 
 .rodata        0x0000000008007e9c       0x17 ./common/thirdparty/SEGGER/SEGGER/SEGGER_RTT.o
 *fill*         0x0000000008007eb3        0x1 
 .rodata        0x0000000008007eb4        0x8 ./common/thirdparty/SEGGER/SEGGER/SEGGER_SYSVIEW.o
 *(.rodata*)
 .rodata.AHBPrescTable
                0x0000000008007ebc       0x10 ./Core/Src/system_stm32f4xx.o
                0x0000000008007ebc                AHBPrescTable
 .rodata.APBPrescTable
                0x0000000008007ecc        0x8 ./Core/Src/system_stm32f4xx.o
                0x0000000008007ecc                APBPrescTable
 .rodata.SYSVIEW_X_OS_TraceAPI
                0x0000000008007ed4        0x8 ./common/thirdparty/SEGGER/OS/SEGGER_SYSVIEW_FreeRTOS.o
                0x0000000008007ed4                SYSVIEW_X_OS_TraceAPI
 .rodata._abHelloMsg
                0x0000000008007edc        0x4 ./common/thirdparty/SEGGER/Rec/segger_uart.o
 .rodata._abSync
                0x0000000008007ee0        0xa ./common/thirdparty/SEGGER/SEGGER/SEGGER_SYSVIEW.o
 *fill*         0x0000000008007eea        0x2 
 .rodata._global_impure_ptr
                0x0000000008007eec        0x4 c:/st/stm32cubeide_1.3.0/stm32cubeide/plugins/com.st.stm32cube.ide.mcu.externaltools.gnu-tools-for-stm32.9-2020-q2-update.win32_2.0.0.202105311346/tools/bin/../lib/gcc/arm-none-eabi/9.3.1/../../../../arm-none-eabi/lib/thumb/v7e-m+fp/hard\libc_nano.a(lib_a-impure.o)
                0x0000000008007eec                _global_impure_ptr
 .rodata.srand.str1.1
                0x0000000008007ef0       0x76 c:/st/stm32cubeide_1.3.0/stm32cubeide/plugins/com.st.stm32cube.ide.mcu.externaltools.gnu-tools-for-stm32.9-2020-q2-update.win32_2.0.0.202105311346/tools/bin/../lib/gcc/arm-none-eabi/9.3.1/../../../../arm-none-eabi/lib/thumb/v7e-m+fp/hard\libc_nano.a(lib_a-rand.o)
 .rodata.__assert_func.str1.1
                0x0000000008007f66       0x3c c:/st/stm32cubeide_1.3.0/stm32cubeide/plugins/com.st.stm32cube.ide.mcu.externaltools.gnu-tools-for-stm32.9-2020-q2-update.win32_2.0.0.202105311346/tools/bin/../lib/gcc/arm-none-eabi/9.3.1/../../../../arm-none-eabi/lib/thumb/v7e-m+fp/hard\libc_nano.a(lib_a-assert.o)
                                         0x3d (size before relaxing)
 .rodata._svfprintf_r.str1.1
                0x0000000008007fa2       0x11 c:/st/stm32cubeide_1.3.0/stm32cubeide/plugins/com.st.stm32cube.ide.mcu.externaltools.gnu-tools-for-stm32.9-2020-q2-update.win32_2.0.0.202105311346/tools/bin/../lib/gcc/arm-none-eabi/9.3.1/../../../../arm-none-eabi/lib/thumb/v7e-m+fp/hard\libc_nano.a(lib_a-nano-svfprintf.o)
 .rodata._vfprintf_r.str1.1
                0x0000000008007fb3       0x11 c:/st/stm32cubeide_1.3.0/stm32cubeide/plugins/com.st.stm32cube.ide.mcu.externaltools.gnu-tools-for-stm32.9-2020-q2-update.win32_2.0.0.202105311346/tools/bin/../lib/gcc/arm-none-eabi/9.3.1/../../../../arm-none-eabi/lib/thumb/v7e-m+fp/hard\libc_nano.a(lib_a-nano-vfprintf.o)
 .rodata._printf_i.str1.1
                0x0000000008007fb3       0x22 c:/st/stm32cubeide_1.3.0/stm32cubeide/plugins/com.st.stm32cube.ide.mcu.externaltools.gnu-tools-for-stm32.9-2020-q2-update.win32_2.0.0.202105311346/tools/bin/../lib/gcc/arm-none-eabi/9.3.1/../../../../arm-none-eabi/lib/thumb/v7e-m+fp/hard\libc_nano.a(lib_a-nano-vfprintf_i.o)
 *fill*         0x0000000008007fd5        0x3 
 .rodata.__sf_fake_stderr
                0x0000000008007fd8       0x20 c:/st/stm32cubeide_1.3.0/stm32cubeide/plugins/com.st.stm32cube.ide.mcu.externaltools.gnu-tools-for-stm32.9-2020-q2-update.win32_2.0.0.202105311346/tools/bin/../lib/gcc/arm-none-eabi/9.3.1/../../../../arm-none-eabi/lib/thumb/v7e-m+fp/hard\libc_nano.a(lib_a-findfp.o)
                0x0000000008007fd8                __sf_fake_stderr
 .rodata.__sf_fake_stdin
                0x0000000008007ff8       0x20 c:/st/stm32cubeide_1.3.0/stm32cubeide/plugins/com.st.stm32cube.ide.mcu.externaltools.gnu-tools-for-stm32.9-2020-q2-update.win32_2.0.0.202105311346/tools/bin/../lib/gcc/arm-none-eabi/9.3.1/../../../../arm-none-eabi/lib/thumb/v7e-m+fp/hard\libc_nano.a(lib_a-findfp.o)
                0x0000000008007ff8                __sf_fake_stdin
 .rodata.__sf_fake_stdout
                0x0000000008008018       0x20 c:/st/stm32cubeide_1.3.0/stm32cubeide/plugins/com.st.stm32cube.ide.mcu.externaltools.gnu-tools-for-stm32.9-2020-q2-update.win32_2.0.0.202105311346/tools/bin/../lib/gcc/arm-none-eabi/9.3.1/../../../../arm-none-eabi/lib/thumb/v7e-m+fp/hard\libc_nano.a(lib_a-findfp.o)
                0x0000000008008018                __sf_fake_stdout
                0x0000000008008038                . = ALIGN (0x4)

.ARM.extab      0x0000000008008038        0x0
                0x0000000008008038                . = ALIGN (0x4)
 *(.ARM.extab* .gnu.linkonce.armextab.*)
                0x0000000008008038                . = ALIGN (0x4)

.ARM            0x0000000008008038        0x8
                0x0000000008008038                . = ALIGN (0x4)
                0x0000000008008038                __exidx_start = .
 *(.ARM.exidx*)
 .ARM.exidx     0x0000000008008038        0x8 c:/st/stm32cubeide_1.3.0/stm32cubeide/plugins/com.st.stm32cube.ide.mcu.externaltools.gnu-tools-for-stm32.9-2020-q2-update.win32_2.0.0.202105311346/tools/bin/../lib/gcc/arm-none-eabi/9.3.1/thumb/v7e-m+fp/hard\libgcc.a(_udivmoddi4.o)
                0x0000000008008040                __exidx_end = .
                0x0000000008008040                . = ALIGN (0x4)

.rel.dyn        0x0000000008008040        0x0
 .rel.iplt      0x0000000008008040        0x0 c:/st/stm32cubeide_1.3.0/stm32cubeide/plugins/com.st.stm32cube.ide.mcu.externaltools.gnu-tools-for-stm32.9-2020-q2-update.win32_2.0.0.202105311346/tools/bin/../lib/gcc/arm-none-eabi/9.3.1/thumb/v7e-m+fp/hard/crtbegin.o

.preinit_array  0x0000000008008040        0x0
                0x0000000008008040                . = ALIGN (0x4)
                0x0000000008008040                PROVIDE (__preinit_array_start = .)
 *(.preinit_array*)
                0x0000000008008040                PROVIDE (__preinit_array_end = .)
                0x0000000008008040                . = ALIGN (0x4)

.init_array     0x0000000008008040        0x4
                0x0000000008008040                . = ALIGN (0x4)
                0x0000000008008040                PROVIDE (__init_array_start = .)
 *(SORT_BY_NAME(.init_array.*))
 *(.init_array*)
 .init_array    0x0000000008008040        0x4 c:/st/stm32cubeide_1.3.0/stm32cubeide/plugins/com.st.stm32cube.ide.mcu.externaltools.gnu-tools-for-stm32.9-2020-q2-update.win32_2.0.0.202105311346/tools/bin/../lib/gcc/arm-none-eabi/9.3.1/thumb/v7e-m+fp/hard/crtbegin.o
                0x0000000008008044                PROVIDE (__init_array_end = .)
                0x0000000008008044                . = ALIGN (0x4)

.fini_array     0x0000000008008044        0x4
                0x0000000008008044                . = ALIGN (0x4)
                [!provide]                        PROVIDE (__fini_array_start = .)
 *(SORT_BY_NAME(.fini_array.*))
 *(.fini_array*)
 .fini_array    0x0000000008008044        0x4 c:/st/stm32cubeide_1.3.0/stm32cubeide/plugins/com.st.stm32cube.ide.mcu.externaltools.gnu-tools-for-stm32.9-2020-q2-update.win32_2.0.0.202105311346/tools/bin/../lib/gcc/arm-none-eabi/9.3.1/thumb/v7e-m+fp/hard/crtbegin.o
                [!provide]                        PROVIDE (__fini_array_end = .)
                0x0000000008008048                . = ALIGN (0x4)
                0x0000000008008048                _sidata = LOADADDR (.data)

.data           0x0000000020000000       0x80 load address 0x0000000008008048
                0x0000000020000000                . = ALIGN (0x4)
                0x0000000020000000                _sdata = .
 *(.data)
 *(.data*)
 .data.SystemCoreClock
                0x0000000020000000        0x4 ./Core/Src/system_stm32f4xx.o
                0x0000000020000000                SystemCoreClock
 .data.uwTickPrio
                0x0000000020000004        0x4 ./Drivers/STM32F4xx_HAL_Driver/Src/stm32f4xx_hal.o
                0x0000000020000004                uwTickPrio
 .data.uwTickFreq
                0x0000000020000008        0x1 ./Drivers/STM32F4xx_HAL_Driver/Src/stm32f4xx_hal.o
                0x0000000020000008                uwTickFreq
 *fill*         0x0000000020000009        0x3 
 .data.uxTopUsedPriority
                0x000000002000000c        0x4 ./common/thirdparty/FreeRTOS/tasks.o
                0x000000002000000c                uxTopUsedPriority
 .data.uxCriticalNesting
                0x0000000020000010        0x4 ./common/thirdparty/FreeRTOS/portable/GCC/ARM_CM4F/port.o
 .data._SVInfo  0x0000000020000014        0x8 ./common/thirdparty/SEGGER/Rec/segger_uart.o
 .data._impure_ptr
                0x000000002000001c        0x4 c:/st/stm32cubeide_1.3.0/stm32cubeide/plugins/com.st.stm32cube.ide.mcu.externaltools.gnu-tools-for-stm32.9-2020-q2-update.win32_2.0.0.202105311346/tools/bin/../lib/gcc/arm-none-eabi/9.3.1/../../../../arm-none-eabi/lib/thumb/v7e-m+fp/hard\libc_nano.a(lib_a-impure.o)
                0x000000002000001c                _impure_ptr
 .data.impure_data
                0x0000000020000020       0x60 c:/st/stm32cubeide_1.3.0/stm32cubeide/plugins/com.st.stm32cube.ide.mcu.externaltools.gnu-tools-for-stm32.9-2020-q2-update.win32_2.0.0.202105311346/tools/bin/../lib/gcc/arm-none-eabi/9.3.1/../../../../arm-none-eabi/lib/thumb/v7e-m+fp/hard\libc_nano.a(lib_a-impure.o)
 *(.RamFunc)
 *(.RamFunc*)
                0x0000000020000080                . = ALIGN (0x4)
                0x0000000020000080                _edata = .

.igot.plt       0x0000000020000080        0x0 load address 0x00000000080080c8
 .igot.plt      0x0000000020000080        0x0 c:/st/stm32cubeide_1.3.0/stm32cubeide/plugins/com.st.stm32cube.ide.mcu.externaltools.gnu-tools-for-stm32.9-2020-q2-update.win32_2.0.0.202105311346/tools/bin/../lib/gcc/arm-none-eabi/9.3.1/thumb/v7e-m+fp/hard/crtbegin.o
                0x0000000020000080                . = ALIGN (0x4)

.bss            0x0000000020000080    0x144b8 load address 0x00000000080080c8
                0x0000000020000080                _sbss = .
                0x0000000020000080                __bss_start__ = _sbss
 *(.bss)
 .bss           0x0000000020000080       0x1c c:/st/stm32cubeide_1.3.0/stm32cubeide/plugins/com.st.stm32cube.ide.mcu.externaltools.gnu-tools-for-stm32.9-2020-q2-update.win32_2.0.0.202105311346/tools/bin/../lib/gcc/arm-none-eabi/9.3.1/thumb/v7e-m+fp/hard/crtbegin.o
 *(.bss*)
 .bss.__sbrk_heap_end
                0x000000002000009c        0x4 ./Core/Src/sysmem.o
 .bss.pxCurrentTCB
                0x00000000200000a0        0x4 ./common/thirdparty/FreeRTOS/tasks.o
                0x00000000200000a0                pxCurrentTCB
 .bss.pxReadyTasksLists
                0x00000000200000a4       0x64 ./common/thirdparty/FreeRTOS/tasks.o
 .bss.xDelayedTaskList1
                0x0000000020000108       0x14 ./common/thirdparty/FreeRTOS/tasks.o
 .bss.xDelayedTaskList2
                0x000000002000011c       0x14 ./common/thirdparty/FreeRTOS/tasks.o
 .bss.pxDelayedTaskList
                0x0000000020000130        0x4 ./common/thirdparty/FreeRTOS/tasks.o
 .bss.pxOverflowDelayedTaskList
                0x0000000020000134        0x4 ./common/thirdparty/FreeRTOS/tasks.o
 .bss.xPendingReadyList
                0x0000000020000138       0x14 ./common/thirdparty/FreeRTOS/tasks.o
 .bss.xTasksWaitingTermination
                0x000000002000014c       0x14 ./common/thirdparty/FreeRTOS/tasks.o
 .bss.uxDeletedTasksWaitingCleanUp
                0x0000000020000160        0x4 ./common/thirdparty/FreeRTOS/tasks.o
 .bss.xSuspendedTaskList
                0x0000000020000164       0x14 ./common/thirdparty/FreeRTOS/tasks.o
 .bss.uxCurrentNumberOfTasks
                0x0000000020000178        0x4 ./common/thirdparty/FreeRTOS/tasks.o
 .bss.xTickCount
                0x000000002000017c        0x4 ./common/thirdparty/FreeRTOS/tasks.o
 .bss.uxTopReadyPriority
                0x0000000020000180        0x4 ./common/thirdparty/FreeRTOS/tasks.o
 .bss.xSchedulerRunning
                0x0000000020000184        0x4 ./common/thirdparty/FreeRTOS/tasks.o
 .bss.xPendedTicks
                0x0000000020000188        0x4 ./common/thirdparty/FreeRTOS/tasks.o
 .bss.xYieldPending
                0x000000002000018c        0x4 ./common/thirdparty/FreeRTOS/tasks.o
 .bss.xNumOfOverflows
                0x0000000020000190        0x4 ./common/thirdparty/FreeRTOS/tasks.o
 .bss.uxTaskNumber
                0x0000000020000194        0x4 ./common/thirdparty/FreeRTOS/tasks.o
 .bss.xNextTaskUnblockTime
                0x0000000020000198        0x4 ./common/thirdparty/FreeRTOS/tasks.o
 .bss.xIdleTaskHandle
                0x000000002000019c        0x4 ./common/thirdparty/FreeRTOS/tasks.o
 .bss.uxSchedulerSuspended
                0x00000000200001a0        0x4 ./common/thirdparty/FreeRTOS/tasks.o
 .bss.xActiveTimerList1
                0x00000000200001a4       0x14 ./common/thirdparty/FreeRTOS/timers.o
 .bss.xActiveTimerList2
                0x00000000200001b8       0x14 ./common/thirdparty/FreeRTOS/timers.o
 .bss.pxCurrentTimerList
                0x00000000200001cc        0x4 ./common/thirdparty/FreeRTOS/timers.o
 .bss.pxOverflowTimerList
                0x00000000200001d0        0x4 ./common/thirdparty/FreeRTOS/timers.o
 .bss.xTimerQueue
                0x00000000200001d4        0x4 ./common/thirdparty/FreeRTOS/timers.o
 .bss.xTimerTaskHandle
                0x00000000200001d8        0x4 ./common/thirdparty/FreeRTOS/timers.o
 .bss.xLastTime.6906
                0x00000000200001dc        0x4 ./common/thirdparty/FreeRTOS/timers.o
 .bss.ucMaxSysCallPriority
                0x00000000200001e0        0x1 ./common/thirdparty/FreeRTOS/portable/GCC/ARM_CM4F/port.o
 *fill*         0x00000000200001e1        0x3 
 .bss.ulMaxPRIGROUPValue
                0x00000000200001e4        0x4 ./common/thirdparty/FreeRTOS/portable/GCC/ARM_CM4F/port.o
 .bss.ucHeap    0x00000000200001e8    0x12c00 ./common/thirdparty/FreeRTOS/portable/MemMang/heap_4.o
 .bss.xStart    0x0000000020012de8        0x8 ./common/thirdparty/FreeRTOS/portable/MemMang/heap_4.o
 .bss.pxEnd     0x0000000020012df0        0x4 ./common/thirdparty/FreeRTOS/portable/MemMang/heap_4.o
 .bss.xFreeBytesRemaining
                0x0000000020012df4        0x4 ./common/thirdparty/FreeRTOS/portable/MemMang/heap_4.o
 .bss.xMinimumEverFreeBytesRemaining
                0x0000000020012df8        0x4 ./common/thirdparty/FreeRTOS/portable/MemMang/heap_4.o
 .bss.xNumberOfSuccessfulAllocations
                0x0000000020012dfc        0x4 ./common/thirdparty/FreeRTOS/portable/MemMang/heap_4.o
 .bss.xNumberOfSuccessfulFrees
                0x0000000020012e00        0x4 ./common/thirdparty/FreeRTOS/portable/MemMang/heap_4.o
 .bss.xBlockAllocatedBit
                0x0000000020012e04        0x4 ./common/thirdparty/FreeRTOS/portable/MemMang/heap_4.o
 .bss._aTasks   0x0000000020012e08       0xa0 ./common/thirdparty/SEGGER/OS/SEGGER_SYSVIEW_FreeRTOS.o
 .bss._NumTasks
                0x0000000020012ea8        0x4 ./common/thirdparty/SEGGER/OS/SEGGER_SYSVIEW_FreeRTOS.o
 .bss._cbOnRx   0x0000000020012eac        0x4 ./common/thirdparty/SEGGER/Rec/segger_uart.o
 .bss._cbOnTx   0x0000000020012eb0        0x4 ./common/thirdparty/SEGGER/Rec/segger_uart.o
 .bss._acUpBuffer
                0x0000000020012eb4      0x400 ./common/thirdparty/SEGGER/SEGGER/SEGGER_RTT.o
 .bss._acDownBuffer
                0x00000000200132b4       0x10 ./common/thirdparty/SEGGER/SEGGER/SEGGER_RTT.o
 .bss._UpBuffer
                0x00000000200132c4     0x1000 ./common/thirdparty/SEGGER/SEGGER/SEGGER_SYSVIEW.o
 .bss._DownBuffer
                0x00000000200142c4        0x8 ./common/thirdparty/SEGGER/SEGGER/SEGGER_SYSVIEW.o
 .bss._SYSVIEW_Globals
                0x00000000200142cc       0x28 ./common/thirdparty/SEGGER/SEGGER/SEGGER_SYSVIEW.o
 .bss._pFirstModule
                0x00000000200142f4        0x4 ./common/thirdparty/SEGGER/SEGGER/SEGGER_SYSVIEW.o
 .bss._NumModules
                0x00000000200142f8        0x1 ./common/thirdparty/SEGGER/SEGGER/SEGGER_SYSVIEW.o
 *fill*         0x00000000200142f9        0x3 
 .bss._aPacket  0x00000000200142fc       0xe3 ./common/thirdparty/SEGGER/SEGGER/SEGGER_SYSVIEW.o
 *fill*         0x00000000200143df        0x1 
 .bss.__malloc_free_list
                0x00000000200143e0        0x4 c:/st/stm32cubeide_1.3.0/stm32cubeide/plugins/com.st.stm32cube.ide.mcu.externaltools.gnu-tools-for-stm32.9-2020-q2-update.win32_2.0.0.202105311346/tools/bin/../lib/gcc/arm-none-eabi/9.3.1/../../../../arm-none-eabi/lib/thumb/v7e-m+fp/hard\libc_nano.a(lib_a-nano-mallocr.o)
                0x00000000200143e0                __malloc_free_list
 .bss.__malloc_sbrk_start
                0x00000000200143e4        0x4 c:/st/stm32cubeide_1.3.0/stm32cubeide/plugins/com.st.stm32cube.ide.mcu.externaltools.gnu-tools-for-stm32.9-2020-q2-update.win32_2.0.0.202105311346/tools/bin/../lib/gcc/arm-none-eabi/9.3.1/../../../../arm-none-eabi/lib/thumb/v7e-m+fp/hard\libc_nano.a(lib_a-nano-mallocr.o)
                0x00000000200143e4                __malloc_sbrk_start
 *(COMMON)
 COMMON         0x00000000200143e8       0x54 ./Core/Src/main.o
                0x00000000200143e8                handle_employee_task
                0x00000000200143ec                handle_manager_task
                0x00000000200143f0                xWorkQueue
                0x00000000200143f4                xWork
                0x00000000200143f8                huart2
 COMMON         0x000000002001443c        0x4 ./Drivers/STM32F4xx_HAL_Driver/Src/stm32f4xx_hal.o
                0x000000002001443c                uwTick
 COMMON         0x0000000020014440       0x40 ./common/thirdparty/FreeRTOS/queue.o
                0x0000000020014440                xQueueRegistry
 COMMON         0x0000000020014480       0xa8 ./common/thirdparty/SEGGER/SEGGER/SEGGER_RTT.o
                0x0000000020014480                _SEGGER_RTT
 COMMON         0x0000000020014528        0x9 c:/st/stm32cubeide_1.3.0/stm32cubeide/plugins/com.st.stm32cube.ide.mcu.externaltools.gnu-tools-for-stm32.9-2020-q2-update.win32_2.0.0.202105311346/tools/bin/../lib/gcc/arm-none-eabi/9.3.1/../../../../arm-none-eabi/lib/thumb/v7e-m+fp/hard\libc_nano.a(lib_a-lock.o)
                0x0000000020014528                __lock___atexit_recursive_mutex
                0x0000000020014529                __lock___arc4random_mutex
                0x000000002001452a                __lock___env_recursive_mutex
                0x000000002001452b                __lock___sinit_recursive_mutex
                0x000000002001452c                __lock___malloc_recursive_mutex
                0x000000002001452d                __lock___at_quick_exit_mutex
                0x000000002001452e                __lock___dd_hash_mutex
                0x000000002001452f                __lock___tz_mutex
                0x0000000020014530                __lock___sfp_recursive_mutex
 *fill*         0x0000000020014531        0x3 
 COMMON         0x0000000020014534        0x4 c:/st/stm32cubeide_1.3.0/stm32cubeide/plugins/com.st.stm32cube.ide.mcu.externaltools.gnu-tools-for-stm32.9-2020-q2-update.win32_2.0.0.202105311346/tools/bin/../lib/gcc/arm-none-eabi/9.3.1/../../../../arm-none-eabi/lib/thumb/v7e-m+fp/hard\libc_nano.a(lib_a-reent.o)
                0x0000000020014534                errno
                0x0000000020014538                . = ALIGN (0x4)
                0x0000000020014538                _ebss = .
                0x0000000020014538                __bss_end__ = _ebss

._user_heap_stack
                0x0000000020014538      0x600 load address 0x00000000080080c8
                0x0000000020014538                . = ALIGN (0x8)
                [!provide]                        PROVIDE (end = .)
                0x0000000020014538                PROVIDE (_end = .)
                0x0000000020014738                . = (. + _Min_Heap_Size)
 *fill*         0x0000000020014538      0x200 
                0x0000000020014b38                . = (. + _Min_Stack_Size)
 *fill*         0x0000000020014738      0x400 
                0x0000000020014b38                . = ALIGN (0x8)

/DISCARD/
 libc.a(*)
 libm.a(*)
 libgcc.a(*)

.ARM.attributes
                0x0000000000000000       0x30
 *(.ARM.attributes)
 .ARM.attributes
                0x0000000000000000       0x1e c:/st/stm32cubeide_1.3.0/stm32cubeide/plugins/com.st.stm32cube.ide.mcu.externaltools.gnu-tools-for-stm32.9-2020-q2-update.win32_2.0.0.202105311346/tools/bin/../lib/gcc/arm-none-eabi/9.3.1/thumb/v7e-m+fp/hard/crti.o
 .ARM.attributes
                0x000000000000001e       0x34 c:/st/stm32cubeide_1.3.0/stm32cubeide/plugins/com.st.stm32cube.ide.mcu.externaltools.gnu-tools-for-stm32.9-2020-q2-update.win32_2.0.0.202105311346/tools/bin/../lib/gcc/arm-none-eabi/9.3.1/thumb/v7e-m+fp/hard/crtbegin.o
 .ARM.attributes
                0x0000000000000052       0x34 ./Core/Src/main.o
 .ARM.attributes
                0x0000000000000086       0x34 ./Core/Src/stm32f4xx_hal_msp.o
 .ARM.attributes
                0x00000000000000ba       0x34 ./Core/Src/stm32f4xx_it.o
 .ARM.attributes
                0x00000000000000ee       0x34 ./Core/Src/syscalls.o
 .ARM.attributes
                0x0000000000000122       0x34 ./Core/Src/sysmem.o
 .ARM.attributes
                0x0000000000000156       0x34 ./Core/Src/system_stm32f4xx.o
 .ARM.attributes
                0x000000000000018a       0x21 ./Core/Startup/startup_stm32f446retx.o
 .ARM.attributes
                0x00000000000001ab       0x34 ./Drivers/STM32F4xx_HAL_Driver/Src/stm32f4xx_hal.o
 .ARM.attributes
                0x00000000000001df       0x34 ./Drivers/STM32F4xx_HAL_Driver/Src/stm32f4xx_hal_cortex.o
 .ARM.attributes
                0x0000000000000213       0x34 ./Drivers/STM32F4xx_HAL_Driver/Src/stm32f4xx_hal_gpio.o
 .ARM.attributes
                0x0000000000000247       0x34 ./Drivers/STM32F4xx_HAL_Driver/Src/stm32f4xx_hal_rcc.o
 .ARM.attributes
                0x000000000000027b       0x34 ./Drivers/STM32F4xx_HAL_Driver/Src/stm32f4xx_hal_rcc_ex.o
 .ARM.attributes
                0x00000000000002af       0x34 ./Drivers/STM32F4xx_HAL_Driver/Src/stm32f4xx_hal_uart.o
 .ARM.attributes
                0x00000000000002e3       0x34 ./common/thirdparty/FreeRTOS/list.o
 .ARM.attributes
                0x0000000000000317       0x34 ./common/thirdparty/FreeRTOS/queue.o
 .ARM.attributes
                0x000000000000034b       0x34 ./common/thirdparty/FreeRTOS/tasks.o
 .ARM.attributes
                0x000000000000037f       0x34 ./common/thirdparty/FreeRTOS/timers.o
 .ARM.attributes
                0x00000000000003b3       0x34 ./common/thirdparty/FreeRTOS/portable/GCC/ARM_CM4F/port.o
 .ARM.attributes
                0x00000000000003e7       0x34 ./common/thirdparty/FreeRTOS/portable/MemMang/heap_4.o
 .ARM.attributes
                0x000000000000041b       0x34 ./common/thirdparty/SEGGER/Config/SEGGER_SYSVIEW_Config_FreeRTOS.o
 .ARM.attributes
                0x000000000000044f       0x34 ./common/thirdparty/SEGGER/OS/SEGGER_SYSVIEW_FreeRTOS.o
 .ARM.attributes
                0x0000000000000483       0x34 ./common/thirdparty/SEGGER/Rec/segger_uart.o
 .ARM.attributes
                0x00000000000004b7       0x34 ./common/thirdparty/SEGGER/SEGGER/SEGGER_RTT.o
 .ARM.attributes
                0x00000000000004eb       0x20 ./common/thirdparty/SEGGER/SEGGER/SEGGER_RTT_ASM_ARMv7M.o
 .ARM.attributes
                0x000000000000050b       0x34 ./common/thirdparty/SEGGER/SEGGER/SEGGER_SYSVIEW.o
 .ARM.attributes
                0x000000000000053f       0x34 ./common/thirdparty/SEGGER/SEGGER/Syscalls/SEGGER_RTT_Syscalls_GCC.o
 .ARM.attributes
                0x0000000000000573       0x34 c:/st/stm32cubeide_1.3.0/stm32cubeide/plugins/com.st.stm32cube.ide.mcu.externaltools.gnu-tools-for-stm32.9-2020-q2-update.win32_2.0.0.202105311346/tools/bin/../lib/gcc/arm-none-eabi/9.3.1/../../../../arm-none-eabi/lib/thumb/v7e-m+fp/hard\libc_nano.a(lib_a-errno.o)
 .ARM.attributes
                0x00000000000005a7       0x32 c:/st/stm32cubeide_1.3.0/stm32cubeide/plugins/com.st.stm32cube.ide.mcu.externaltools.gnu-tools-for-stm32.9-2020-q2-update.win32_2.0.0.202105311346/tools/bin/../lib/gcc/arm-none-eabi/9.3.1/../../../../arm-none-eabi/lib/thumb/v7e-m+fp/hard\libc_nano.a(lib_a-impure.o)
 .ARM.attributes
                0x00000000000005d9       0x34 c:/st/stm32cubeide_1.3.0/stm32cubeide/plugins/com.st.stm32cube.ide.mcu.externaltools.gnu-tools-for-stm32.9-2020-q2-update.win32_2.0.0.202105311346/tools/bin/../lib/gcc/arm-none-eabi/9.3.1/../../../../arm-none-eabi/lib/thumb/v7e-m+fp/hard\libc_nano.a(lib_a-init.o)
 .ARM.attributes